Archive member included to satisfy reference by file (symbol)

d:/mounriver/mounriver_studio/toolchain/risc-v embedded gcc/bin/../lib/gcc/riscv-none-embed/8.2.0/rv32imac/ilp32\libgcc.a(adddf3.o)
                              ./USER/main.o (__adddf3)
d:/mounriver/mounriver_studio/toolchain/risc-v embedded gcc/bin/../lib/gcc/riscv-none-embed/8.2.0/rv32imac/ilp32\libgcc.a(eqdf2.o)
                              ./Libraries/seekfree_peripheral/SEEKFREE_PRINTF.o (__nedf2)
d:/mounriver/mounriver_studio/toolchain/risc-v embedded gcc/bin/../lib/gcc/riscv-none-embed/8.2.0/rv32imac/ilp32\libgcc.a(ledf2.o)
                              ./Libraries/seekfree_peripheral/SEEKFREE_18TFT.o (__ltdf2)
d:/mounriver/mounriver_studio/toolchain/risc-v embedded gcc/bin/../lib/gcc/riscv-none-embed/8.2.0/rv32imac/ilp32\libgcc.a(muldf3.o)
                              ./USER/main.o (__muldf3)
d:/mounriver/mounriver_studio/toolchain/risc-v embedded gcc/bin/../lib/gcc/riscv-none-embed/8.2.0/rv32imac/ilp32\libgcc.a(subdf3.o)
                              ./Libraries/seekfree_peripheral/SEEKFREE_PRINTF.o (__subdf3)
d:/mounriver/mounriver_studio/toolchain/risc-v embedded gcc/bin/../lib/gcc/riscv-none-embed/8.2.0/rv32imac/ilp32\libgcc.a(fixdfsi.o)
                              ./USER/main.o (__fixdfsi)
d:/mounriver/mounriver_studio/toolchain/risc-v embedded gcc/bin/../lib/gcc/riscv-none-embed/8.2.0/rv32imac/ilp32\libgcc.a(floatsidf.o)
                              ./USER/main.o (__floatsidf)
d:/mounriver/mounriver_studio/toolchain/risc-v embedded gcc/bin/../lib/gcc/riscv-none-embed/8.2.0/rv32imac/ilp32\libgcc.a(addsf3.o)
                              ./USER/main.o (__addsf3)
d:/mounriver/mounriver_studio/toolchain/risc-v embedded gcc/bin/../lib/gcc/riscv-none-embed/8.2.0/rv32imac/ilp32\libgcc.a(gesf2.o)
                              ./CODE/PID.o (__gtsf2)
d:/mounriver/mounriver_studio/toolchain/risc-v embedded gcc/bin/../lib/gcc/riscv-none-embed/8.2.0/rv32imac/ilp32\libgcc.a(lesf2.o)
                              ./CODE/PID.o (__ltsf2)
d:/mounriver/mounriver_studio/toolchain/risc-v embedded gcc/bin/../lib/gcc/riscv-none-embed/8.2.0/rv32imac/ilp32\libgcc.a(mulsf3.o)
                              ./CODE/PID.o (__mulsf3)
d:/mounriver/mounriver_studio/toolchain/risc-v embedded gcc/bin/../lib/gcc/riscv-none-embed/8.2.0/rv32imac/ilp32\libgcc.a(subsf3.o)
                              ./USER/main.o (__subsf3)
d:/mounriver/mounriver_studio/toolchain/risc-v embedded gcc/bin/../lib/gcc/riscv-none-embed/8.2.0/rv32imac/ilp32\libgcc.a(fixsfsi.o)
                              ./USER/main.o (__fixsfsi)
d:/mounriver/mounriver_studio/toolchain/risc-v embedded gcc/bin/../lib/gcc/riscv-none-embed/8.2.0/rv32imac/ilp32\libgcc.a(floatsisf.o)
                              ./USER/main.o (__floatsisf)
d:/mounriver/mounriver_studio/toolchain/risc-v embedded gcc/bin/../lib/gcc/riscv-none-embed/8.2.0/rv32imac/ilp32\libgcc.a(_clzsi2.o)
                              d:/mounriver/mounriver_studio/toolchain/risc-v embedded gcc/bin/../lib/gcc/riscv-none-embed/8.2.0/rv32imac/ilp32\libgcc.a(adddf3.o) (__clzsi2)
d:/mounriver/mounriver_studio/toolchain/risc-v embedded gcc/bin/../lib/gcc/riscv-none-embed/8.2.0/rv32imac/ilp32\libgcc.a(_clz.o)
                              d:/mounriver/mounriver_studio/toolchain/risc-v embedded gcc/bin/../lib/gcc/riscv-none-embed/8.2.0/rv32imac/ilp32\libgcc.a(_clzsi2.o) (__clz_tab)
d:/mounriver/mounriver_studio/toolchain/risc-v embedded gcc/bin/../lib/gcc/riscv-none-embed/8.2.0/../../../../riscv-none-embed/lib/rv32imac/ilp32\libg_nano.a(lib_a-assert.o)
                              ./Libraries/seekfree_peripheral/SEEKFREE_18TFT.o (__assert_func)
d:/mounriver/mounriver_studio/toolchain/risc-v embedded gcc/bin/../lib/gcc/riscv-none-embed/8.2.0/../../../../riscv-none-embed/lib/rv32imac/ilp32\libg_nano.a(lib_a-fprintf.o)
                              d:/mounriver/mounriver_studio/toolchain/risc-v embedded gcc/bin/../lib/gcc/riscv-none-embed/8.2.0/../../../../riscv-none-embed/lib/rv32imac/ilp32\libg_nano.a(lib_a-assert.o) (fiprintf)
d:/mounriver/mounriver_studio/toolchain/risc-v embedded gcc/bin/../lib/gcc/riscv-none-embed/8.2.0/../../../../riscv-none-embed/lib/rv32imac/ilp32\libg_nano.a(lib_a-impure.o)
                              d:/mounriver/mounriver_studio/toolchain/risc-v embedded gcc/bin/../lib/gcc/riscv-none-embed/8.2.0/../../../../riscv-none-embed/lib/rv32imac/ilp32\libg_nano.a(lib_a-assert.o) (_impure_ptr)
d:/mounriver/mounriver_studio/toolchain/risc-v embedded gcc/bin/../lib/gcc/riscv-none-embed/8.2.0/../../../../riscv-none-embed/lib/rv32imac/ilp32\libg_nano.a(lib_a-memcpy.o)
                              ./Libraries/seekfree_peripheral/SEEKFREE_PRINTF.o (memcpy)
d:/mounriver/mounriver_studio/toolchain/risc-v embedded gcc/bin/../lib/gcc/riscv-none-embed/8.2.0/../../../../riscv-none-embed/lib/rv32imac/ilp32\libg_nano.a(lib_a-nano-vfprintf.o)
[...]
Memory Configuration

Name             Origin             Length             Attributes
FLASH            0x0000000000000000 0x0000000000010000 xr
RAM              0x0000000020000000 0x0000000000005000 xrw
*default*        0x0000000000000000 0xffffffffffffffff

Linker script and memory map

LOAD ./USER/isr.o
LOAD ./USER/main.o
LOAD ./Libraries/wch_libraries/Startup/startup_ch32v10x.o
LOAD ./Libraries/wch_libraries/Peripheral/ch32v10x_adc.o
LOAD ./Libraries/wch_libraries/Peripheral/ch32v10x_bkp.o
LOAD ./Libraries/wch_libraries/Peripheral/ch32v10x_crc.o
LOAD ./Libraries/wch_libraries/Peripheral/ch32v10x_dbgmcu.o
LOAD ./Libraries/wch_libraries/Peripheral/ch32v10x_dma.o
LOAD ./Libraries/wch_libraries/Peripheral/ch32v10x_exti.o
LOAD ./Libraries/wch_libraries/Peripheral/ch32v10x_flash.o
LOAD ./Libraries/wch_libraries/Peripheral/ch32v10x_gpio.o
LOAD ./Libraries/wch_libraries/Peripheral/ch32v10x_i2c.o
LOAD ./Libraries/wch_libraries/Peripheral/ch32v10x_iwdg.o
LOAD ./Libraries/wch_libraries/Peripheral/ch32v10x_misc.o
LOAD ./Libraries/wch_libraries/Peripheral/ch32v10x_pwr.o
LOAD ./Libraries/wch_libraries/Peripheral/ch32v10x_rcc.o
LOAD ./Libraries/wch_libraries/Peripheral/ch32v10x_rtc.o
LOAD ./Libraries/wch_libraries/Peripheral/ch32v10x_spi.o
LOAD ./Libraries/wch_libraries/Peripheral/ch32v10x_tim.o
LOAD ./Libraries/wch_libraries/Peripheral/ch32v10x_usart.o
LOAD ./Libraries/wch_libraries/Peripheral/ch32v10x_usb.o
LOAD ./Libraries/wch_libraries/Peripheral/ch32v10x_usb_host.o
LOAD ./Libraries/wch_libraries/Peripheral/ch32v10x_wwdg.o
LOAD ./Libraries/wch_libraries/Core/core_riscv.o
LOAD ./Libraries/seekfree_peripheral/SEEKFREE_18TFT.o
LOAD ./Libraries/seekfree_peripheral/SEEKFREE_ABSOLUTE_ENCODER.o
LOAD ./Libraries/seekfree_peripheral/SEEKFREE_FONT.o
LOAD ./Libraries/seekfree_peripheral/SEEKFREE_ICM20602.o
LOAD ./Libraries/seekfree_peripheral/SEEKFREE_IIC.o
LOAD ./Libraries/seekfree_peripheral/SEEKFREE_IPS114_SPI.o
LOAD ./Libraries/seekfree_peripheral/SEEKFREE_MPU6050.o
LOAD ./Libraries/seekfree_peripheral/SEEKFREE_MT9V03X.o
LOAD ./Libraries/seekfree_peripheral/SEEKFREE_OLED.o
LOAD ./Libraries/seekfree_peripheral/SEEKFREE_PRINTF.o
LOAD ./Libraries/seekfree_peripheral/SEEKFREE_TSL1401.o
LOAD ./Libraries/seekfree_peripheral/SEEKFREE_UART_7725.o
LOAD ./Libraries/seekfree_peripheral/SEEKFREE_VIRSCO.o
LOAD ./Libraries/seekfree_peripheral/SEEKFREE_WIRELESS.o
LOAD ./Libraries/seekfree_libraries/common.o
LOAD ./Libraries/seekfree_libraries/misc.o
LOAD ./Libraries/seekfree_libraries/zf_adc.o
LOAD ./Libraries/seekfree_libraries/zf_camera.o
LOAD ./Libraries/seekfree_libraries/zf_flash.o
LOAD ./Libraries/seekfree_libraries/zf_gpio.o
LOAD ./Libraries/seekfree_libraries/zf_nvic.o
LOAD ./Libraries/seekfree_libraries/zf_pit.o
LOAD ./Libraries/seekfree_libraries/zf_pwm.o
LOAD ./Libraries/seekfree_libraries/zf_qtimer.o
LOAD ./Libraries/seekfree_libraries/zf_spi.o
LOAD ./Libraries/seekfree_libraries/zf_systick.o
LOAD ./Libraries/seekfree_libraries/zf_uart.o
LOAD ./Libraries/board/board.o
LOAD ./Libraries/board/clock_config.o
LOAD ./CODE/Motor.o
LOAD ./CODE/PID.o
LOAD ./CODE/shangweiji.o
LOAD d:/mounriver/mounriver_studio/toolchain/risc-v embedded gcc/bin/../lib/gcc/riscv-none-embed/8.2.0/../../../../riscv-none-embed/lib/rv32imac/ilp32\libm.a
LOAD d:/mounriver/mounriver_studio/toolchain/risc-v embedded gcc/bin/../lib/gcc/riscv-none-embed/8.2.0/rv32imac/ilp32\libgcc.a
LOAD d:/mounriver/mounriver_studio/toolchain/risc-v embedded gcc/bin/../lib/gcc/riscv-none-embed/8.2.0/../../../../riscv-none-embed/lib/rv32imac/ilp32\libg_nano.a
LOAD d:/mounriver/mounriver_studio/toolchain/risc-v embedded gcc/bin/../lib/gcc/riscv-none-embed/8.2.0/../../../../riscv-none-embed/lib/rv32imac/ilp32\libc_nano.a
LOAD d:/mounriver/mounriver_studio/toolchain/risc-v embedded gcc/bin/../lib/gcc/riscv-none-embed/8.2.0/rv32imac/ilp32\libgcc.a
START GROUP
LOAD d:/mounriver/mounriver_studio/toolchain/risc-v embedded gcc/bin/../lib/gcc/riscv-none-embed/8.2.0/rv32imac/ilp32\libgcc.a
LOAD d:/mounriver/mounriver_studio/toolchain/risc-v embedded gcc/bin/../lib/gcc/riscv-none-embed/8.2.0/../../../../riscv-none-embed/lib/rv32imac/ilp32\libc_nano.a
LOAD d:/mounriver/mounriver_studio/toolchain/risc-v embedded gcc/bin/../lib/gcc/riscv-none-embed/8.2.0/../../../../riscv-none-embed/lib/rv32imac/ilp32\libnosys.a
END GROUP
START GROUP
LOAD d:/mounriver/mounriver_studio/toolchain/risc-v embedded gcc/bin/../lib/gcc/riscv-none-embed/8.2.0/rv32imac/ilp32\libgcc.a
LOAD d:/mounriver/mounriver_studio/toolchain/risc-v embedded gcc/bin/../lib/gcc/riscv-none-embed/8.2.0/../../../../riscv-none-embed/lib/rv32imac/ilp32\libc_nano.a
LOAD d:/mounriver/mounriver_studio/toolchain/risc-v embedded gcc/bin/../lib/gcc/riscv-none-embed/8.2.0/../../../../riscv-none-embed/lib/rv32imac/ilp32\libnosys.a
END GROUP
                0x0000000000000800                __stack_size = 0x800
                [!provide]                        PROVIDE (_stack_size = __stack_size)

.init           0x0000000000000000       0x38
                0x0000000000000000                _sinit = .
                0x0000000000000000                . = ALIGN (0x4)
 *(SORT_NONE(.init))
 .init          0x0000000000000000       0x38 ./Libraries/wch_libraries/Startup/startup_ch32v10x.o
                0x0000000000000000                _start
                0x0000000000000038                . = ALIGN (0x4)
                0x0000000000000038                _einit = .

.vector         0x0000000000000038      0x108
 *(.vector)
 .vector        0x0000000000000038       0xf0 ./Libraries/wch_libraries/Startup/startup_ch32v10x.o
                0x0000000000000140                . = ALIGN (0x40)
 *fill*         0x0000000000000128       0x18 

.text           0x0000000000000140     0x46c0
                0x0000000000000140                . = ALIGN (0x4)
 *(.text)
 *(.text.*)
 .text.EXTI1_IRQHandler
                0x0000000000000140       0x2e ./USER/isr.o
                0x0000000000000140                EXTI1_IRQHandler
 .text.EXTI2_IRQHandler
                0x000000000000016e        0xa ./USER/isr.o
                0x000000000000016e                EXTI2_IRQHandler
 .text.EXTI3_IRQHandler
                0x0000000000000178        0x4 ./USER/isr.o
                0x0000000000000178                EXTI3_IRQHandler
 .text.EXTI4_IRQHandler
                0x000000000000017c        0x4 ./USER/isr.o
                0x000000000000017c                EXTI4_IRQHandler
 .text.EXTI9_5_IRQHandler
                0x0000000000000180        0x4 ./USER/isr.o
                0x0000000000000180                EXTI9_5_IRQHandler
 .text.EXTI15_10_IRQHandler
                0x0000000000000184        0x4 ./USER/isr.o
                0x0000000000000184                EXTI15_10_IRQHandler
 .text.ADC1_2_IRQHandler
                0x0000000000000188        0x4 ./USER/isr.o
                0x0000000000000188                ADC1_2_IRQHandler
 .text.TIM1_BRK_IRQHandler
                0x000000000000018c       0x2a ./USER/isr.o
                0x000000000000018c                TIM1_BRK_IRQHandler
 .text.TIM1_UP_IRQHandler
                0x00000000000001b6       0x26 ./USER/isr.o
                0x00000000000001b6                TIM1_UP_IRQHandler
 .text.TIM1_TRG_COM_IRQHandler
                0x00000000000001dc       0x48 ./USER/isr.o
                0x00000000000001dc                TIM1_TRG_COM_IRQHandler
 .text.TIM1_CC_IRQHandler
                0x0000000000000224       0x74 ./USER/isr.o
                0x0000000000000224                TIM1_CC_IRQHandler
 .text.TIM2_IRQHandler
                0x0000000000000298       0x1a ./USER/isr.o
                0x0000000000000298                TIM2_IRQHandler
 .text.TIM3_IRQHandler
                0x00000000000002b2       0x26 ./USER/isr.o
                0x00000000000002b2                TIM3_IRQHandler
 .text.TIM4_IRQHandler
                0x00000000000002d8       0x26 ./USER/isr.o
                0x00000000000002d8                TIM4_IRQHandler
 .text.USART1_IRQHandler
                0x00000000000002fe        0x4 ./USER/isr.o
                0x00000000000002fe                USART1_IRQHandler
 .text.USART2_IRQHandler
                0x0000000000000302       0x44 ./USER/isr.o
                0x0000000000000302                USART2_IRQHandler
 .text.DMA1_Channel4_IRQHandler
                0x0000000000000346       0x38 ./USER/isr.o
                0x0000000000000346                DMA1_Channel4_IRQHandler
 .text.NMI_Handler
                0x000000000000037e        0x4 ./USER/isr.o
                0x000000000000037e                NMI_Handler
 .text.HardFault_Handler
                0x0000000000000382        0x2 ./USER/isr.o
                0x0000000000000382                HardFault_Handler
 .text.get_slave_data
                0x0000000000000384       0x6c ./USER/main.o
                0x0000000000000384                get_slave_data
 .text.data_analysis
                0x00000000000003f0       0x72 ./USER/main.o
                0x00000000000003f0                data_analysis
 .text.USART3_IRQHandler
                0x0000000000000462       0x38 ./USER/main.o
                0x0000000000000462                USART3_IRQHandler
 .text.EXTI0_IRQHandler
                0x000000000000049a      0x44c ./USER/main.o
                0x000000000000049a                EXTI0_IRQHandler
 .text.Encoder_Init_Master
                0x00000000000008e6       0x1c ./USER/main.o
                0x00000000000008e6                Encoder_Init_Master
 .text.startup.main
                0x0000000000000902       0xaa ./USER/main.o
                0x0000000000000902                main
 .text.handle_reset
                0x00000000000009ac       0x7a ./Libraries/wch_libraries/Startup/startup_ch32v10x.o
                0x00000000000009ac                handle_reset
 .text.DMA_GetFlagStatus
                0x0000000000000a26       0x20 ./Libraries/wch_libraries/Peripheral/ch32v10x_dma.o
                0x0000000000000a26                DMA_GetFlagStatus
 .text.DMA_ClearFlag
                0x0000000000000a46       0x1a ./Libraries/wch_libraries/Peripheral/ch32v10x_dma.o
                0x0000000000000a46                DMA_ClearFlag
 .text.EXTI_Init
                0x0000000000000a60       0x6a ./Libraries/wch_libraries/Peripheral/ch32v10x_exti.o
                0x0000000000000a60                EXTI_Init
 .text.EXTI_GetITStatus
                0x0000000000000aca       0x1e ./Libraries/wch_libraries/Peripheral/ch32v10x_exti.o
                0x0000000000000aca                EXTI_GetITStatus
 .text.EXTI_ClearITPendingBit
                0x0000000000000ae8        0xa ./Libraries/wch_libraries/Peripheral/ch32v10x_exti.o
                0x0000000000000ae8                EXTI_ClearITPendingBit
 .text.GPIO_Init
                0x0000000000000af2       0xc2 ./Libraries/wch_libraries/Peripheral/ch32v10x_gpio.o
                0x0000000000000af2                GPIO_Init
 .text.GPIO_WriteBit
                0x0000000000000bb4        0xa ./Libraries/wch_libraries/Peripheral/ch32v10x_gpio.o
                0x0000000000000bb4                GPIO_WriteBit
 .text.GPIO_PinRemapConfig
                0x0000000000000bbe       0x86 ./Libraries/wch_libraries/Peripheral/ch32v10x_gpio.o
                0x0000000000000bbe                GPIO_PinRemapConfig
 .text.GPIO_EXTILineConfig
                0x0000000000000c44       0x2c ./Libraries/wch_libraries/Peripheral/ch32v10x_gpio.o
                0x0000000000000c44                GPIO_EXTILineConfig
 .text.NVIC_Init
                0x0000000000000c70       0x64 ./Libraries/wch_libraries/Peripheral/ch32v10x_misc.o
                0x0000000000000c70                NVIC_Init
 .text.RCC_GetClocksFreq
                0x0000000000000cd4       0xb0 ./Libraries/wch_libraries/Peripheral/ch32v10x_rcc.o
                0x0000000000000cd4                RCC_GetClocksFreq
 .text.RCC_APB2PeriphClockCmd
                0x0000000000000d84       0x1e ./Libraries/wch_libraries/Peripheral/ch32v10x_rcc.o
                0x0000000000000d84                RCC_APB2PeriphClockCmd
 .text.RCC_APB1PeriphClockCmd
                0x0000000000000da2       0x1e ./Libraries/wch_libraries/Peripheral/ch32v10x_rcc.o
                0x0000000000000da2                RCC_APB1PeriphClockCmd
 .text.TIM_TimeBaseInit
                0x0000000000000dc0       0x78 ./Libraries/wch_libraries/Peripheral/ch32v10x_tim.o
                0x0000000000000dc0                TIM_TimeBaseInit
 .text.TIM_OC1Init
                0x0000000000000e38       0x88 ./Libraries/wch_libraries/Peripheral/ch32v10x_tim.o
                0x0000000000000e38                TIM_OC1Init
 .text.TIM_OC2Init
                0x0000000000000ec0       0xb4 ./Libraries/wch_libraries/Peripheral/ch32v10x_tim.o
                0x0000000000000ec0                TIM_OC2Init
 .text.TIM_OC3Init
                0x0000000000000f74       0xb2 ./Libraries/wch_libraries/Peripheral/ch32v10x_tim.o
                0x0000000000000f74                TIM_OC3Init
 .text.TIM_OC4Init
                0x0000000000001026       0x82 ./Libraries/wch_libraries/Peripheral/ch32v10x_tim.o
                0x0000000000001026                TIM_OC4Init
 .text.TIM_TimeBaseStructInit
                0x00000000000010a8       0x18 ./Libraries/wch_libraries/Peripheral/ch32v10x_tim.o
                0x00000000000010a8                TIM_TimeBaseStructInit
 .text.TIM_Cmd  0x00000000000010c0       0x1c ./Libraries/wch_libraries/Peripheral/ch32v10x_tim.o
                0x00000000000010c0                TIM_Cmd
 .text.TIM_CtrlPWMOutputs
                0x00000000000010dc       0x16 ./Libraries/wch_libraries/Peripheral/ch32v10x_tim.o
                0x00000000000010dc                TIM_CtrlPWMOutputs
 .text.TIM_EncoderInterfaceConfig
                0x00000000000010f2       0x46 ./Libraries/wch_libraries/Peripheral/ch32v10x_tim.o
                0x00000000000010f2                TIM_EncoderInterfaceConfig
 .text.TIM_OC1PreloadConfig
                0x0000000000001138       0x12 ./Libraries/wch_libraries/Peripheral/ch32v10x_tim.o
                0x0000000000001138                TIM_OC1PreloadConfig
 .text.TIM_OC2PreloadConfig
                0x000000000000114a       0x1a ./Libraries/wch_libraries/Peripheral/ch32v10x_tim.o
                0x000000000000114a                TIM_OC2PreloadConfig
 .text.TIM_OC3PreloadConfig
                0x0000000000001164       0x12 ./Libraries/wch_libraries/Peripheral/ch32v10x_tim.o
                0x0000000000001164                TIM_OC3PreloadConfig
 .text.TIM_OC4PreloadConfig
                0x0000000000001176       0x1a ./Libraries/wch_libraries/Peripheral/ch32v10x_tim.o
                0x0000000000001176                TIM_OC4PreloadConfig
 .text.TIM_OC1FastConfig
                0x0000000000001190       0x12 ./Libraries/wch_libraries/Peripheral/ch32v10x_tim.o
                0x0000000000001190                TIM_OC1FastConfig
 .text.TIM_OC2FastConfig
                0x00000000000011a2       0x1a ./Libraries/wch_libraries/Peripheral/ch32v10x_tim.o
                0x00000000000011a2                TIM_OC2FastConfig
 .text.TIM_OC3FastConfig
                0x00000000000011bc       0x12 ./Libraries/wch_libraries/Peripheral/ch32v10x_tim.o
                0x00000000000011bc                TIM_OC3FastConfig
 .text.TIM_OC4FastConfig
                0x00000000000011ce       0x1a ./Libraries/wch_libraries/Peripheral/ch32v10x_tim.o
                0x00000000000011ce                TIM_OC4FastConfig
 .text.TIM_GetITStatus
                0x00000000000011e8       0x1c ./Libraries/wch_libraries/Peripheral/ch32v10x_tim.o
                0x00000000000011e8                TIM_GetITStatus
 .text.TIM_ClearITPendingBit
                0x0000000000001204        0xe ./Libraries/wch_libraries/Peripheral/ch32v10x_tim.o
                0x0000000000001204                TIM_ClearITPendingBit
 .text.USART_Init
                0x0000000000001212       0xda ./Libraries/wch_libraries/Peripheral/ch32v10x_usart.o
                0x0000000000001212                USART_Init
 .text.USART_Cmd
                0x00000000000012ec       0x1c ./Libraries/wch_libraries/Peripheral/ch32v10x_usart.o
                0x00000000000012ec                USART_Cmd
 .text.USART_ITConfig
                0x0000000000001308       0x36 ./Libraries/wch_libraries/Peripheral/ch32v10x_usart.o
                0x0000000000001308                USART_ITConfig
 .text.USART_ReceiveData
                0x000000000000133e        0xa ./Libraries/wch_libraries/Peripheral/ch32v10x_usart.o
                0x000000000000133e                USART_ReceiveData
 .text.USART_GetITStatus
                0x0000000000001348       0x44 ./Libraries/wch_libraries/Peripheral/ch32v10x_usart.o
                0x0000000000001348                USART_GetITStatus
 .text.USART_ClearITPendingBit
                0x000000000000138c       0x16 ./Libraries/wch_libraries/Peripheral/ch32v10x_usart.o
                0x000000000000138c                USART_ClearITPendingBit
 .text.mt9v03x_uart_callback
                0x00000000000013a2       0x70 ./Libraries/seekfree_peripheral/SEEKFREE_MT9V03X.o
                0x00000000000013a2                mt9v03x_uart_callback
 .text.mt9v03x_vsync
                0x0000000000001412       0x5a ./Libraries/seekfree_peripheral/SEEKFREE_MT9V03X.o
                0x0000000000001412                mt9v03x_vsync
 .text.mt9v03x_dma
                0x000000000000146c       0x14 ./Libraries/seekfree_peripheral/SEEKFREE_MT9V03X.o
                0x000000000000146c                mt9v03x_dma
 .text.ov7725_cof_uart_interrupt
                0x0000000000001480       0x70 ./Libraries/seekfree_peripheral/SEEKFREE_UART_7725.o
                0x0000000000001480                ov7725_cof_uart_interrupt
 .text.ov7725_uart_vsync
                0x00000000000014f0       0x36 ./Libraries/seekfree_peripheral/SEEKFREE_UART_7725.o
                0x00000000000014f0                ov7725_uart_vsync
 .text.ov7725_uart_dma
                0x0000000000001526       0x2e ./Libraries/seekfree_peripheral/SEEKFREE_UART_7725.o
                0x0000000000001526                ov7725_uart_dma
 .text.gpio_init
                0x0000000000001554      0x1a4 ./Libraries/seekfree_libraries/zf_gpio.o
                0x0000000000001554                gpio_init
 .text.gpio_set
                0x00000000000016f8       0x7e ./Libraries/seekfree_libraries/zf_gpio.o
                0x00000000000016f8                gpio_set
 .text.gpio_interrupt_init
                0x0000000000001776       0x80 ./Libraries/seekfree_libraries/zf_gpio.o
                0x0000000000001776                gpio_interrupt_init
 .text.nvic_init
                0x00000000000017f6       0x98 ./Libraries/seekfree_libraries/zf_nvic.o
                0x00000000000017f6                nvic_init
 .text.close_all_irq
                0x000000000000188e       0x22 ./Libraries/seekfree_libraries/zf_nvic.o
                0x000000000000188e                close_all_irq
 .text.sys_recover_irq
                0x00000000000018b0       0x28 ./Libraries/seekfree_libraries/zf_nvic.o
                0x00000000000018b0                sys_recover_irq
 .text.DisableGlobalIRQ
                0x00000000000018d8       0x3c ./Libraries/seekfree_libraries/zf_nvic.o
                0x00000000000018d8                DisableGlobalIRQ
 .text.EnableGlobalIRQ
                0x0000000000001914       0x28 ./Libraries/seekfree_libraries/zf_nvic.o
                0x0000000000001914                EnableGlobalIRQ
 .text.pwm_gpio_init
                0x000000000000193c      0x364 ./Libraries/seekfree_libraries/zf_pwm.o
                0x000000000000193c                pwm_gpio_init
 .text.pwm_init
                0x0000000000001ca0      0x3c2 ./Libraries/seekfree_libraries/zf_pwm.o
                0x0000000000001ca0                pwm_init
 .text.pwm_duty
                0x0000000000002062       0xf2 ./Libraries/seekfree_libraries/zf_pwm.o
                0x0000000000002062                pwm_duty
 .text.timer_gpio_quad_init
                0x0000000000002154      0x170 ./Libraries/seekfree_libraries/zf_qtimer.o
                0x0000000000002154                timer_gpio_quad_init
 .text.timer_quad_init
                0x00000000000022c4      0x15c ./Libraries/seekfree_libraries/zf_qtimer.o
                0x00000000000022c4                timer_quad_init
 .text.timer_quad_get
                0x0000000000002420       0x32 ./Libraries/seekfree_libraries/zf_qtimer.o
                0x0000000000002420                timer_quad_get
 .text.timer_quad_clear
                0x0000000000002452       0x26 ./Libraries/seekfree_libraries/zf_qtimer.o
                0x0000000000002452                timer_quad_clear
 .text.uart_gpio_init
                0x0000000000002478       0xec ./Libraries/seekfree_libraries/zf_uart.o
                0x0000000000002478                uart_gpio_init
 .text.uart_init
                0x0000000000002564      0x104 ./Libraries/seekfree_libraries/zf_uart.o
                0x0000000000002564                uart_init
 .text.uart_rx_irq
                0x0000000000002668       0x50 ./Libraries/seekfree_libraries/zf_uart.o
                0x0000000000002668                uart_rx_irq
 .text.board_init
                0x00000000000026b8       0x46 ./Libraries/board/board.o
                0x00000000000026b8                board_init
 .text.SetSysClock
                0x00000000000026fe      0x140 ./Libraries/board/clock_config.o
 .text.SystemInit
                0x000000000000283e       0x7c ./Libraries/board/clock_config.o
                0x000000000000283e                SystemInit
 .text.Duty_Init
                0x00000000000028ba       0x92 ./CODE/Motor.o
                0x00000000000028ba                Duty_Init
 .text.Duty_Single
                0x000000000000294c      0x14e ./CODE/Motor.o
                0x000000000000294c                Duty_Single
 .text.Duty_All
                0x0000000000002a9a       0x42 ./CODE/Motor.o
                0x0000000000002a9a                Duty_All
 .text.PID_dir_Init
                0x0000000000002adc       0x46 ./CODE/PID.o
                0x0000000000002adc                PID_dir_Init
 .text.PID_Init
                0x0000000000002b22       0x84 ./CODE/PID.o
                0x0000000000002b22                PID_Init
 .text.PID_posCtrl
                0x0000000000002ba6       0x64 ./CODE/PID.o
                0x0000000000002ba6                PID_posCtrl
 .text.PID_incCtrl
                0x0000000000002c0a       0xb4 ./CODE/PID.o
                0x0000000000002c0a                PID_incCtrl
 .text.__adddf3
                0x0000000000002cbe      0x730 d:/mounriver/mounriver_studio/toolchain/risc-v embedded gcc/bin/../lib/gcc/riscv-none-embed/8.2.0/rv32imac/ilp32\libgcc.a(adddf3.o)
                0x0000000000002cbe                __adddf3
 .text.__muldf3
                0x00000000000033ee      0x4b8 d:/mounriver/mounriver_studio/toolchain/risc-v embedded gcc/bin/../lib/gcc/riscv-none-embed/8.2.0/rv32imac/ilp32\libgcc.a(muldf3.o)
                0x00000000000033ee                __muldf3
 .text.__fixdfsi
                0x00000000000038a6       0x68 d:/mounriver/mounriver_studio/toolchain/risc-v embedded gcc/bin/../lib/gcc/riscv-none-embed/8.2.0/rv32imac/ilp32\libgcc.a(fixdfsi.o)
                0x00000000000038a6                __fixdfsi
 .text.__floatsidf
                0x000000000000390e       0x72 d:/mounriver/mounriver_studio/toolchain/risc-v embedded gcc/bin/../lib/gcc/riscv-none-embed/8.2.0/rv32imac/ilp32\libgcc.a(floatsidf.o)
                0x000000000000390e                __floatsidf
 .text.__addsf3
                0x0000000000003980      0x36a d:/mounriver/mounriver_studio/toolchain/risc-v embedded gcc/bin/../lib/gcc/riscv-none-embed/8.2.0/rv32imac/ilp32\libgcc.a(addsf3.o)
                0x0000000000003980                __addsf3
 .text.__gesf2  0x0000000000003cea       0x86 d:/mounriver/mounriver_studio/toolchain/risc-v embedded gcc/bin/../lib/gcc/riscv-none-embed/8.2.0/rv32imac/ilp32\libgcc.a(gesf2.o)
                0x0000000000003cea                __gesf2
                0x0000000000003cea                __gtsf2
 .text.__lesf2  0x0000000000003d70       0x8c d:/mounriver/mounriver_studio/toolchain/risc-v embedded gcc/bin/../lib/gcc/riscv-none-embed/8.2.0/rv32imac/ilp32\libgcc.a(lesf2.o)
                0x0000000000003d70                __ltsf2
                0x0000000000003d70                __lesf2
 .text.__mulsf3
                0x0000000000003dfc      0x290 d:/mounriver/mounriver_studio/toolchain/risc-v embedded gcc/bin/../lib/gcc/riscv-none-embed/8.2.0/rv32imac/ilp32\libgcc.a(mulsf3.o)
                0x0000000000003dfc                __mulsf3
 .text.__subsf3
                0x000000000000408c      0x388 d:/mounriver/mounriver_studio/toolchain/risc-v embedded gcc/bin/../lib/gcc/riscv-none-embed/8.2.0/rv32imac/ilp32\libgcc.a(subsf3.o)
                0x000000000000408c                __subsf3
 .text.__fixsfsi
                0x0000000000004414       0x62 d:/mounriver/mounriver_studio/toolchain/risc-v embedded gcc/bin/../lib/gcc/riscv-none-embed/8.2.0/rv32imac/ilp32\libgcc.a(fixsfsi.o)
                0x0000000000004414                __fixsfsi
 .text.__floatsisf
                0x0000000000004476       0xc6 d:/mounriver/mounriver_studio/toolchain/risc-v embedded gcc/bin/../lib/gcc/riscv-none-embed/8.2.0/rv32imac/ilp32\libgcc.a(floatsisf.o)
                0x0000000000004476                __floatsisf
 .text.__clzsi2
                0x000000000000453c       0x76 d:/mounriver/mounriver_studio/toolchain/risc-v embedded gcc/bin/../lib/gcc/riscv-none-embed/8.2.0/rv32imac/ilp32\libgcc.a(_clzsi2.o)
                0x000000000000453c                __clzsi2
 *(.rodata)
 *(.rodata*)
 *fill*         0x00000000000045b2        0x2 
 .rodata.EXTI0_IRQHandler
                0x00000000000045b4       0x50 ./USER/main.o
 *fill*         0x0000000000004604        0x4 
 .rodata.EXTI0_IRQHandler.cst8
                0x0000000000004608       0x10 ./USER/main.o
 .rodata.GPION  0x0000000000004618       0x10 ./Libraries/seekfree_libraries/zf_gpio.o
                0x0000000000004618                GPION
 .rodata.TIMERN
                0x0000000000004628       0x10 ./Libraries/seekfree_libraries/zf_qtimer.o
                0x0000000000004628                TIMERN
 .rodata.UARTN  0x0000000000004638       0x10 ./Libraries/seekfree_libraries/zf_uart.o
                0x0000000000004638                UARTN
 .rodata.PID_Init.cst4
                0x0000000000004648       0x24 ./CODE/PID.o
 .rodata.PID_dir_Init.cst4
                0x000000000000466c        0xc ./CODE/PID.o
 .rodata.PID_incCtrl.cst4
                0x0000000000004678        0x8 ./CODE/PID.o
 .rodata.__muldf3
                0x0000000000004680       0x40 d:/mounriver/mounriver_studio/toolchain/risc-v embedded gcc/bin/../lib/gcc/riscv-none-embed/8.2.0/rv32imac/ilp32\libgcc.a(muldf3.o)
 .rodata.__mulsf3
                0x00000000000046c0       0x40 d:/mounriver/mounriver_studio/toolchain/risc-v embedded gcc/bin/../lib/gcc/riscv-none-embed/8.2.0/rv32imac/ilp32\libgcc.a(mulsf3.o)
 .rodata.__clz_tab
                0x0000000000004700      0x100 d:/mounriver/mounriver_studio/toolchain/risc-v embedded gcc/bin/../lib/gcc/riscv-none-embed/8.2.0/rv32imac/ilp32\libgcc.a(_clz.o)
                0x0000000000004700                __clz_tab
 *(.glue_7)
 *(.glue_7t)
 *(.gnu.linkonce.t.*)
                0x0000000000004800                . = ALIGN (0x4)

.rela.dyn       0x0000000000004800        0x0
 .rela.init     0x0000000000004800        0x0 ./USER/isr.o
 .rela.vector   0x0000000000004800        0x0 ./USER/isr.o
 .rela.text.handle_reset
                0x0000000000004800        0x0 ./USER/isr.o

.fini           0x0000000000004800        0x0
 *(SORT_NONE(.fini))
                0x0000000000004800                . = ALIGN (0x4)
                [!provide]                        PROVIDE (_etext = .)
                [!provide]                        PROVIDE (_eitcm = .)

.preinit_array  0x0000000000004800        0x0
                [!provide]                        PROVIDE (__preinit_array_start = .)
 *(.preinit_array)
                [!provide]                        PROVIDE (__preinit_array_end = .)

.init_array     0x0000000000004800        0x0
                [!provide]                        PROVIDE (__init_array_start = .)
 *(SORT_BY_INIT_PRIORITY(.init_array.*) SORT_BY_INIT_PRIORITY(.ctors.*))
 *(.init_array EXCLUDE_FILE(*crtend?.o *crtend.o *crtbegin?.o *crtbegin.o) .ctors)
                [!provide]                        PROVIDE (__init_array_end = .)

.fini_array     0x0000000000004800        0x0
                [!provide]                        PROVIDE (__fini_array_start = .)
 *(SORT_BY_INIT_PRIORITY(.fini_array.*) SORT_BY_INIT_PRIORITY(.dtors.*))
 *(.fini_array EXCLUDE_FILE(*crtend?.o *crtend.o *crtbegin?.o *crtbegin.o) .dtors)
                [!provide]                        PROVIDE (__fini_array_end = .)

.ctors
 *crtbegin.o(.ctors)
 *crtbegin?.o(.ctors)
 *(EXCLUDE_FILE(*crtend?.o *crtend.o) .ctors)
 *(SORT_BY_NAME(.ctors.*))
 *(.ctors)

.dtors
 *crtbegin.o(.dtors)
 *crtbegin?.o(.dtors)
 *(EXCLUDE_FILE(*crtend?.o *crtend.o) .dtors)
 *(SORT_BY_NAME(.dtors.*))
 *(.dtors)

.dalign         0x0000000020000000        0x0 load address 0x0000000000004800
                0x0000000020000000                . = ALIGN (0x4)
                0x0000000020000000                PROVIDE (_data_vma = .)

.dlalign        0x0000000000004800        0x0
                0x0000000000004800                . = ALIGN (0x4)
                0x0000000000004800                PROVIDE (_data_lma = .)

.data           0x0000000020000000       0x28 load address 0x0000000000004800
 *(.gnu.linkonce.r.*)
 *(.data .data.*)
 .data.APBAHBPrescTable
                0x0000000020000000       0x10 ./Libraries/wch_libraries/Peripheral/ch32v10x_rcc.o
 *(.gnu.linkonce.d.*)
                0x0000000020000010                . = ALIGN (0x8)
                0x0000000020000810                PROVIDE (__global_pointer$ = (. + 0x800))
 *(.sdata .sdata.*)
 .sdata.servo_StoL_duty
                0x0000000020000010        0x2 ./USER/main.o
                0x0000000020000010                servo_StoL_duty
 .sdata.servo_StoR_duty
                0x0000000020000012        0x2 ./USER/main.o
                0x0000000020000012                servo_StoR_duty
 .sdata.servo_toS_duty
                0x0000000020000014        0x2 ./USER/main.o
                0x0000000020000014                servo_toS_duty
 .sdata.target_main_speed
                0x0000000020000016        0x2 ./USER/main.o
                0x0000000020000016                target_main_speed
 .sdata.target_out_speed
                0x0000000020000018        0x2 ./USER/main.o
                0x0000000020000018                target_out_speed
 .sdata.target_rotate_speed
                0x000000002000001a        0x2 ./USER/main.o
                0x000000002000001a                target_rotate_speed
 .sdata.target_rotate_sup_speed
                0x000000002000001c        0x2 ./USER/main.o
                0x000000002000001c                target_rotate_sup_speed
 .sdata.target_sup_speed
                0x000000002000001e        0x2 ./USER/main.o
                0x000000002000001e                target_sup_speed
 .sdata.ADCPrescTable
                0x0000000020000020        0x4 ./Libraries/wch_libraries/Peripheral/ch32v10x_rcc.o
 .sdata.camera_type
                0x0000000020000024        0x4 ./Libraries/seekfree_libraries/common.o
                0x0000000020000024                camera_type
 *(.sdata2.*)
 *(.gnu.linkonce.s.*)
                0x0000000020000028                . = ALIGN (0x8)
 *(.srodata.cst16)
 *(.srodata.cst8)
 *(.srodata.cst4)
 *(.srodata.cst2)
 *(.srodata .srodata.*)
                0x0000000020000028                . = ALIGN (0x4)
                0x0000000020000028                PROVIDE (_edata = .)

.bss            0x0000000020000028      0x13c load address 0x0000000000004828
                0x0000000020000028                . = ALIGN (0x4)
                0x0000000020000028                PROVIDE (_sbss = .)
 *(.sbss*)
 .sbss.master_encoder_left
                0x0000000020000028        0x2 ./USER/main.o
                0x0000000020000028                master_encoder_left
 .sbss.master_encoder_right
                0x000000002000002a        0x2 ./USER/main.o
                0x000000002000002a                master_encoder_right
 .sbss.motion_Sign
                0x000000002000002c        0x1 ./USER/main.o
                0x000000002000002c                motion_Sign
 .sbss.show_flag
                0x000000002000002d        0x1 ./USER/main.o
                0x000000002000002d                show_flag
 .sbss.slave_encoder_left
                0x000000002000002e        0x2 ./USER/main.o
                0x000000002000002e                slave_encoder_left
 .sbss.slave_encoder_right
                0x0000000020000030        0x2 ./USER/main.o
                0x0000000020000030                slave_encoder_right
 .sbss.slave_position
                0x0000000020000032        0x2 ./USER/main.o
                0x0000000020000032                slave_position
 .sbss.slave_position_filter
                0x0000000020000034        0x2 ./USER/main.o
                0x0000000020000034                slave_position_filter
 .sbss.slave_position_filter_Cnt
                0x0000000020000036        0x2 ./USER/main.o
                0x0000000020000036                slave_position_filter_Cnt
 .sbss.target_fl_speed
                0x0000000020000038        0x2 ./USER/main.o
                0x0000000020000038                target_fl_speed
 .sbss.target_fr_speed
                0x000000002000003a        0x2 ./USER/main.o
                0x000000002000003a                target_fr_speed
 .sbss.target_rl_speed
                0x000000002000003c        0x2 ./USER/main.o
                0x000000002000003c                target_rl_speed
 .sbss.target_rr_speed
                0x000000002000003e        0x2 ./USER/main.o
                0x000000002000003e                target_rr_speed
 .sbss.transinfo
                0x0000000020000040        0x2 ./USER/main.o
                0x0000000020000040                transinfo
 .sbss.uart_flag
                0x0000000020000042        0x1 ./USER/main.o
                0x0000000020000042                uart_flag
 .sbss.uart_num.5996
                0x0000000020000043        0x1 ./USER/main.o
 .sbss.receive  0x0000000020000044        0x3 ./Libraries/seekfree_peripheral/SEEKFREE_MT9V03X.o
                0x0000000020000044                receive
 .sbss.receive_num
                0x0000000020000047        0x1 ./Libraries/seekfree_peripheral/SEEKFREE_MT9V03X.o
                0x0000000020000047                receive_num
 .sbss.uart_receive_flag
                0x0000000020000048        0x1 ./Libraries/seekfree_peripheral/SEEKFREE_MT9V03X.o
                0x0000000020000048                uart_receive_flag
 .sbss.mt9v03x_finish_flag
                0x0000000020000049        0x1 ./Libraries/seekfree_peripheral/SEEKFREE_MT9V03X.o
                0x0000000020000049                mt9v03x_finish_flag
 *fill*         0x000000002000004a        0x2 
 .sbss.ov7725_uart_receive
                0x000000002000004c        0x3 ./Libraries/seekfree_peripheral/SEEKFREE_UART_7725.o
                0x000000002000004c                ov7725_uart_receive
 .sbss.ov7725_uart_receive_num
                0x000000002000004f        0x1 ./Libraries/seekfree_peripheral/SEEKFREE_UART_7725.o
                0x000000002000004f                ov7725_uart_receive_num
 .sbss.ov7725_uart_receive_flag
                0x0000000020000050        0x1 ./Libraries/seekfree_peripheral/SEEKFREE_UART_7725.o
                0x0000000020000050                ov7725_uart_receive_flag
 .sbss.ov7725_uart_finish_flag
                0x0000000020000051        0x1 ./Libraries/seekfree_peripheral/SEEKFREE_UART_7725.o
                0x0000000020000051                ov7725_uart_finish_flag
 *fill*         0x0000000020000052        0x2 
 .sbss.sys_clk  0x0000000020000054        0x4 ./Libraries/seekfree_libraries/common.o
                0x0000000020000054                sys_clk
 *(.gnu.linkonce.sb.*)
 *(.bss*)
 .bss.Pid_dir_crab
                0x0000000020000058       0x28 ./USER/main.o
                0x0000000020000058                Pid_dir_crab
 .bss.Pid_dir_redbull
                0x0000000020000080       0x28 ./USER/main.o
                0x0000000020000080                Pid_dir_redbull
 .bss.Pid_fl    0x00000000200000a8       0x28 ./USER/main.o
                0x00000000200000a8                Pid_fl
 .bss.Pid_fr    0x00000000200000d0       0x28 ./USER/main.o
                0x00000000200000d0                Pid_fr
 .bss.Pid_rl    0x00000000200000f8       0x28 ./USER/main.o
                0x00000000200000f8                Pid_rl
 .bss.Pid_rr    0x0000000020000120       0x28 ./USER/main.o
                0x0000000020000120                Pid_rr
 .bss.temp_buff
                0x0000000020000148        0xe ./USER/main.o
                0x0000000020000148                temp_buff
 *fill*         0x0000000020000156        0x2 
 .bss.irq_status
                0x0000000020000158        0xc ./Libraries/seekfree_libraries/common.o
                0x0000000020000158                irq_status
 *(.gnu.linkonce.b.*)
 *(COMMON*)
                0x0000000020000164                . = ALIGN (0x4)
                0x0000000020000164                PROVIDE (_ebss = .)
                [!provide]                        PROVIDE (_end = _ebss)
                0x0000000020000164                PROVIDE (end = .)

.stack          0x0000000020004800      0x800
                0x0000000020004800                . = ALIGN (0x4)
                [!provide]                        PROVIDE (_susrstack = .)
                0x0000000020005000                . = (. + __stack_size)
 *fill*         0x0000000020004800      0x800 
                0x0000000020005000                PROVIDE (_eusrstack = .)
OUTPUT(MASTER.elf elf32-littleriscv)

.debug_info     0x0000000000000000    0x14394
 .debug_info    0x0000000000000000     0x1712 ./USER/isr.o
 .debug_info    0x0000000000001712     0x1f31 ./USER/main.o
 .debug_info    0x0000000000003643       0x22 ./Libraries/wch_libraries/Startup/startup_ch32v10x.o
 .debug_info    0x0000000000003665      0x451 ./Libraries/wch_libraries/Peripheral/ch32v10x_dma.o
 .debug_info    0x0000000000003ab6      0x353 ./Libraries/wch_libraries/Peripheral/ch32v10x_exti.o
 .debug_info    0x0000000000003e09      0x7e1 ./Libraries/wch_libraries/Peripheral/ch32v10x_gpio.o
 .debug_info    0x00000000000045ea      0x56e ./Libraries/wch_libraries/Peripheral/ch32v10x_misc.o
 .debug_info    0x0000000000004b58      0x90a ./Libraries/wch_libraries/Peripheral/ch32v10x_rcc.o
 .debug_info    0x0000000000005462     0x20d2 ./Libraries/wch_libraries/Peripheral/ch32v10x_tim.o
 .debug_info    0x0000000000007534      0xb14 ./Libraries/wch_libraries/Peripheral/ch32v10x_usart.o
 .debug_info    0x0000000000008048     0x159f ./Libraries/seekfree_peripheral/SEEKFREE_MT9V03X.o
 .debug_info    0x00000000000095e7     0x1573 ./Libraries/seekfree_peripheral/SEEKFREE_UART_7725.o
 .debug_info    0x000000000000ab5a      0xa5b ./Libraries/seekfree_libraries/common.o
 .debug_info    0x000000000000b5b5     0x118f ./Libraries/seekfree_libraries/zf_gpio.o
 .debug_info    0x000000000000c744      0xeeb ./Libraries/seekfree_libraries/zf_nvic.o
 .debug_info    0x000000000000d62f     0x1488 ./Libraries/seekfree_libraries/zf_pwm.o
 .debug_info    0x000000000000eab7     0x125a ./Libraries/seekfree_libraries/zf_qtimer.o
 .debug_info    0x000000000000fd11     0x1339 ./Libraries/seekfree_libraries/zf_uart.o
 .debug_info    0x000000000001104a      0xcf3 ./Libraries/board/board.o
 .debug_info    0x0000000000011d3d      0x25f ./Libraries/board/clock_config.o
 .debug_info    0x0000000000011f9c     0x13d1 ./CODE/Motor.o
 .debug_info    0x000000000001336d     0x1027 ./CODE/PID.o

.debug_abbrev   0x0000000000000000     0x345c
 .debug_abbrev  0x0000000000000000      0x2ba ./USER/isr.o
 .debug_abbrev  0x00000000000002ba      0x394 ./USER/main.o
 .debug_abbrev  0x000000000000064e       0x12 ./Libraries/wch_libraries/Startup/startup_ch32v10x.o
 .debug_abbrev  0x0000000000000660      0x1f7 ./Libraries/wch_libraries/Peripheral/ch32v10x_dma.o
 .debug_abbrev  0x0000000000000857      0x1b6 ./Libraries/wch_libraries/Peripheral/ch32v10x_exti.o
 .debug_abbrev  0x0000000000000a0d      0x208 ./Libraries/wch_libraries/Peripheral/ch32v10x_gpio.o
 .debug_abbrev  0x0000000000000c15      0x1ae ./Libraries/wch_libraries/Peripheral/ch32v10x_misc.o
 .debug_abbrev  0x0000000000000dc3      0x246 ./Libraries/wch_libraries/Peripheral/ch32v10x_rcc.o
 .debug_abbrev  0x0000000000001009      0x2fd ./Libraries/wch_libraries/Peripheral/ch32v10x_tim.o
 .debug_abbrev  0x0000000000001306      0x201 ./Libraries/wch_libraries/Peripheral/ch32v10x_usart.o
 .debug_abbrev  0x0000000000001507      0x365 ./Libraries/seekfree_peripheral/SEEKFREE_MT9V03X.o
 .debug_abbrev  0x000000000000186c      0x392 ./Libraries/seekfree_peripheral/SEEKFREE_UART_7725.o
 .debug_abbrev  0x0000000000001bfe      0x1fa ./Libraries/seekfree_libraries/common.o
 .debug_abbrev  0x0000000000001df8      0x2c2 ./Libraries/seekfree_libraries/zf_gpio.o
 .debug_abbrev  0x00000000000020ba      0x2b8 ./Libraries/seekfree_libraries/zf_nvic.o
 .debug_abbrev  0x0000000000002372      0x2d0 ./Libraries/seekfree_libraries/zf_pwm.o
 .debug_abbrev  0x0000000000002642      0x2b6 ./Libraries/seekfree_libraries/zf_qtimer.o
 .debug_abbrev  0x00000000000028f8      0x2e5 ./Libraries/seekfree_libraries/zf_uart.o
 .debug_abbrev  0x0000000000002bdd      0x280 ./Libraries/board/board.o
 .debug_abbrev  0x0000000000002e5d       0xe8 ./Libraries/board/clock_config.o
 .debug_abbrev  0x0000000000002f45      0x27d ./CODE/Motor.o
 .debug_abbrev  0x00000000000031c2      0x29a ./CODE/PID.o

.debug_aranges  0x0000000000000000      0xa88
 .debug_aranges
                0x0000000000000000       0x80 ./USER/isr.o
 .debug_aranges
                0x0000000000000080       0x48 ./USER/main.o
 .debug_aranges
                0x00000000000000c8       0x30 ./Libraries/wch_libraries/Startup/startup_ch32v10x.o
 .debug_aranges
                0x00000000000000f8       0x60 ./Libraries/wch_libraries/Peripheral/ch32v10x_dma.o
 .debug_aranges
                0x0000000000000158       0x50 ./Libraries/wch_libraries/Peripheral/ch32v10x_exti.o
 .debug_aranges
                0x00000000000001a8       0xa0 ./Libraries/wch_libraries/Peripheral/ch32v10x_gpio.o
 .debug_aranges
                0x0000000000000248       0x28 ./Libraries/wch_libraries/Peripheral/ch32v10x_misc.o
 .debug_aranges
                0x0000000000000270      0x118 ./Libraries/wch_libraries/Peripheral/ch32v10x_rcc.o
 .debug_aranges
                0x0000000000000388      0x2d0 ./Libraries/wch_libraries/Peripheral/ch32v10x_tim.o
 .debug_aranges
                0x0000000000000658      0x100 ./Libraries/wch_libraries/Peripheral/ch32v10x_usart.o
 .debug_aranges
                0x0000000000000758       0x80 ./Libraries/seekfree_peripheral/SEEKFREE_MT9V03X.o
 .debug_aranges
                0x00000000000007d8       0x80 ./Libraries/seekfree_peripheral/SEEKFREE_UART_7725.o
 .debug_aranges
                0x0000000000000858       0x18 ./Libraries/seekfree_libraries/common.o
 .debug_aranges
                0x0000000000000870       0x40 ./Libraries/seekfree_libraries/zf_gpio.o
 .debug_aranges
                0x00000000000008b0       0x40 ./Libraries/seekfree_libraries/zf_nvic.o
 .debug_aranges
                0x00000000000008f0       0x40 ./Libraries/seekfree_libraries/zf_pwm.o
 .debug_aranges
                0x0000000000000930       0x38 ./Libraries/seekfree_libraries/zf_qtimer.o
 .debug_aranges
                0x0000000000000968       0x60 ./Libraries/seekfree_libraries/zf_uart.o
 .debug_aranges
                0x00000000000009c8       0x28 ./Libraries/board/board.o
 .debug_aranges
                0x00000000000009f0       0x28 ./Libraries/board/clock_config.o
 .debug_aranges
                0x0000000000000a18       0x38 ./CODE/Motor.o
 .debug_aranges
                0x0000000000000a50       0x38 ./CODE/PID.o

.debug_ranges   0x0000000000000000      0x9b8
 .debug_ranges  0x0000000000000000       0x70 ./USER/isr.o
 .debug_ranges  0x0000000000000070       0x50 ./USER/main.o
 .debug_ranges  0x00000000000000c0       0x28 ./Libraries/wch_libraries/Startup/startup_ch32v10x.o
 .debug_ranges  0x00000000000000e8       0x50 ./Libraries/wch_libraries/Peripheral/ch32v10x_dma.o
 .debug_ranges  0x0000000000000138       0x40 ./Libraries/wch_libraries/Peripheral/ch32v10x_exti.o
 .debug_ranges  0x0000000000000178       0x90 ./Libraries/wch_libraries/Peripheral/ch32v10x_gpio.o
 .debug_ranges  0x0000000000000208       0x48 ./Libraries/wch_libraries/Peripheral/ch32v10x_misc.o
 .debug_ranges  0x0000000000000250      0x108 ./Libraries/wch_libraries/Peripheral/ch32v10x_rcc.o
 .debug_ranges  0x0000000000000358      0x308 ./Libraries/wch_libraries/Peripheral/ch32v10x_tim.o
 .debug_ranges  0x0000000000000660       0xf0 ./Libraries/wch_libraries/Peripheral/ch32v10x_usart.o
 .debug_ranges  0x0000000000000750       0x70 ./Libraries/seekfree_peripheral/SEEKFREE_MT9V03X.o
 .debug_ranges  0x00000000000007c0       0x70 ./Libraries/seekfree_peripheral/SEEKFREE_UART_7725.o
 .debug_ranges  0x0000000000000830       0x30 ./Libraries/seekfree_libraries/zf_gpio.o
 .debug_ranges  0x0000000000000860       0x30 ./Libraries/seekfree_libraries/zf_nvic.o
 .debug_ranges  0x0000000000000890       0x30 ./Libraries/seekfree_libraries/zf_pwm.o
 .debug_ranges  0x00000000000008c0       0x28 ./Libraries/seekfree_libraries/zf_qtimer.o
 .debug_ranges  0x00000000000008e8       0x50 ./Libraries/seekfree_libraries/zf_uart.o
 .debug_ranges  0x0000000000000938       0x18 ./Libraries/board/board.o
 .debug_ranges  0x0000000000000950       0x18 ./Libraries/board/clock_config.o
 .debug_ranges  0x0000000000000968       0x28 ./CODE/Motor.o
 .debug_ranges  0x0000000000000990       0x28 ./CODE/PID.o

.debug_line     0x0000000000000000     0xcdca
 .debug_line    0x0000000000000000      0x84a ./USER/isr.o
 .debug_line    0x000000000000084a      0xf0f ./USER/main.o
 .debug_line    0x0000000000001759      0x225 ./Libraries/wch_libraries/Startup/startup_ch32v10x.o
 .debug_line    0x000000000000197e      0x781 ./Libraries/wch_libraries/Peripheral/ch32v10x_dma.o
 .debug_line    0x00000000000020ff      0x4ae ./Libraries/wch_libraries/Peripheral/ch32v10x_exti.o
 .debug_line    0x00000000000025ad      0xbd5 ./Libraries/wch_libraries/Peripheral/ch32v10x_gpio.o
 .debug_line    0x0000000000003182      0x320 ./Libraries/wch_libraries/Peripheral/ch32v10x_misc.o
 .debug_line    0x00000000000034a2      0xf5a ./Libraries/wch_libraries/Peripheral/ch32v10x_rcc.o
 .debug_line    0x00000000000043fc     0x308f ./Libraries/wch_libraries/Peripheral/ch32v10x_tim.o
 .debug_line    0x000000000000748b      0xf21 ./Libraries/wch_libraries/Peripheral/ch32v10x_usart.o
 .debug_line    0x00000000000083ac      0x9f2 ./Libraries/seekfree_peripheral/SEEKFREE_MT9V03X.o
 .debug_line    0x0000000000008d9e      0x9d2 ./Libraries/seekfree_peripheral/SEEKFREE_UART_7725.o
 .debug_line    0x0000000000009770      0x19d ./Libraries/seekfree_libraries/common.o
 .debug_line    0x000000000000990d      0x643 ./Libraries/seekfree_libraries/zf_gpio.o
 .debug_line    0x0000000000009f50      0x461 ./Libraries/seekfree_libraries/zf_nvic.o
 .debug_line    0x000000000000a3b1      0xa95 ./Libraries/seekfree_libraries/zf_pwm.o
 .debug_line    0x000000000000ae46      0x5bd ./Libraries/seekfree_libraries/zf_qtimer.o
 .debug_line    0x000000000000b403      0x684 ./Libraries/seekfree_libraries/zf_uart.o
 .debug_line    0x000000000000ba87      0x398 ./Libraries/board/board.o
 .debug_line    0x000000000000be1f      0x33e ./Libraries/board/clock_config.o
 .debug_line    0x000000000000c15d      0x4a6 ./CODE/Motor.o
 .debug_line    0x000000000000c603      0x7c7 ./CODE/PID.o

.debug_str      0x0000000000000000     0x3b10
 .debug_str     0x0000000000000000      0xd42 ./USER/isr.o
                                        0xe01 (size before relaxing)
 .debug_str     0x0000000000000d42      0x9bc ./USER/main.o
                                       0x14b3 (size before relaxing)
 .debug_str     0x00000000000016fe       0x42 ./Libraries/wch_libraries/Startup/startup_ch32v10x.o
                                         0x9f (size before relaxing)
 .debug_str     0x0000000000001740      0x21d ./Libraries/wch_libraries/Peripheral/ch32v10x_dma.o
                                        0x42f (size before relaxing)
 .debug_str     0x000000000000195d      0x1a7 ./Libraries/wch_libraries/Peripheral/ch32v10x_exti.o
                                        0x3c9 (size before relaxing)
 .debug_str     0x0000000000001b04      0x36e ./Libraries/wch_libraries/Peripheral/ch32v10x_gpio.o
                                        0x577 (size before relaxing)
 .debug_str     0x0000000000001e72      0x179 ./Libraries/wch_libraries/Peripheral/ch32v10x_misc.o
                                        0x5fd (size before relaxing)
 .debug_str     0x0000000000001feb      0x447 ./Libraries/wch_libraries/Peripheral/ch32v10x_rcc.o
                                        0x6a1 (size before relaxing)
 .debug_str     0x0000000000002432      0xa96 ./Libraries/wch_libraries/Peripheral/ch32v10x_tim.o
                                        0xeb7 (size before relaxing)
 .debug_str     0x0000000000002ec8      0x3d4 ./Libraries/wch_libraries/Peripheral/ch32v10x_usart.o
                                        0x753 (size before relaxing)
 .debug_str     0x000000000000329c      0x20e ./Libraries/seekfree_peripheral/SEEKFREE_MT9V03X.o
                                        0xd3f (size before relaxing)
 .debug_str     0x00000000000034aa      0x244 ./Libraries/seekfree_peripheral/SEEKFREE_UART_7725.o
                                        0xddc (size before relaxing)
 .debug_str     0x00000000000036ee       0x29 ./Libraries/seekfree_libraries/common.o
                                        0x6be (size before relaxing)
 .debug_str     0x0000000000003717       0xa8 ./Libraries/seekfree_libraries/zf_gpio.o
                                        0x9d6 (size before relaxing)
 .debug_str     0x00000000000037bf       0x81 ./Libraries/seekfree_libraries/zf_nvic.o
                                        0xb01 (size before relaxing)
 .debug_str     0x0000000000003840       0xc7 ./Libraries/seekfree_libraries/zf_pwm.o
                                        0xc09 (size before relaxing)
 .debug_str     0x0000000000003907       0x71 ./Libraries/seekfree_libraries/zf_qtimer.o
                                        0xaa6 (size before relaxing)
 .debug_str     0x0000000000003978       0xb7 ./Libraries/seekfree_libraries/zf_uart.o
                                        0xbf3 (size before relaxing)
 .debug_str     0x0000000000003a2f       0x1b ./Libraries/board/board.o
                                        0x854 (size before relaxing)
 .debug_str     0x0000000000003a4a       0x66 ./Libraries/board/clock_config.o
                                        0x2b0 (size before relaxing)
 .debug_str     0x0000000000003ab0       0x52 ./CODE/Motor.o
                                        0xbfd (size before relaxing)
 .debug_str     0x0000000000003b02        0xe ./CODE/PID.o
                                        0xaa3 (size before relaxing)

.comment        0x0000000000000000       0x33
 .comment       0x0000000000000000       0x33 ./USER/isr.o
                                         0x34 (size before relaxing)
 .comment       0x0000000000000033       0x34 ./USER/main.o
 .comment       0x0000000000000033       0x34 ./Libraries/wch_libraries/Peripheral/ch32v10x_dma.o
 .comment       0x0000000000000033       0x34 ./Libraries/wch_libraries/Peripheral/ch32v10x_exti.o
 .comment       0x0000000000000033       0x34 ./Libraries/wch_libraries/Peripheral/ch32v10x_gpio.o
 .comment       0x0000000000000033       0x34 ./Libraries/wch_libraries/Peripheral/ch32v10x_misc.o
 .comment       0x0000000000000033       0x34 ./Libraries/wch_libraries/Peripheral/ch32v10x_rcc.o
 .comment       0x0000000000000033       0x34 ./Libraries/wch_libraries/Peripheral/ch32v10x_tim.o
 .comment       0x0000000000000033       0x34 ./Libraries/wch_libraries/Peripheral/ch32v10x_usart.o
 .comment       0x0000000000000033       0x34 ./Libraries/seekfree_peripheral/SEEKFREE_MT9V03X.o
 .comment       0x0000000000000033       0x34 ./Libraries/seekfree_peripheral/SEEKFREE_UART_7725.o
 .comment       0x0000000000000033       0x34 ./Libraries/seekfree_libraries/common.o
 .comment       0x0000000000000033       0x34 ./Libraries/seekfree_libraries/zf_gpio.o
 .comment       0x0000000000000033       0x34 ./Libraries/seekfree_libraries/zf_nvic.o
 .comment       0x0000000000000033       0x34 ./Libraries/seekfree_libraries/zf_pwm.o
 .comment       0x0000000000000033       0x34 ./Libraries/seekfree_libraries/zf_qtimer.o
 .comment       0x0000000000000033       0x34 ./Libraries/seekfree_libraries/zf_uart.o
 .comment       0x0000000000000033       0x34 ./Libraries/board/board.o
 .comment       0x0000000000000033       0x34 ./Libraries/board/clock_config.o
 .comment       0x0000000000000033       0x34 ./CODE/Motor.o
 .comment       0x0000000000000033       0x34 ./CODE/PID.o

.debug_frame    0x0000000000000000     0x1c5c
 .debug_frame   0x0000000000000000      0x1a8 ./USER/isr.o
 .debug_frame   0x00000000000001a8       0xc8 ./USER/main.o
 .debug_frame   0x0000000000000270       0xc0 ./Libraries/wch_libraries/Peripheral/ch32v10x_dma.o
 .debug_frame   0x0000000000000330       0x90 ./Libraries/wch_libraries/Peripheral/ch32v10x_exti.o
 .debug_frame   0x00000000000003c0      0x140 ./Libraries/wch_libraries/Peripheral/ch32v10x_gpio.o
 .debug_frame   0x0000000000000500       0x30 ./Libraries/wch_libraries/Peripheral/ch32v10x_misc.o
 .debug_frame   0x0000000000000530      0x220 ./Libraries/wch_libraries/Peripheral/ch32v10x_rcc.o
 .debug_frame   0x0000000000000750      0x668 ./Libraries/wch_libraries/Peripheral/ch32v10x_tim.o
 .debug_frame   0x0000000000000db8      0x210 ./Libraries/wch_libraries/Peripheral/ch32v10x_usart.o
 .debug_frame   0x0000000000000fc8      0x1ec ./Libraries/seekfree_peripheral/SEEKFREE_MT9V03X.o
 .debug_frame   0x00000000000011b4      0x214 ./Libraries/seekfree_peripheral/SEEKFREE_UART_7725.o
 .debug_frame   0x00000000000013c8       0xbc ./Libraries/seekfree_libraries/zf_gpio.o
 .debug_frame   0x0000000000001484       0xbc ./Libraries/seekfree_libraries/zf_nvic.o
 .debug_frame   0x0000000000001540       0xc8 ./Libraries/seekfree_libraries/zf_pwm.o
 .debug_frame   0x0000000000001608       0xa0 ./Libraries/seekfree_libraries/zf_qtimer.o
 .debug_frame   0x00000000000016a8      0x150 ./Libraries/seekfree_libraries/zf_uart.o
 .debug_frame   0x00000000000017f8       0x58 ./Libraries/board/board.o
 .debug_frame   0x0000000000001850       0x58 ./Libraries/board/clock_config.o
 .debug_frame   0x00000000000018a8       0xa4 ./CODE/Motor.o
 .debug_frame   0x000000000000194c       0x9c ./CODE/PID.o
 .debug_frame   0x00000000000019e8       0x44 d:/mounriver/mounriver_studio/toolchain/risc-v embedded gcc/bin/../lib/gcc/riscv-none-embed/8.2.0/rv32imac/ilp32\libgcc.a(adddf3.o)
 .debug_frame   0x0000000000001a2c       0x54 d:/mounriver/mounriver_studio/toolchain/risc-v embedded gcc/bin/../lib/gcc/riscv-none-embed/8.2.0/rv32imac/ilp32\libgcc.a(muldf3.o)
 .debug_frame   0x0000000000001a80       0x20 d:/mounriver/mounriver_studio/toolchain/risc-v embedded gcc/bin/../lib/gcc/riscv-none-embed/8.2.0/rv32imac/ilp32\libgcc.a(fixdfsi.o)
 .debug_frame   0x0000000000001aa0       0x38 d:/mounriver/mounriver_studio/toolchain/risc-v embedded gcc/bin/../lib/gcc/riscv-none-embed/8.2.0/rv32imac/ilp32\libgcc.a(floatsidf.o)
 .debug_frame   0x0000000000001ad8       0x40 d:/mounriver/mounriver_studio/toolchain/risc-v embedded gcc/bin/../lib/gcc/riscv-none-embed/8.2.0/rv32imac/ilp32\libgcc.a(addsf3.o)
 .debug_frame   0x0000000000001b18       0x20 d:/mounriver/mounriver_studio/toolchain/risc-v embedded gcc/bin/../lib/gcc/riscv-none-embed/8.2.0/rv32imac/ilp32\libgcc.a(gesf2.o)
 .debug_frame   0x0000000000001b38       0x20 d:/mounriver/mounriver_studio/toolchain/risc-v embedded gcc/bin/../lib/gcc/riscv-none-embed/8.2.0/rv32imac/ilp32\libgcc.a(lesf2.o)
 .debug_frame   0x0000000000001b58       0x50 d:/mounriver/mounriver_studio/toolchain/risc-v embedded gcc/bin/../lib/gcc/riscv-none-embed/8.2.0/rv32imac/ilp32\libgcc.a(mulsf3.o)
 .debug_frame   0x0000000000001ba8       0x3c d:/mounriver/mounriver_studio/toolchain/risc-v embedded gcc/bin/../lib/gcc/riscv-none-embed/8.2.0/rv32imac/ilp32\libgcc.a(subsf3.o)
 .debug_frame   0x0000000000001be4       0x20 d:/mounriver/mounriver_studio/toolchain/risc-v embedded gcc/bin/../lib/gcc/riscv-none-embed/8.2.0/rv32imac/ilp32\libgcc.a(fixsfsi.o)
 .debug_frame   0x0000000000001c04       0x38 d:/mounriver/mounriver_studio/toolchain/risc-v embedded gcc/bin/../lib/gcc/riscv-none-embed/8.2.0/rv32imac/ilp32\libgcc.a(floatsisf.o)
 .debug_frame   0x0000000000001c3c       0x20 d:/mounriver/mounriver_studio/toolchain/risc-v embedded gcc/bin/../lib/gcc/riscv-none-embed/8.2.0/rv32imac/ilp32\libgcc.a(_clzsi2.o)

.debug_loc      0x0000000000000000     0x344a
 .debug_loc     0x0000000000000000       0x44 ./USER/main.o
 .debug_loc     0x0000000000000044      0x183 ./Libraries/wch_libraries/Peripheral/ch32v10x_dma.o
 .debug_loc     0x00000000000001c7      0x181 ./Libraries/wch_libraries/Peripheral/ch32v10x_exti.o
 .debug_loc     0x0000000000000348      0x647 ./Libraries/wch_libraries/Peripheral/ch32v10x_gpio.o
 .debug_loc     0x000000000000098f       0x4b ./Libraries/wch_libraries/Peripheral/ch32v10x_misc.o
 .debug_loc     0x00000000000009da      0x76c ./Libraries/wch_libraries/Peripheral/ch32v10x_rcc.o
 .debug_loc     0x0000000000001146     0x1aa3 ./Libraries/wch_libraries/Peripheral/ch32v10x_tim.o
 .debug_loc     0x0000000000002be9      0x7ad ./Libraries/wch_libraries/Peripheral/ch32v10x_usart.o
 .debug_loc     0x0000000000003396       0xb4 ./CODE/PID.o

.stabstr        0x0000000000000000      0x183
 .stabstr       0x0000000000000000      0x183 d:/mounriver/mounriver_studio/toolchain/risc-v embedded gcc/bin/../lib/gcc/riscv-none-embed/8.2.0/../../../../riscv-none-embed/lib/rv32imac/ilp32\libnosys.a(close.o)
