Archive member included to satisfy reference by file (symbol)

d:/mounriver/mounriver_studio/toolchain/risc-v embedded gcc/bin/../lib/gcc/riscv-none-embed/8.2.0/../../../../riscv-none-embed/lib/rv32imac/ilp32\libm.a(lib_a-wf_sqrt.o)
                              ./CODE/TrackGet.o (sqrtf)
d:/mounriver/mounriver_studio/toolchain/risc-v embedded gcc/bin/../lib/gcc/riscv-none-embed/8.2.0/../../../../riscv-none-embed/lib/rv32imac/ilp32\libm.a(lib_a-ef_sqrt.o)
                              d:/mounriver/mounriver_studio/toolchain/risc-v embedded gcc/bin/../lib/gcc/riscv-none-embed/8.2.0/../../../../riscv-none-embed/lib/rv32imac/ilp32\libm.a(lib_a-wf_sqrt.o) (__ieee754_sqrtf)
d:/mounriver/mounriver_studio/toolchain/risc-v embedded gcc/bin/../lib/gcc/riscv-none-embed/8.2.0/../../../../riscv-none-embed/lib/rv32imac/ilp32\libm.a(lib_a-s_lib_ver.o)
                              d:/mounriver/mounriver_studio/toolchain/risc-v embedded gcc/bin/../lib/gcc/riscv-none-embed/8.2.0/../../../../riscv-none-embed/lib/rv32imac/ilp32\libm.a(lib_a-wf_sqrt.o) (__fdlib_version)
d:/mounriver/mounriver_studio/toolchain/risc-v embedded gcc/bin/../lib/gcc/riscv-none-embed/8.2.0/../../../../riscv-none-embed/lib/rv32imac/ilp32\libm.a(lib_a-s_matherr.o)
                              d:/mounriver/mounriver_studio/toolchain/risc-v embedded gcc/bin/../lib/gcc/riscv-none-embed/8.2.0/../../../../riscv-none-embed/lib/rv32imac/ilp32\libm.a(lib_a-wf_sqrt.o) (matherr)
d:/mounriver/mounriver_studio/toolchain/risc-v embedded gcc/bin/../lib/gcc/riscv-none-embed/8.2.0/rv32imac/ilp32\libgcc.a(adddf3.o)
                              ./CODE/TrackGet.o (__adddf3)
d:/mounriver/mounriver_studio/toolchain/risc-v embedded gcc/bin/../lib/gcc/riscv-none-embed/8.2.0/rv32imac/ilp32\libgcc.a(divdf3.o)
                              d:/mounriver/mounriver_studio/toolchain/risc-v embedded gcc/bin/../lib/gcc/riscv-none-embed/8.2.0/../../../../riscv-none-embed/lib/rv32imac/ilp32\libm.a(lib_a-wf_sqrt.o) (__divdf3)
d:/mounriver/mounriver_studio/toolchain/risc-v embedded gcc/bin/../lib/gcc/riscv-none-embed/8.2.0/rv32imac/ilp32\libgcc.a(eqdf2.o)
                              ./Libraries/seekfree_peripheral/SEEKFREE_PRINTF.o (__nedf2)
d:/mounriver/mounriver_studio/toolchain/risc-v embedded gcc/bin/../lib/gcc/riscv-none-embed/8.2.0/rv32imac/ilp32\libgcc.a(ledf2.o)
                              ./Libraries/seekfree_peripheral/SEEKFREE_18TFT.o (__ltdf2)
d:/mounriver/mounriver_studio/toolchain/risc-v embedded gcc/bin/../lib/gcc/riscv-none-embed/8.2.0/rv32imac/ilp32\libgcc.a(muldf3.o)
                              ./Libraries/seekfree_peripheral/SEEKFREE_PRINTF.o (__muldf3)
d:/mounriver/mounriver_studio/toolchain/risc-v embedded gcc/bin/../lib/gcc/riscv-none-embed/8.2.0/rv32imac/ilp32\libgcc.a(subdf3.o)
                              ./Libraries/seekfree_peripheral/SEEKFREE_PRINTF.o (__subdf3)
d:/mounriver/mounriver_studio/toolchain/risc-v embedded gcc/bin/../lib/gcc/riscv-none-embed/8.2.0/rv32imac/ilp32\libgcc.a(fixdfsi.o)
                              ./Libraries/seekfree_peripheral/SEEKFREE_PRINTF.o (__fixdfsi)
d:/mounriver/mounriver_studio/toolchain/risc-v embedded gcc/bin/../lib/gcc/riscv-none-embed/8.2.0/rv32imac/ilp32\libgcc.a(floatsidf.o)
                              ./Libraries/seekfree_peripheral/SEEKFREE_PRINTF.o (__floatsidf)
d:/mounriver/mounriver_studio/toolchain/risc-v embedded gcc/bin/../lib/gcc/riscv-none-embed/8.2.0/rv32imac/ilp32\libgcc.a(addsf3.o)
                              ./CODE/TrackGet.o (__addsf3)
d:/mounriver/mounriver_studio/toolchain/risc-v embedded gcc/bin/../lib/gcc/riscv-none-embed/8.2.0/rv32imac/ilp32\libgcc.a(divsf3.o)
                              ./CODE/TrackGet.o (__divsf3)
d:/mounriver/mounriver_studio/toolchain/risc-v embedded gcc/bin/../lib/gcc/riscv-none-embed/8.2.0/rv32imac/ilp32\libgcc.a(gesf2.o)
                              ./CODE/TrackGet.o (__gtsf2)
d:/mounriver/mounriver_studio/toolchain/risc-v embedded gcc/bin/../lib/gcc/riscv-none-embed/8.2.0/rv32imac/ilp32\libgcc.a(lesf2.o)
                              ./CODE/TrackGet.o (__ltsf2)
d:/mounriver/mounriver_studio/toolchain/risc-v embedded gcc/bin/../lib/gcc/riscv-none-embed/8.2.0/rv32imac/ilp32\libgcc.a(mulsf3.o)
                              ./CODE/TrackGet.o (__mulsf3)
d:/mounriver/mounriver_studio/toolchain/risc-v embedded gcc/bin/../lib/gcc/riscv-none-embed/8.2.0/rv32imac/ilp32\libgcc.a(subsf3.o)
                              ./CODE/TrackGet.o (__subsf3)
d:/mounriver/mounriver_studio/toolchain/risc-v embedded gcc/bin/../lib/gcc/riscv-none-embed/8.2.0/rv32imac/ilp32\libgcc.a(unordsf2.o)
                              d:/mounriver/mounriver_studio/toolchain/risc-v embedded gcc/bin/../lib/gcc/riscv-none-embed/8.2.0/../../../../riscv-none-embed/lib/rv32imac/ilp32\libm.a(lib_a-wf_sqrt.o) (__unordsf2)
d:/mounriver/mounriver_studio/toolchain/risc-v embedded gcc/bin/../lib/gcc/riscv-none-embed/8.2.0/rv32imac/ilp32\libgcc.a(fixsfsi.o)
[...]
Memory Configuration

Name             Origin             Length             Attributes
FLASH            0x0000000000000000 0x0000000000010000 xr
RAM              0x0000000020000000 0x0000000000005000 xrw
*default*        0x0000000000000000 0xffffffffffffffff

Linker script and memory map

LOAD ./USER/isr.o
LOAD ./USER/main.o
LOAD ./Libraries/wch_libraries/Startup/startup_ch32v10x.o
LOAD ./Libraries/wch_libraries/Peripheral/ch32v10x_adc.o
LOAD ./Libraries/wch_libraries/Peripheral/ch32v10x_bkp.o
LOAD ./Libraries/wch_libraries/Peripheral/ch32v10x_crc.o
LOAD ./Libraries/wch_libraries/Peripheral/ch32v10x_dbgmcu.o
LOAD ./Libraries/wch_libraries/Peripheral/ch32v10x_dma.o
LOAD ./Libraries/wch_libraries/Peripheral/ch32v10x_exti.o
LOAD ./Libraries/wch_libraries/Peripheral/ch32v10x_flash.o
LOAD ./Libraries/wch_libraries/Peripheral/ch32v10x_gpio.o
LOAD ./Libraries/wch_libraries/Peripheral/ch32v10x_i2c.o
LOAD ./Libraries/wch_libraries/Peripheral/ch32v10x_iwdg.o
LOAD ./Libraries/wch_libraries/Peripheral/ch32v10x_misc.o
LOAD ./Libraries/wch_libraries/Peripheral/ch32v10x_pwr.o
LOAD ./Libraries/wch_libraries/Peripheral/ch32v10x_rcc.o
LOAD ./Libraries/wch_libraries/Peripheral/ch32v10x_rtc.o
LOAD ./Libraries/wch_libraries/Peripheral/ch32v10x_spi.o
LOAD ./Libraries/wch_libraries/Peripheral/ch32v10x_tim.o
LOAD ./Libraries/wch_libraries/Peripheral/ch32v10x_usart.o
LOAD ./Libraries/wch_libraries/Peripheral/ch32v10x_usb.o
LOAD ./Libraries/wch_libraries/Peripheral/ch32v10x_usb_host.o
LOAD ./Libraries/wch_libraries/Peripheral/ch32v10x_wwdg.o
LOAD ./Libraries/wch_libraries/Core/core_riscv.o
LOAD ./Libraries/seekfree_peripheral/SEEKFREE_18TFT.o
LOAD ./Libraries/seekfree_peripheral/SEEKFREE_ABSOLUTE_ENCODER.o
LOAD ./Libraries/seekfree_peripheral/SEEKFREE_FONT.o
LOAD ./Libraries/seekfree_peripheral/SEEKFREE_ICM20602.o
LOAD ./Libraries/seekfree_peripheral/SEEKFREE_IIC.o
LOAD ./Libraries/seekfree_peripheral/SEEKFREE_IPS114_SPI.o
LOAD ./Libraries/seekfree_peripheral/SEEKFREE_MPU6050.o
LOAD ./Libraries/seekfree_peripheral/SEEKFREE_MT9V03X.o
LOAD ./Libraries/seekfree_peripheral/SEEKFREE_OLED.o
LOAD ./Libraries/seekfree_peripheral/SEEKFREE_PRINTF.o
LOAD ./Libraries/seekfree_peripheral/SEEKFREE_TSL1401.o
LOAD ./Libraries/seekfree_peripheral/SEEKFREE_UART_7725.o
LOAD ./Libraries/seekfree_peripheral/SEEKFREE_VIRSCO.o
LOAD ./Libraries/seekfree_peripheral/SEEKFREE_WIRELESS.o
LOAD ./Libraries/seekfree_libraries/common.o
LOAD ./Libraries/seekfree_libraries/misc.o
LOAD ./Libraries/seekfree_libraries/zf_adc.o
LOAD ./Libraries/seekfree_libraries/zf_camera.o
LOAD ./Libraries/seekfree_libraries/zf_flash.o
LOAD ./Libraries/seekfree_libraries/zf_gpio.o
LOAD ./Libraries/seekfree_libraries/zf_nvic.o
LOAD ./Libraries/seekfree_libraries/zf_pit.o
LOAD ./Libraries/seekfree_libraries/zf_pwm.o
LOAD ./Libraries/seekfree_libraries/zf_qtimer.o
LOAD ./Libraries/seekfree_libraries/zf_spi.o
LOAD ./Libraries/seekfree_libraries/zf_systick.o
LOAD ./Libraries/seekfree_libraries/zf_uart.o
LOAD ./Libraries/board/board.o
LOAD ./Libraries/board/clock_config.o
LOAD ./CODE/TrackGet.o
LOAD d:/mounriver/mounriver_studio/toolchain/risc-v embedded gcc/bin/../lib/gcc/riscv-none-embed/8.2.0/../../../../riscv-none-embed/lib/rv32imac/ilp32\libm.a
LOAD d:/mounriver/mounriver_studio/toolchain/risc-v embedded gcc/bin/../lib/gcc/riscv-none-embed/8.2.0/rv32imac/ilp32\libgcc.a
LOAD d:/mounriver/mounriver_studio/toolchain/risc-v embedded gcc/bin/../lib/gcc/riscv-none-embed/8.2.0/../../../../riscv-none-embed/lib/rv32imac/ilp32\libg_nano.a
LOAD d:/mounriver/mounriver_studio/toolchain/risc-v embedded gcc/bin/../lib/gcc/riscv-none-embed/8.2.0/../../../../riscv-none-embed/lib/rv32imac/ilp32\libc_nano.a
LOAD d:/mounriver/mounriver_studio/toolchain/risc-v embedded gcc/bin/../lib/gcc/riscv-none-embed/8.2.0/rv32imac/ilp32\libgcc.a
START GROUP
LOAD d:/mounriver/mounriver_studio/toolchain/risc-v embedded gcc/bin/../lib/gcc/riscv-none-embed/8.2.0/rv32imac/ilp32\libgcc.a
LOAD d:/mounriver/mounriver_studio/toolchain/risc-v embedded gcc/bin/../lib/gcc/riscv-none-embed/8.2.0/../../../../riscv-none-embed/lib/rv32imac/ilp32\libc_nano.a
LOAD d:/mounriver/mounriver_studio/toolchain/risc-v embedded gcc/bin/../lib/gcc/riscv-none-embed/8.2.0/../../../../riscv-none-embed/lib/rv32imac/ilp32\libnosys.a
END GROUP
START GROUP
LOAD d:/mounriver/mounriver_studio/toolchain/risc-v embedded gcc/bin/../lib/gcc/riscv-none-embed/8.2.0/rv32imac/ilp32\libgcc.a
LOAD d:/mounriver/mounriver_studio/toolchain/risc-v embedded gcc/bin/../lib/gcc/riscv-none-embed/8.2.0/../../../../riscv-none-embed/lib/rv32imac/ilp32\libc_nano.a
LOAD d:/mounriver/mounriver_studio/toolchain/risc-v embedded gcc/bin/../lib/gcc/riscv-none-embed/8.2.0/../../../../riscv-none-embed/lib/rv32imac/ilp32\libnosys.a
END GROUP
                0x0000000000000800                __stack_size = 0x800
                [!provide]                        PROVIDE (_stack_size = __stack_size)

.init           0x0000000000000000       0x38
                0x0000000000000000                _sinit = .
                0x0000000000000000                . = ALIGN (0x4)
 *(SORT_NONE(.init))
 .init          0x0000000000000000       0x38 ./Libraries/wch_libraries/Startup/startup_ch32v10x.o
                0x0000000000000000                _start
                0x0000000000000038                . = ALIGN (0x4)
                0x0000000000000038                _einit = .

.vector         0x0000000000000038      0x108
 *(.vector)
 .vector        0x0000000000000038       0xf0 ./Libraries/wch_libraries/Startup/startup_ch32v10x.o
                0x0000000000000140                . = ALIGN (0x40)
 *fill*         0x0000000000000128       0x18 

.text           0x0000000000000140     0x9ed8
                0x0000000000000140                . = ALIGN (0x4)
 *(.text)
 .text          0x0000000000000140       0xa8 d:/mounriver/mounriver_studio/toolchain/risc-v embedded gcc/bin/../lib/gcc/riscv-none-embed/8.2.0/../../../../riscv-none-embed/lib/rv32imac/ilp32\libg_nano.a(lib_a-memset.o)
                0x0000000000000140                memset
 *(.text.*)
 .text.EXTI0_IRQHandler
                0x00000000000001e8       0x10 ./USER/isr.o
                0x00000000000001e8                EXTI0_IRQHandler
 .text.EXTI1_IRQHandler
                0x00000000000001f8       0x4a ./USER/isr.o
                0x00000000000001f8                EXTI1_IRQHandler
 .text.EXTI2_IRQHandler
                0x0000000000000242       0x70 ./USER/isr.o
                0x0000000000000242                EXTI2_IRQHandler
 .text.EXTI3_IRQHandler
                0x00000000000002b2       0x10 ./USER/isr.o
                0x00000000000002b2                EXTI3_IRQHandler
 .text.EXTI4_IRQHandler
                0x00000000000002c2       0x10 ./USER/isr.o
                0x00000000000002c2                EXTI4_IRQHandler
 .text.EXTI9_5_IRQHandler
                0x00000000000002d2       0x10 ./USER/isr.o
                0x00000000000002d2                EXTI9_5_IRQHandler
 .text.EXTI15_10_IRQHandler
                0x00000000000002e2       0x10 ./USER/isr.o
                0x00000000000002e2                EXTI15_10_IRQHandler
 .text.ADC1_2_IRQHandler
                0x00000000000002f2       0x10 ./USER/isr.o
                0x00000000000002f2                ADC1_2_IRQHandler
 .text.TIM1_BRK_IRQHandler
                0x0000000000000302       0x34 ./USER/isr.o
                0x0000000000000302                TIM1_BRK_IRQHandler
 .text.TIM1_UP_IRQHandler
                0x0000000000000336       0x30 ./USER/isr.o
                0x0000000000000336                TIM1_UP_IRQHandler
 .text.TIM1_TRG_COM_IRQHandler
                0x0000000000000366       0x58 ./USER/isr.o
                0x0000000000000366                TIM1_TRG_COM_IRQHandler
 .text.TIM1_CC_IRQHandler
                0x00000000000003be       0x90 ./USER/isr.o
                0x00000000000003be                TIM1_CC_IRQHandler
 .text.TIM2_IRQHandler
                0x000000000000044e       0x28 ./USER/isr.o
                0x000000000000044e                TIM2_IRQHandler
 .text.TIM3_IRQHandler
                0x0000000000000476       0x30 ./USER/isr.o
                0x0000000000000476                TIM3_IRQHandler
 .text.USART1_IRQHandler
                0x00000000000004a6       0x10 ./USER/isr.o
                0x00000000000004a6                USART1_IRQHandler
 .text.USART2_IRQHandler
                0x00000000000004b6       0x5a ./USER/isr.o
                0x00000000000004b6                USART2_IRQHandler
 .text.USART3_IRQHandler
                0x0000000000000510       0x10 ./USER/isr.o
                0x0000000000000510                USART3_IRQHandler
 .text.DMA1_Channel4_IRQHandler
                0x0000000000000520       0x4a ./USER/isr.o
                0x0000000000000520                DMA1_Channel4_IRQHandler
 .text.NMI_Handler
                0x000000000000056a       0x10 ./USER/isr.o
                0x000000000000056a                NMI_Handler
 .text.HardFault_Handler
                0x000000000000057a        0x8 ./USER/isr.o
                0x000000000000057a                HardFault_Handler
 .text.get_sensor_data
                0x0000000000000582       0x3a ./USER/main.o
                0x0000000000000582                get_sensor_data
 .text.process_data
                0x00000000000005bc       0xe8 ./USER/main.o
                0x00000000000005bc                process_data
 .text.TIM4_IRQHandler
                0x00000000000006a4       0x58 ./USER/main.o
                0x00000000000006a4                TIM4_IRQHandler
 .text.main     0x00000000000006fc      0x2de ./USER/main.o
                0x00000000000006fc                main
 .text.handle_reset
                0x00000000000009da       0x7e ./Libraries/wch_libraries/Startup/startup_ch32v10x.o
                0x00000000000009da                handle_reset
 .text.DMA_DeInit
                0x0000000000000a58      0x20e ./Libraries/wch_libraries/Peripheral/ch32v10x_dma.o
                0x0000000000000a58                DMA_DeInit
 .text.DMA_Init
                0x0000000000000c66       0xa8 ./Libraries/wch_libraries/Peripheral/ch32v10x_dma.o
                0x0000000000000c66                DMA_Init
 .text.DMA_Cmd  0x0000000000000d0e       0x40 ./Libraries/wch_libraries/Peripheral/ch32v10x_dma.o
                0x0000000000000d0e                DMA_Cmd
 .text.DMA_ITConfig
                0x0000000000000d4e       0x4a ./Libraries/wch_libraries/Peripheral/ch32v10x_dma.o
                0x0000000000000d4e                DMA_ITConfig
 .text.DMA_GetFlagStatus
                0x0000000000000d98       0x5c ./Libraries/wch_libraries/Peripheral/ch32v10x_dma.o
                0x0000000000000d98                DMA_GetFlagStatus
 .text.DMA_ClearFlag
                0x0000000000000df4       0x38 ./Libraries/wch_libraries/Peripheral/ch32v10x_dma.o
                0x0000000000000df4                DMA_ClearFlag
 .text.EXTI_Init
                0x0000000000000e2c      0x170 ./Libraries/wch_libraries/Peripheral/ch32v10x_exti.o
                0x0000000000000e2c                EXTI_Init
 .text.EXTI_GetITStatus
                0x0000000000000f9c       0x56 ./Libraries/wch_libraries/Peripheral/ch32v10x_exti.o
                0x0000000000000f9c                EXTI_GetITStatus
 .text.EXTI_ClearITPendingBit
                0x0000000000000ff2       0x20 ./Libraries/wch_libraries/Peripheral/ch32v10x_exti.o
                0x0000000000000ff2                EXTI_ClearITPendingBit
 .text.GPIO_Init
                0x0000000000001012      0x22a ./Libraries/wch_libraries/Peripheral/ch32v10x_gpio.o
                0x0000000000001012                GPIO_Init
 .text.GPIO_WriteBit
                0x000000000000123c       0x38 ./Libraries/wch_libraries/Peripheral/ch32v10x_gpio.o
                0x000000000000123c                GPIO_WriteBit
 .text.GPIO_PinRemapConfig
                0x0000000000001274      0x13c ./Libraries/wch_libraries/Peripheral/ch32v10x_gpio.o
                0x0000000000001274                GPIO_PinRemapConfig
 .text.GPIO_EXTILineConfig
                0x00000000000013b0       0xa2 ./Libraries/wch_libraries/Peripheral/ch32v10x_gpio.o
                0x00000000000013b0                GPIO_EXTILineConfig
 .text.NVIC_EnableIRQ
                0x0000000000001452       0x32 ./Libraries/wch_libraries/Peripheral/ch32v10x_misc.o
 .text.NVIC_DisableIRQ
                0x0000000000001484       0x32 ./Libraries/wch_libraries/Peripheral/ch32v10x_misc.o
 .text.NVIC_SetPriority
                0x00000000000014b6       0x2a ./Libraries/wch_libraries/Peripheral/ch32v10x_misc.o
 .text.NVIC_Init
                0x00000000000014e0       0xc4 ./Libraries/wch_libraries/Peripheral/ch32v10x_misc.o
                0x00000000000014e0                NVIC_Init
 .text.RCC_GetClocksFreq
                0x00000000000015a4      0x21a ./Libraries/wch_libraries/Peripheral/ch32v10x_rcc.o
                0x00000000000015a4                RCC_GetClocksFreq
 .text.RCC_AHBPeriphClockCmd
                0x00000000000017be       0x46 ./Libraries/wch_libraries/Peripheral/ch32v10x_rcc.o
                0x00000000000017be                RCC_AHBPeriphClockCmd
 .text.RCC_APB2PeriphClockCmd
                0x0000000000001804       0x46 ./Libraries/wch_libraries/Peripheral/ch32v10x_rcc.o
                0x0000000000001804                RCC_APB2PeriphClockCmd
 .text.RCC_APB1PeriphClockCmd
                0x000000000000184a       0x46 ./Libraries/wch_libraries/Peripheral/ch32v10x_rcc.o
                0x000000000000184a                RCC_APB1PeriphClockCmd
 .text.SPI_Init
                0x0000000000001890       0xf8 ./Libraries/wch_libraries/Peripheral/ch32v10x_spi.o
                0x0000000000001890                SPI_Init
 .text.SPI_Cmd  0x0000000000001988       0x5a ./Libraries/wch_libraries/Peripheral/ch32v10x_spi.o
                0x0000000000001988                SPI_Cmd
 .text.TIM_TimeBaseInit
                0x00000000000019e2       0xfa ./Libraries/wch_libraries/Peripheral/ch32v10x_tim.o
                0x00000000000019e2                TIM_TimeBaseInit
 .text.TIM_TimeBaseStructInit
                0x0000000000001adc       0x3c ./Libraries/wch_libraries/Peripheral/ch32v10x_tim.o
                0x0000000000001adc                TIM_TimeBaseStructInit
 .text.TIM_Cmd  0x0000000000001b18       0x58 ./Libraries/wch_libraries/Peripheral/ch32v10x_tim.o
                0x0000000000001b18                TIM_Cmd
 .text.TIM_ITConfig
                0x0000000000001b70       0x70 ./Libraries/wch_libraries/Peripheral/ch32v10x_tim.o
                0x0000000000001b70                TIM_ITConfig
 .text.TIM_DMACmd
                0x0000000000001be0       0x70 ./Libraries/wch_libraries/Peripheral/ch32v10x_tim.o
                0x0000000000001be0                TIM_DMACmd
 .text.TIM_ETRClockMode1Config
                0x0000000000001c50       0x8a ./Libraries/wch_libraries/Peripheral/ch32v10x_tim.o
                0x0000000000001c50                TIM_ETRClockMode1Config
 .text.TIM_ETRConfig
                0x0000000000001cda       0x7c ./Libraries/wch_libraries/Peripheral/ch32v10x_tim.o
                0x0000000000001cda                TIM_ETRConfig
 .text.TIM_SelectInputTrigger
                0x0000000000001d56       0x4e ./Libraries/wch_libraries/Peripheral/ch32v10x_tim.o
                0x0000000000001d56                TIM_SelectInputTrigger
 .text.TIM_EncoderInterfaceConfig
                0x0000000000001da4       0xd8 ./Libraries/wch_libraries/Peripheral/ch32v10x_tim.o
                0x0000000000001da4                TIM_EncoderInterfaceConfig
 .text.TIM_SelectSlaveMode
                0x0000000000001e7c       0x56 ./Libraries/wch_libraries/Peripheral/ch32v10x_tim.o
                0x0000000000001e7c                TIM_SelectSlaveMode
 .text.TIM_SelectMasterSlaveMode
                0x0000000000001ed2       0x58 ./Libraries/wch_libraries/Peripheral/ch32v10x_tim.o
                0x0000000000001ed2                TIM_SelectMasterSlaveMode
 .text.TIM_GetITStatus
                0x0000000000001f2a       0x70 ./Libraries/wch_libraries/Peripheral/ch32v10x_tim.o
                0x0000000000001f2a                TIM_GetITStatus
 .text.TIM_ClearITPendingBit
                0x0000000000001f9a       0x2e ./Libraries/wch_libraries/Peripheral/ch32v10x_tim.o
                0x0000000000001f9a                TIM_ClearITPendingBit
 .text.USART_Init
                0x0000000000001fc8      0x234 ./Libraries/wch_libraries/Peripheral/ch32v10x_usart.o
                0x0000000000001fc8                USART_Init
 .text.USART_Cmd
                0x00000000000021fc       0x60 ./Libraries/wch_libraries/Peripheral/ch32v10x_usart.o
                0x00000000000021fc                USART_Cmd
 .text.USART_ITConfig
                0x000000000000225c       0xc4 ./Libraries/wch_libraries/Peripheral/ch32v10x_usart.o
                0x000000000000225c                USART_ITConfig
 .text.USART_SendData
                0x0000000000002320       0x2e ./Libraries/wch_libraries/Peripheral/ch32v10x_usart.o
                0x0000000000002320                USART_SendData
 .text.USART_GetFlagStatus
                0x000000000000234e       0x46 ./Libraries/wch_libraries/Peripheral/ch32v10x_usart.o
                0x000000000000234e                USART_GetFlagStatus
 .text.USART_GetITStatus
                0x0000000000002394      0x102 ./Libraries/wch_libraries/Peripheral/ch32v10x_usart.o
                0x0000000000002394                USART_GetITStatus
 .text.USART_ClearITPendingBit
                0x0000000000002496       0x4e ./Libraries/wch_libraries/Peripheral/ch32v10x_usart.o
                0x0000000000002496                USART_ClearITPendingBit
 .text.lcd_writeIndex
                0x00000000000024e4       0x52 ./Libraries/seekfree_peripheral/SEEKFREE_18TFT.o
                0x00000000000024e4                lcd_writeIndex
 .text.lcd_writeData
                0x0000000000002536       0x56 ./Libraries/seekfree_peripheral/SEEKFREE_18TFT.o
                0x0000000000002536                lcd_writeData
 .text.lcd_writedata_16bit
                0x000000000000258c       0x74 ./Libraries/seekfree_peripheral/SEEKFREE_18TFT.o
                0x000000000000258c                lcd_writedata_16bit
 .text.lcd_set_region
                0x0000000000002600      0x124 ./Libraries/seekfree_peripheral/SEEKFREE_18TFT.o
                0x0000000000002600                lcd_set_region
 .text.lcd_clear
                0x0000000000002724       0x62 ./Libraries/seekfree_peripheral/SEEKFREE_18TFT.o
                0x0000000000002724                lcd_clear
 .text.lcd_init
                0x0000000000002786      0x2c2 ./Libraries/seekfree_peripheral/SEEKFREE_18TFT.o
                0x0000000000002786                lcd_init
 .text.lcd_showchar
                0x0000000000002a48       0xcc ./Libraries/seekfree_peripheral/SEEKFREE_18TFT.o
                0x0000000000002a48                lcd_showchar
 .text.lcd_showint8
                0x0000000000002b14      0x12c ./Libraries/seekfree_peripheral/SEEKFREE_18TFT.o
                0x0000000000002b14                lcd_showint8
 .text.lcd_showint16
                0x0000000000002c40      0x178 ./Libraries/seekfree_peripheral/SEEKFREE_18TFT.o
                0x0000000000002c40                lcd_showint16
 .text.lcd_displayimage032
                0x0000000000002db8      0x148 ./Libraries/seekfree_peripheral/SEEKFREE_18TFT.o
                0x0000000000002db8                lcd_displayimage032
 .text.mt9v03x_uart_callback
                0x0000000000002f00       0x70 ./Libraries/seekfree_peripheral/SEEKFREE_MT9V03X.o
                0x0000000000002f00                mt9v03x_uart_callback
 .text.set_config
                0x0000000000002f70       0xf0 ./Libraries/seekfree_peripheral/SEEKFREE_MT9V03X.o
                0x0000000000002f70                set_config
 .text.get_config
                0x0000000000003060       0xc8 ./Libraries/seekfree_peripheral/SEEKFREE_MT9V03X.o
                0x0000000000003060                get_config
 .text.mt9v03x_vsync_init
                0x0000000000003128       0x28 ./Libraries/seekfree_peripheral/SEEKFREE_MT9V03X.o
                0x0000000000003128                mt9v03x_vsync_init
 .text.mt9v03x_tim1_etr_init
                0x0000000000003150       0x18 ./Libraries/seekfree_peripheral/SEEKFREE_MT9V03X.o
                0x0000000000003150                mt9v03x_tim1_etr_init
 .text.mt9v03x_dma_init
                0x0000000000003168       0x70 ./Libraries/seekfree_peripheral/SEEKFREE_MT9V03X.o
                0x0000000000003168                mt9v03x_dma_init
 .text.mt9v03x_init
                0x00000000000031d8       0x82 ./Libraries/seekfree_peripheral/SEEKFREE_MT9V03X.o
                0x00000000000031d8                mt9v03x_init
 .text.mt9v03x_vsync
                0x000000000000325a       0x36 ./Libraries/seekfree_peripheral/SEEKFREE_MT9V03X.o
                0x000000000000325a                mt9v03x_vsync
 .text.mt9v03x_dma
                0x0000000000003290       0x2e ./Libraries/seekfree_peripheral/SEEKFREE_MT9V03X.o
                0x0000000000003290                mt9v03x_dma
 .text.ov7725_cof_uart_interrupt
                0x00000000000032be       0x70 ./Libraries/seekfree_peripheral/SEEKFREE_UART_7725.o
                0x00000000000032be                ov7725_cof_uart_interrupt
 .text.ov7725_uart_vsync
                0x000000000000332e       0x36 ./Libraries/seekfree_peripheral/SEEKFREE_UART_7725.o
                0x000000000000332e                ov7725_uart_vsync
 .text.ov7725_uart_dma
                0x0000000000003364       0x2e ./Libraries/seekfree_peripheral/SEEKFREE_UART_7725.o
                0x0000000000003364                ov7725_uart_dma
 .text.camera_dma_init
                0x0000000000003392      0x15a ./Libraries/seekfree_libraries/zf_camera.o
                0x0000000000003392                camera_dma_init
 .text.camera_tim_etr_init
                0x00000000000034ec      0x14a ./Libraries/seekfree_libraries/zf_camera.o
                0x00000000000034ec                camera_tim_etr_init
 .text.gpio_init
                0x0000000000003636      0x1a4 ./Libraries/seekfree_libraries/zf_gpio.o
                0x0000000000003636                gpio_init
 .text.gpio_interrupt_init
                0x00000000000037da       0x82 ./Libraries/seekfree_libraries/zf_gpio.o
                0x00000000000037da                gpio_interrupt_init
 .text.nvic_init
                0x000000000000385c       0xac ./Libraries/seekfree_libraries/zf_nvic.o
                0x000000000000385c                nvic_init
 .text.close_all_irq
                0x0000000000003908       0x22 ./Libraries/seekfree_libraries/zf_nvic.o
                0x0000000000003908                close_all_irq
 .text.sys_recover_irq
                0x000000000000392a       0x30 ./Libraries/seekfree_libraries/zf_nvic.o
                0x000000000000392a                sys_recover_irq
 .text.DisableGlobalIRQ
                0x000000000000395a       0x48 ./Libraries/seekfree_libraries/zf_nvic.o
                0x000000000000395a                DisableGlobalIRQ
 .text.EnableGlobalIRQ
                0x00000000000039a2       0x2c ./Libraries/seekfree_libraries/zf_nvic.o
                0x00000000000039a2                EnableGlobalIRQ
 .text.timer_pit_interrupt_ms
                0x00000000000039ce      0x18e ./Libraries/seekfree_libraries/zf_pit.o
                0x00000000000039ce                timer_pit_interrupt_ms
 .text.timer_gpio_quad_init
                0x0000000000003b5c      0x170 ./Libraries/seekfree_libraries/zf_qtimer.o
                0x0000000000003b5c                timer_gpio_quad_init
 .text.timer_quad_init
                0x0000000000003ccc      0x15e ./Libraries/seekfree_libraries/zf_qtimer.o
                0x0000000000003ccc                timer_quad_init
 .text.timer_quad_get
                0x0000000000003e2a       0x32 ./Libraries/seekfree_libraries/zf_qtimer.o
                0x0000000000003e2a                timer_quad_get
 .text.timer_quad_clear
                0x0000000000003e5c       0x26 ./Libraries/seekfree_libraries/zf_qtimer.o
                0x0000000000003e5c                timer_quad_clear
 .text.spi_gpio_init
                0x0000000000003e82      0x18e ./Libraries/seekfree_libraries/zf_spi.o
                0x0000000000003e82                spi_gpio_init
 .text.spi_init
                0x0000000000004010      0x136 ./Libraries/seekfree_libraries/zf_spi.o
                0x0000000000004010                spi_init
 .text.spi_mosi
                0x0000000000004146       0xc2 ./Libraries/seekfree_libraries/zf_spi.o
                0x0000000000004146                spi_mosi
 .text.systick_delay
                0x0000000000004208       0x94 ./Libraries/seekfree_libraries/zf_systick.o
                0x0000000000004208                systick_delay
 .text.uart_gpio_init
                0x000000000000429c       0xec ./Libraries/seekfree_libraries/zf_uart.o
                0x000000000000429c                uart_gpio_init
 .text.uart_init
                0x0000000000004388      0x106 ./Libraries/seekfree_libraries/zf_uart.o
                0x0000000000004388                uart_init
 .text.uart_putchar
                0x000000000000448e       0x56 ./Libraries/seekfree_libraries/zf_uart.o
                0x000000000000448e                uart_putchar
 .text.uart_putbuff
                0x00000000000044e4       0x48 ./Libraries/seekfree_libraries/zf_uart.o
                0x00000000000044e4                uart_putbuff
 .text.uart_rx_irq
                0x000000000000452c       0x50 ./Libraries/seekfree_libraries/zf_uart.o
                0x000000000000452c                uart_rx_irq
 .text.board_init
                0x000000000000457c       0x48 ./Libraries/board/board.o
                0x000000000000457c                board_init
 .text._write   0x00000000000045c4       0x78 ./Libraries/board/board.o
                0x00000000000045c4                _write
 .text.SetSysClock
                0x000000000000463c      0x140 ./Libraries/board/clock_config.o
 .text.SystemInit
                0x000000000000477c       0x7e ./Libraries/board/clock_config.o
                0x000000000000477c                SystemInit
 .text.trackBorder_Get
                0x00000000000047fa      0x3d2 ./CODE/TrackGet.o
                0x00000000000047fa                trackBorder_Get
 .text.is_Straight
                0x0000000000004bcc      0x1d2 ./CODE/TrackGet.o
                0x0000000000004bcc                is_Straight
 .text.find_Inflection_C
                0x0000000000004d9e      0x288 ./CODE/TrackGet.o
                0x0000000000004d9e                find_Inflection_C
 .text.find_Inflection_B
                0x0000000000005026      0x18e ./CODE/TrackGet.o
                0x0000000000005026                find_Inflection_B
 .text.find_Inflection_A
                0x00000000000051b4      0x374 ./CODE/TrackGet.o
                0x00000000000051b4                find_Inflection_A
 .text.centre_line_get
                0x0000000000005528      0x324 ./CODE/TrackGet.o
                0x0000000000005528                centre_line_get
 .text.judge_Ring
                0x000000000000584c      0x1e8 ./CODE/TrackGet.o
                0x000000000000584c                judge_Ring
 .text.repair_Ring
                0x0000000000005a34      0x91e ./CODE/TrackGet.o
                0x0000000000005a34                repair_Ring
 .text.__adddf3
                0x0000000000006352      0x730 d:/mounriver/mounriver_studio/toolchain/risc-v embedded gcc/bin/../lib/gcc/riscv-none-embed/8.2.0/rv32imac/ilp32\libgcc.a(adddf3.o)
                0x0000000000006352                __adddf3
 .text.__muldf3
                0x0000000000006a82      0x4b8 d:/mounriver/mounriver_studio/toolchain/risc-v embedded gcc/bin/../lib/gcc/riscv-none-embed/8.2.0/rv32imac/ilp32\libgcc.a(muldf3.o)
                0x0000000000006a82                __muldf3
 .text.__subdf3
                0x0000000000006f3a      0x73e d:/mounriver/mounriver_studio/toolchain/risc-v embedded gcc/bin/../lib/gcc/riscv-none-embed/8.2.0/rv32imac/ilp32\libgcc.a(subdf3.o)
                0x0000000000006f3a                __subdf3
 .text.__fixdfsi
                0x0000000000007678       0x68 d:/mounriver/mounriver_studio/toolchain/risc-v embedded gcc/bin/../lib/gcc/riscv-none-embed/8.2.0/rv32imac/ilp32\libgcc.a(fixdfsi.o)
                0x0000000000007678                __fixdfsi
 .text.__floatsidf
                0x00000000000076e0       0x72 d:/mounriver/mounriver_studio/toolchain/risc-v embedded gcc/bin/../lib/gcc/riscv-none-embed/8.2.0/rv32imac/ilp32\libgcc.a(floatsidf.o)
                0x00000000000076e0                __floatsidf
 .text.__addsf3
                0x0000000000007752      0x36a d:/mounriver/mounriver_studio/toolchain/risc-v embedded gcc/bin/../lib/gcc/riscv-none-embed/8.2.0/rv32imac/ilp32\libgcc.a(addsf3.o)
                0x0000000000007752                __addsf3
 .text.__gesf2  0x0000000000007abc       0x86 d:/mounriver/mounriver_studio/toolchain/risc-v embedded gcc/bin/../lib/gcc/riscv-none-embed/8.2.0/rv32imac/ilp32\libgcc.a(gesf2.o)
                0x0000000000007abc                __gesf2
                0x0000000000007abc                __gtsf2
 .text.__lesf2  0x0000000000007b42       0x8c d:/mounriver/mounriver_studio/toolchain/risc-v embedded gcc/bin/../lib/gcc/riscv-none-embed/8.2.0/rv32imac/ilp32\libgcc.a(lesf2.o)
                0x0000000000007b42                __ltsf2
                0x0000000000007b42                __lesf2
 .text.__mulsf3
                0x0000000000007bce      0x290 d:/mounriver/mounriver_studio/toolchain/risc-v embedded gcc/bin/../lib/gcc/riscv-none-embed/8.2.0/rv32imac/ilp32\libgcc.a(mulsf3.o)
                0x0000000000007bce                __mulsf3
 .text.__subsf3
                0x0000000000007e5e      0x388 d:/mounriver/mounriver_studio/toolchain/risc-v embedded gcc/bin/../lib/gcc/riscv-none-embed/8.2.0/rv32imac/ilp32\libgcc.a(subsf3.o)
                0x0000000000007e5e                __subsf3
 .text.__fixsfsi
                0x00000000000081e6       0x62 d:/mounriver/mounriver_studio/toolchain/risc-v embedded gcc/bin/../lib/gcc/riscv-none-embed/8.2.0/rv32imac/ilp32\libgcc.a(fixsfsi.o)
                0x00000000000081e6                __fixsfsi
 .text.__floatsisf
                0x0000000000008248       0xc6 d:/mounriver/mounriver_studio/toolchain/risc-v embedded gcc/bin/../lib/gcc/riscv-none-embed/8.2.0/rv32imac/ilp32\libgcc.a(floatsisf.o)
                0x0000000000008248                __floatsisf
 .text.__clzsi2
                0x000000000000830e       0x76 d:/mounriver/mounriver_studio/toolchain/risc-v embedded gcc/bin/../lib/gcc/riscv-none-embed/8.2.0/rv32imac/ilp32\libgcc.a(_clzsi2.o)
                0x000000000000830e                __clzsi2
 .text.__assert_func
                0x0000000000008384       0x3a d:/mounriver/mounriver_studio/toolchain/risc-v embedded gcc/bin/../lib/gcc/riscv-none-embed/8.2.0/../../../../riscv-none-embed/lib/rv32imac/ilp32\libg_nano.a(lib_a-assert.o)
                0x0000000000008384                __assert_func
 .text.fprintf  0x00000000000083be       0x26 d:/mounriver/mounriver_studio/toolchain/risc-v embedded gcc/bin/../lib/gcc/riscv-none-embed/8.2.0/../../../../riscv-none-embed/lib/rv32imac/ilp32\libg_nano.a(lib_a-fprintf.o)
                0x00000000000083be                fiprintf
                0x00000000000083be                fprintf
 .text.__sfputc_r
                0x00000000000083e4       0x28 d:/mounriver/mounriver_studio/toolchain/risc-v embedded gcc/bin/../lib/gcc/riscv-none-embed/8.2.0/../../../../riscv-none-embed/lib/rv32imac/ilp32\libg_nano.a(lib_a-nano-vfprintf.o)
 .text.__sfputs_r
                0x000000000000840c       0x44 d:/mounriver/mounriver_studio/toolchain/risc-v embedded gcc/bin/../lib/gcc/riscv-none-embed/8.2.0/../../../../riscv-none-embed/lib/rv32imac/ilp32\libg_nano.a(lib_a-nano-vfprintf.o)
                0x000000000000840c                __sfputs_r
 .text._vfprintf_r
                0x0000000000008450      0x2a0 d:/mounriver/mounriver_studio/toolchain/risc-v embedded gcc/bin/../lib/gcc/riscv-none-embed/8.2.0/../../../../riscv-none-embed/lib/rv32imac/ilp32\libg_nano.a(lib_a-nano-vfprintf.o)
                0x0000000000008450                _vfprintf_r
                0x0000000000008450                _vfiprintf_r
 .text._printf_common
                0x00000000000086f0      0x10c d:/mounriver/mounriver_studio/toolchain/risc-v embedded gcc/bin/../lib/gcc/riscv-none-embed/8.2.0/../../../../riscv-none-embed/lib/rv32imac/ilp32\libg_nano.a(lib_a-nano-vfprintf_i.o)
                0x00000000000086f0                _printf_common
 .text._printf_i
                0x00000000000087fc      0x2a4 d:/mounriver/mounriver_studio/toolchain/risc-v embedded gcc/bin/../lib/gcc/riscv-none-embed/8.2.0/../../../../riscv-none-embed/lib/rv32imac/ilp32\libg_nano.a(lib_a-nano-vfprintf_i.o)
                0x00000000000087fc                _printf_i
 .text.__swbuf_r
                0x0000000000008aa0       0xc0 d:/mounriver/mounriver_studio/toolchain/risc-v embedded gcc/bin/../lib/gcc/riscv-none-embed/8.2.0/../../../../riscv-none-embed/lib/rv32imac/ilp32\libg_nano.a(lib_a-wbuf.o)
                0x0000000000008aa0                __swbuf_r
 .text.__swsetup_r
                0x0000000000008b60      0x10c d:/mounriver/mounriver_studio/toolchain/risc-v embedded gcc/bin/../lib/gcc/riscv-none-embed/8.2.0/../../../../riscv-none-embed/lib/rv32imac/ilp32\libg_nano.a(lib_a-wsetup.o)
                0x0000000000008b60                __swsetup_r
 .text.abort    0x0000000000008c6c        0xe d:/mounriver/mounriver_studio/toolchain/risc-v embedded gcc/bin/../lib/gcc/riscv-none-embed/8.2.0/../../../../riscv-none-embed/lib/rv32imac/ilp32\libg_nano.a(lib_a-abort.o)
                0x0000000000008c6c                abort
 .text.__sflush_r
                0x0000000000008c7a      0x13c d:/mounriver/mounriver_studio/toolchain/risc-v embedded gcc/bin/../lib/gcc/riscv-none-embed/8.2.0/../../../../riscv-none-embed/lib/rv32imac/ilp32\libg_nano.a(lib_a-fflush.o)
                0x0000000000008c7a                __sflush_r
 .text._fflush_r
                0x0000000000008db6       0x66 d:/mounriver/mounriver_studio/toolchain/risc-v embedded gcc/bin/../lib/gcc/riscv-none-embed/8.2.0/../../../../riscv-none-embed/lib/rv32imac/ilp32\libg_nano.a(lib_a-fflush.o)
                0x0000000000008db6                _fflush_r
 .text.std      0x0000000000008e1c       0x6a d:/mounriver/mounriver_studio/toolchain/risc-v embedded gcc/bin/../lib/gcc/riscv-none-embed/8.2.0/../../../../riscv-none-embed/lib/rv32imac/ilp32\libg_nano.a(lib_a-findfp.o)
 .text._cleanup_r
                0x0000000000008e86        0xa d:/mounriver/mounriver_studio/toolchain/risc-v embedded gcc/bin/../lib/gcc/riscv-none-embed/8.2.0/../../../../riscv-none-embed/lib/rv32imac/ilp32\libg_nano.a(lib_a-findfp.o)
                0x0000000000008e86                _cleanup_r
 .text.__sfmoreglue
                0x0000000000008e90       0x46 d:/mounriver/mounriver_studio/toolchain/risc-v embedded gcc/bin/../lib/gcc/riscv-none-embed/8.2.0/../../../../riscv-none-embed/lib/rv32imac/ilp32\libg_nano.a(lib_a-findfp.o)
                0x0000000000008e90                __sfmoreglue
 .text.__sinit  0x0000000000008ed6       0x6c d:/mounriver/mounriver_studio/toolchain/risc-v embedded gcc/bin/../lib/gcc/riscv-none-embed/8.2.0/../../../../riscv-none-embed/lib/rv32imac/ilp32\libg_nano.a(lib_a-findfp.o)
                0x0000000000008ed6                __sinit
 .text.__sfp    0x0000000000008f42       0xa0 d:/mounriver/mounriver_studio/toolchain/risc-v embedded gcc/bin/../lib/gcc/riscv-none-embed/8.2.0/../../../../riscv-none-embed/lib/rv32imac/ilp32\libg_nano.a(lib_a-findfp.o)
                0x0000000000008f42                __sfp
 .text._fwalk_reent
                0x0000000000008fe2       0x6c d:/mounriver/mounriver_studio/toolchain/risc-v embedded gcc/bin/../lib/gcc/riscv-none-embed/8.2.0/../../../../riscv-none-embed/lib/rv32imac/ilp32\libg_nano.a(lib_a-fwalk.o)
                0x0000000000008fe2                _fwalk_reent
 .text.__swhatbuf_r
                0x000000000000904e       0x58 d:/mounriver/mounriver_studio/toolchain/risc-v embedded gcc/bin/../lib/gcc/riscv-none-embed/8.2.0/../../../../riscv-none-embed/lib/rv32imac/ilp32\libg_nano.a(lib_a-makebuf.o)
                0x000000000000904e                __swhatbuf_r
 .text.__smakebuf_r
                0x00000000000090a6       0x9e d:/mounriver/mounriver_studio/toolchain/risc-v embedded gcc/bin/../lib/gcc/riscv-none-embed/8.2.0/../../../../riscv-none-embed/lib/rv32imac/ilp32\libg_nano.a(lib_a-makebuf.o)
                0x00000000000090a6                __smakebuf_r
 .text.memchr   0x0000000000009144       0x1a d:/mounriver/mounriver_studio/toolchain/risc-v embedded gcc/bin/../lib/gcc/riscv-none-embed/8.2.0/../../../../riscv-none-embed/lib/rv32imac/ilp32\libg_nano.a(lib_a-memchr.o)
                0x0000000000009144                memchr
 .text._free_r  0x000000000000915e       0xa4 d:/mounriver/mounriver_studio/toolchain/risc-v embedded gcc/bin/../lib/gcc/riscv-none-embed/8.2.0/../../../../riscv-none-embed/lib/rv32imac/ilp32\libg_nano.a(lib_a-nano-freer.o)
                0x000000000000915e                _free_r
 .text._malloc_r
                0x0000000000009202       0xce d:/mounriver/mounriver_studio/toolchain/risc-v embedded gcc/bin/../lib/gcc/riscv-none-embed/8.2.0/../../../../riscv-none-embed/lib/rv32imac/ilp32\libg_nano.a(lib_a-nano-mallocr.o)
                0x0000000000009202                _malloc_r
 .text._sbrk_r  0x00000000000092d0       0x30 d:/mounriver/mounriver_studio/toolchain/risc-v embedded gcc/bin/../lib/gcc/riscv-none-embed/8.2.0/../../../../riscv-none-embed/lib/rv32imac/ilp32\libg_nano.a(lib_a-sbrkr.o)
                0x00000000000092d0                _sbrk_r
 .text._raise_r
                0x0000000000009300       0x62 d:/mounriver/mounriver_studio/toolchain/risc-v embedded gcc/bin/../lib/gcc/riscv-none-embed/8.2.0/../../../../riscv-none-embed/lib/rv32imac/ilp32\libg_nano.a(lib_a-signal.o)
                0x0000000000009300                _raise_r
 .text.raise    0x0000000000009362        0xc d:/mounriver/mounriver_studio/toolchain/risc-v embedded gcc/bin/../lib/gcc/riscv-none-embed/8.2.0/../../../../riscv-none-embed/lib/rv32imac/ilp32\libg_nano.a(lib_a-signal.o)
                0x0000000000009362                raise
 .text._kill_r  0x000000000000936e       0x32 d:/mounriver/mounriver_studio/toolchain/risc-v embedded gcc/bin/../lib/gcc/riscv-none-embed/8.2.0/../../../../riscv-none-embed/lib/rv32imac/ilp32\libg_nano.a(lib_a-signalr.o)
                0x000000000000936e                _kill_r
 .text._getpid_r
                0x00000000000093a0        0x2 d:/mounriver/mounriver_studio/toolchain/risc-v embedded gcc/bin/../lib/gcc/riscv-none-embed/8.2.0/../../../../riscv-none-embed/lib/rv32imac/ilp32\libg_nano.a(lib_a-signalr.o)
                0x00000000000093a0                _getpid_r
 .text.__sread  0x00000000000093a2       0x30 d:/mounriver/mounriver_studio/toolchain/risc-v embedded gcc/bin/../lib/gcc/riscv-none-embed/8.2.0/../../../../riscv-none-embed/lib/rv32imac/ilp32\libg_nano.a(lib_a-stdio.o)
                0x00000000000093a2                __sread
 .text.__swrite
                0x00000000000093d2       0x4e d:/mounriver/mounriver_studio/toolchain/risc-v embedded gcc/bin/../lib/gcc/riscv-none-embed/8.2.0/../../../../riscv-none-embed/lib/rv32imac/ilp32\libg_nano.a(lib_a-stdio.o)
                0x00000000000093d2                __swrite
 .text.__sseek  0x0000000000009420       0x36 d:/mounriver/mounriver_studio/toolchain/risc-v embedded gcc/bin/../lib/gcc/riscv-none-embed/8.2.0/../../../../riscv-none-embed/lib/rv32imac/ilp32\libg_nano.a(lib_a-stdio.o)
                0x0000000000009420                __sseek
 .text.__sclose
                0x0000000000009456        0x6 d:/mounriver/mounriver_studio/toolchain/risc-v embedded gcc/bin/../lib/gcc/riscv-none-embed/8.2.0/../../../../riscv-none-embed/lib/rv32imac/ilp32\libg_nano.a(lib_a-stdio.o)
                0x0000000000009456                __sclose
 .text._write_r
                0x000000000000945c       0x36 d:/mounriver/mounriver_studio/toolchain/risc-v embedded gcc/bin/../lib/gcc/riscv-none-embed/8.2.0/../../../../riscv-none-embed/lib/rv32imac/ilp32\libg_nano.a(lib_a-writer.o)
                0x000000000000945c                _write_r
 .text._close_r
                0x0000000000009492       0x30 d:/mounriver/mounriver_studio/toolchain/risc-v embedded gcc/bin/../lib/gcc/riscv-none-embed/8.2.0/../../../../riscv-none-embed/lib/rv32imac/ilp32\libg_nano.a(lib_a-closer.o)
                0x0000000000009492                _close_r
 .text._fstat_r
                0x00000000000094c2       0x32 d:/mounriver/mounriver_studio/toolchain/risc-v embedded gcc/bin/../lib/gcc/riscv-none-embed/8.2.0/../../../../riscv-none-embed/lib/rv32imac/ilp32\libg_nano.a(lib_a-fstatr.o)
                0x00000000000094c2                _fstat_r
 .text._isatty_r
                0x00000000000094f4       0x30 d:/mounriver/mounriver_studio/toolchain/risc-v embedded gcc/bin/../lib/gcc/riscv-none-embed/8.2.0/../../../../riscv-none-embed/lib/rv32imac/ilp32\libg_nano.a(lib_a-isattyr.o)
                0x00000000000094f4                _isatty_r
 .text._lseek_r
                0x0000000000009524       0x34 d:/mounriver/mounriver_studio/toolchain/risc-v embedded gcc/bin/../lib/gcc/riscv-none-embed/8.2.0/../../../../riscv-none-embed/lib/rv32imac/ilp32\libg_nano.a(lib_a-lseekr.o)
                0x0000000000009524                _lseek_r
 .text.__malloc_lock
                0x0000000000009558        0x2 d:/mounriver/mounriver_studio/toolchain/risc-v embedded gcc/bin/../lib/gcc/riscv-none-embed/8.2.0/../../../../riscv-none-embed/lib/rv32imac/ilp32\libg_nano.a(lib_a-mlock.o)
                0x0000000000009558                __malloc_lock
 .text.__malloc_unlock
                0x000000000000955a        0x2 d:/mounriver/mounriver_studio/toolchain/risc-v embedded gcc/bin/../lib/gcc/riscv-none-embed/8.2.0/../../../../riscv-none-embed/lib/rv32imac/ilp32\libg_nano.a(lib_a-mlock.o)
                0x000000000000955a                __malloc_unlock
 .text._read_r  0x000000000000955c       0x34 d:/mounriver/mounriver_studio/toolchain/risc-v embedded gcc/bin/../lib/gcc/riscv-none-embed/8.2.0/../../../../riscv-none-embed/lib/rv32imac/ilp32\libg_nano.a(lib_a-readr.o)
                0x000000000000955c                _read_r
 .text._close   0x0000000000009590       0x10 d:/mounriver/mounriver_studio/toolchain/risc-v embedded gcc/bin/../lib/gcc/riscv-none-embed/8.2.0/../../../../riscv-none-embed/lib/rv32imac/ilp32\libnosys.a(close.o)
                0x0000000000009590                _close
 .text._fstat   0x00000000000095a0       0x10 d:/mounriver/mounriver_studio/toolchain/risc-v embedded gcc/bin/../lib/gcc/riscv-none-embed/8.2.0/../../../../riscv-none-embed/lib/rv32imac/ilp32\libnosys.a(fstat.o)
                0x00000000000095a0                _fstat
 .text._getpid  0x00000000000095b0       0x10 d:/mounriver/mounriver_studio/toolchain/risc-v embedded gcc/bin/../lib/gcc/riscv-none-embed/8.2.0/../../../../riscv-none-embed/lib/rv32imac/ilp32\libnosys.a(getpid.o)
                0x00000000000095b0                _getpid
 .text._isatty  0x00000000000095c0       0x10 d:/mounriver/mounriver_studio/toolchain/risc-v embedded gcc/bin/../lib/gcc/riscv-none-embed/8.2.0/../../../../riscv-none-embed/lib/rv32imac/ilp32\libnosys.a(isatty.o)
                0x00000000000095c0                _isatty
 .text._kill    0x00000000000095d0       0x10 d:/mounriver/mounriver_studio/toolchain/risc-v embedded gcc/bin/../lib/gcc/riscv-none-embed/8.2.0/../../../../riscv-none-embed/lib/rv32imac/ilp32\libnosys.a(kill.o)
                0x00000000000095d0                _kill
 .text._lseek   0x00000000000095e0       0x10 d:/mounriver/mounriver_studio/toolchain/risc-v embedded gcc/bin/../lib/gcc/riscv-none-embed/8.2.0/../../../../riscv-none-embed/lib/rv32imac/ilp32\libnosys.a(lseek.o)
                0x00000000000095e0                _lseek
 .text._read    0x00000000000095f0       0x10 d:/mounriver/mounriver_studio/toolchain/risc-v embedded gcc/bin/../lib/gcc/riscv-none-embed/8.2.0/../../../../riscv-none-embed/lib/rv32imac/ilp32\libnosys.a(read.o)
                0x00000000000095f0                _read
 .text._sbrk    0x0000000000009600       0x24 d:/mounriver/mounriver_studio/toolchain/risc-v embedded gcc/bin/../lib/gcc/riscv-none-embed/8.2.0/../../../../riscv-none-embed/lib/rv32imac/ilp32\libnosys.a(sbrk.o)
                0x0000000000009600                _sbrk
 .text._exit    0x0000000000009624        0x2 d:/mounriver/mounriver_studio/toolchain/risc-v embedded gcc/bin/../lib/gcc/riscv-none-embed/8.2.0/../../../../riscv-none-embed/lib/rv32imac/ilp32\libnosys.a(_exit.o)
                0x0000000000009624                _exit
 *(.rodata)
 *fill*         0x0000000000009626        0x2 
 .rodata        0x0000000000009628       0x83 ./Libraries/seekfree_peripheral/SEEKFREE_18TFT.o
 *fill*         0x00000000000096ab        0x1 
 .rodata        0x00000000000096ac       0x33 ./Libraries/seekfree_libraries/zf_pit.o
 *fill*         0x00000000000096df        0x1 
 .rodata        0x00000000000096e0       0x2d ./Libraries/seekfree_libraries/zf_spi.o
 *fill*         0x000000000000970d        0x3 
 .rodata        0x0000000000009710       0x3c ./CODE/TrackGet.o
 *(.rodata*)
 .rodata.__func__.3212
                0x000000000000974c        0xf ./Libraries/seekfree_peripheral/SEEKFREE_18TFT.o
 *fill*         0x000000000000975b        0x1 
 .rodata.tft_ascii
                0x000000000000975c      0x5f0 ./Libraries/seekfree_peripheral/SEEKFREE_FONT.o
                0x000000000000975c                tft_ascii
 .rodata.GPION  0x0000000000009d4c       0x10 ./Libraries/seekfree_libraries/zf_gpio.o
                0x0000000000009d4c                GPION
 .rodata.__func__.3548
                0x0000000000009d5c       0x17 ./Libraries/seekfree_libraries/zf_pit.o
 *fill*         0x0000000000009d73        0x1 
 .rodata.TIMERN
                0x0000000000009d74       0x10 ./Libraries/seekfree_libraries/zf_qtimer.o
                0x0000000000009d74                TIMERN
 .rodata.__func__.3348
                0x0000000000009d84        0xe ./Libraries/seekfree_libraries/zf_spi.o
 *fill*         0x0000000000009d92        0x2 
 .rodata.UARTN  0x0000000000009d94       0x10 ./Libraries/seekfree_libraries/zf_uart.o
                0x0000000000009d94                UARTN
 .rodata.judge_Ring
                0x0000000000009da4       0x18 ./CODE/TrackGet.o
 .rodata.__muldf3
                0x0000000000009dbc       0x40 d:/mounriver/mounriver_studio/toolchain/risc-v embedded gcc/bin/../lib/gcc/riscv-none-embed/8.2.0/rv32imac/ilp32\libgcc.a(muldf3.o)
 .rodata.__mulsf3
                0x0000000000009dfc       0x40 d:/mounriver/mounriver_studio/toolchain/risc-v embedded gcc/bin/../lib/gcc/riscv-none-embed/8.2.0/rv32imac/ilp32\libgcc.a(mulsf3.o)
 .rodata.__clz_tab
                0x0000000000009e3c      0x100 d:/mounriver/mounriver_studio/toolchain/risc-v embedded gcc/bin/../lib/gcc/riscv-none-embed/8.2.0/rv32imac/ilp32\libgcc.a(_clz.o)
                0x0000000000009e3c                __clz_tab
 .rodata.__assert_func.str1.4
                0x0000000000009f3c       0x3f d:/mounriver/mounriver_studio/toolchain/risc-v embedded gcc/bin/../lib/gcc/riscv-none-embed/8.2.0/../../../../riscv-none-embed/lib/rv32imac/ilp32\libg_nano.a(lib_a-assert.o)
                                         0x43 (size before relaxing)
 *fill*         0x0000000000009f7b        0x1 
 .rodata._vfprintf_r.str1.4
                0x0000000000009f7c       0x13 d:/mounriver/mounriver_studio/toolchain/risc-v embedded gcc/bin/../lib/gcc/riscv-none-embed/8.2.0/../../../../riscv-none-embed/lib/rv32imac/ilp32\libg_nano.a(lib_a-nano-vfprintf.o)
 *fill*         0x0000000000009f8f        0x1 
 .rodata._printf_i.str1.4
                0x0000000000009f90       0x28 d:/mounriver/mounriver_studio/toolchain/risc-v embedded gcc/bin/../lib/gcc/riscv-none-embed/8.2.0/../../../../riscv-none-embed/lib/rv32imac/ilp32\libg_nano.a(lib_a-nano-vfprintf_i.o)
                                         0x25 (size before relaxing)
 .rodata.__sf_fake_stderr
                0x0000000000009fb8       0x20 d:/mounriver/mounriver_studio/toolchain/risc-v embedded gcc/bin/../lib/gcc/riscv-none-embed/8.2.0/../../../../riscv-none-embed/lib/rv32imac/ilp32\libg_nano.a(lib_a-findfp.o)
                0x0000000000009fb8                __sf_fake_stderr
 .rodata.__sf_fake_stdin
                0x0000000000009fd8       0x20 d:/mounriver/mounriver_studio/toolchain/risc-v embedded gcc/bin/../lib/gcc/riscv-none-embed/8.2.0/../../../../riscv-none-embed/lib/rv32imac/ilp32\libg_nano.a(lib_a-findfp.o)
                0x0000000000009fd8                __sf_fake_stdin
 .rodata.__sf_fake_stdout
                0x0000000000009ff8       0x20 d:/mounriver/mounriver_studio/toolchain/risc-v embedded gcc/bin/../lib/gcc/riscv-none-embed/8.2.0/../../../../riscv-none-embed/lib/rv32imac/ilp32\libg_nano.a(lib_a-findfp.o)
                0x0000000000009ff8                __sf_fake_stdout
 *(.glue_7)
 *(.glue_7t)
 *(.gnu.linkonce.t.*)
                0x000000000000a018                . = ALIGN (0x4)

.rela.dyn       0x000000000000a018        0x0
 .rela.init     0x000000000000a018        0x0 ./USER/isr.o
 .rela.vector   0x000000000000a018        0x0 ./USER/isr.o
 .rela.text.handle_reset
                0x000000000000a018        0x0 ./USER/isr.o
 .rela.text._vfprintf_r
                0x000000000000a018        0x0 ./USER/isr.o
 .rela.text._sbrk_r
                0x000000000000a018        0x0 ./USER/isr.o
 .rela.text._kill_r
                0x000000000000a018        0x0 ./USER/isr.o
 .rela.text._write_r
                0x000000000000a018        0x0 ./USER/isr.o
 .rela.text._close_r
                0x000000000000a018        0x0 ./USER/isr.o
 .rela.text._fstat_r
                0x000000000000a018        0x0 ./USER/isr.o
 .rela.text._isatty_r
                0x000000000000a018        0x0 ./USER/isr.o
 .rela.text._lseek_r
                0x000000000000a018        0x0 ./USER/isr.o
 .rela.text._read_r
                0x000000000000a018        0x0 ./USER/isr.o
 .rela.text._close
                0x000000000000a018        0x0 ./USER/isr.o
 .rela.text._fstat
                0x000000000000a018        0x0 ./USER/isr.o
 .rela.text._getpid
                0x000000000000a018        0x0 ./USER/isr.o
 .rela.text._isatty
                0x000000000000a018        0x0 ./USER/isr.o
 .rela.text._kill
                0x000000000000a018        0x0 ./USER/isr.o
 .rela.text._lseek
                0x000000000000a018        0x0 ./USER/isr.o
 .rela.text._read
                0x000000000000a018        0x0 ./USER/isr.o
 .rela.text._sbrk
                0x000000000000a018        0x0 ./USER/isr.o

.fini           0x000000000000a018        0x0
 *(SORT_NONE(.fini))
                0x000000000000a018                . = ALIGN (0x4)
                [!provide]                        PROVIDE (_etext = .)
                [!provide]                        PROVIDE (_eitcm = .)

.preinit_array  0x000000000000a018        0x0
                [!provide]                        PROVIDE (__preinit_array_start = .)
 *(.preinit_array)
                [!provide]                        PROVIDE (__preinit_array_end = .)

.init_array     0x000000000000a018        0x0
                [!provide]                        PROVIDE (__init_array_start = .)
 *(SORT_BY_INIT_PRIORITY(.init_array.*) SORT_BY_INIT_PRIORITY(.ctors.*))
 *(.init_array EXCLUDE_FILE(*crtend?.o *crtend.o *crtbegin?.o *crtbegin.o) .ctors)
                [!provide]                        PROVIDE (__init_array_end = .)

.fini_array     0x000000000000a018        0x0
                [!provide]                        PROVIDE (__fini_array_start = .)
 *(SORT_BY_INIT_PRIORITY(.fini_array.*) SORT_BY_INIT_PRIORITY(.dtors.*))
 *(.fini_array EXCLUDE_FILE(*crtend?.o *crtend.o *crtbegin?.o *crtbegin.o) .dtors)
                [!provide]                        PROVIDE (__fini_array_end = .)

.ctors
 *crtbegin.o(.ctors)
 *crtbegin?.o(.ctors)
 *(EXCLUDE_FILE(*crtend?.o *crtend.o) .ctors)
 *(SORT_BY_NAME(.ctors.*))
 *(.ctors)

.dtors
 *crtbegin.o(.dtors)
 *crtbegin?.o(.dtors)
 *(EXCLUDE_FILE(*crtend?.o *crtend.o) .dtors)
 *(SORT_BY_NAME(.dtors.*))
 *(.dtors)

.dalign         0x0000000020000000        0x0 load address 0x000000000000a018
                0x0000000020000000                . = ALIGN (0x4)
                0x0000000020000000                PROVIDE (_data_vma = .)

.dlalign        0x000000000000a018        0x0
                0x000000000000a018                . = ALIGN (0x4)
                0x000000000000a018                PROVIDE (_data_lma = .)

.data           0x0000000020000000      0x138 load address 0x000000000000a018
 *(.gnu.linkonce.r.*)
 *(.data .data.*)
 .data.APBAHBPrescTable
                0x0000000020000000       0x10 ./Libraries/wch_libraries/Peripheral/ch32v10x_rcc.o
 .data.MT9V03X_CFG
                0x0000000020000010       0x24 ./Libraries/seekfree_peripheral/SEEKFREE_MT9V03X.o
                0x0000000020000010                MT9V03X_CFG
 .data.GET_CFG  0x0000000020000034       0x20 ./Libraries/seekfree_peripheral/SEEKFREE_MT9V03X.o
                0x0000000020000034                GET_CFG
 .data.direct_Weight
                0x0000000020000054       0x64 ./CODE/TrackGet.o
                0x0000000020000054                direct_Weight
 .data.impure_data
                0x00000000200000b8       0x60 d:/mounriver/mounriver_studio/toolchain/risc-v embedded gcc/bin/../lib/gcc/riscv-none-embed/8.2.0/../../../../riscv-none-embed/lib/rv32imac/ilp32\libg_nano.a(lib_a-impure.o)
 *(.gnu.linkonce.d.*)
                0x0000000020000118                . = ALIGN (0x8)
                0x0000000020000918                PROVIDE (__global_pointer$ = (. + 0x800))
 *(.sdata .sdata.*)
 .sdata.ADCPrescTable
                0x0000000020000118        0x4 ./Libraries/wch_libraries/Peripheral/ch32v10x_rcc.o
 .sdata.camera_type
                0x000000002000011c        0x4 ./Libraries/seekfree_libraries/common.o
                0x000000002000011c                camera_type
 .sdata.delta   0x0000000020000120        0x2 ./CODE/TrackGet.o
                0x0000000020000120                delta
 .sdata.directRing_Sign
                0x0000000020000122        0x1 ./CODE/TrackGet.o
                0x0000000020000122                directRing_Sign
 *fill*         0x0000000020000123        0x1 
 .sdata._impure_ptr
                0x0000000020000124        0x4 d:/mounriver/mounriver_studio/toolchain/risc-v embedded gcc/bin/../lib/gcc/riscv-none-embed/8.2.0/../../../../riscv-none-embed/lib/rv32imac/ilp32\libg_nano.a(lib_a-impure.o)
                0x0000000020000124                _impure_ptr
 *(.sdata2.*)
 .sdata2.SPIN   0x0000000020000128        0x8 ./Libraries/seekfree_libraries/zf_spi.o
                0x0000000020000128                SPIN
 .sdata2._global_impure_ptr
                0x0000000020000130        0x4 d:/mounriver/mounriver_studio/toolchain/risc-v embedded gcc/bin/../lib/gcc/riscv-none-embed/8.2.0/../../../../riscv-none-embed/lib/rv32imac/ilp32\libg_nano.a(lib_a-impure.o)
                0x0000000020000130                _global_impure_ptr
 *(.gnu.linkonce.s.*)
                0x0000000020000138                . = ALIGN (0x8)
 *fill*         0x0000000020000134        0x4 
 *(.srodata.cst16)
 *(.srodata.cst8)
 *(.srodata.cst4)
 *(.srodata.cst2)
 *(.srodata .srodata.*)
                0x0000000020000138                . = ALIGN (0x4)
                0x0000000020000138                PROVIDE (_edata = .)

.bss            0x0000000020000138     0x271c load address 0x000000000000a150
                0x0000000020000138                . = ALIGN (0x4)
                0x0000000020000138                PROVIDE (_sbss = .)
 *(.sbss*)
 .sbss.slave_encoder_left
                0x0000000020000138        0x2 ./USER/main.o
                0x0000000020000138                slave_encoder_left
 .sbss.slave_encoder_right
                0x000000002000013a        0x2 ./USER/main.o
                0x000000002000013a                slave_encoder_right
 .sbss.slave_position
                0x000000002000013c        0x2 ./USER/main.o
                0x000000002000013c                slave_position
 .sbss.ttt      0x000000002000013e        0x2 ./USER/main.o
                0x000000002000013e                ttt
 .sbss.receive  0x0000000020000140        0x3 ./Libraries/seekfree_peripheral/SEEKFREE_MT9V03X.o
                0x0000000020000140                receive
 .sbss.receive_num
                0x0000000020000143        0x1 ./Libraries/seekfree_peripheral/SEEKFREE_MT9V03X.o
                0x0000000020000143                receive_num
 .sbss.uart_receive_flag
                0x0000000020000144        0x1 ./Libraries/seekfree_peripheral/SEEKFREE_MT9V03X.o
                0x0000000020000144                uart_receive_flag
 .sbss.mt9v03x_finish_flag
                0x0000000020000145        0x1 ./Libraries/seekfree_peripheral/SEEKFREE_MT9V03X.o
                0x0000000020000145                mt9v03x_finish_flag
 *fill*         0x0000000020000146        0x2 
 .sbss.ov7725_uart_receive
                0x0000000020000148        0x3 ./Libraries/seekfree_peripheral/SEEKFREE_UART_7725.o
                0x0000000020000148                ov7725_uart_receive
 .sbss.ov7725_uart_receive_num
                0x000000002000014b        0x1 ./Libraries/seekfree_peripheral/SEEKFREE_UART_7725.o
                0x000000002000014b                ov7725_uart_receive_num
 .sbss.ov7725_uart_receive_flag
                0x000000002000014c        0x1 ./Libraries/seekfree_peripheral/SEEKFREE_UART_7725.o
                0x000000002000014c                ov7725_uart_receive_flag
 .sbss.ov7725_uart_finish_flag
                0x000000002000014d        0x1 ./Libraries/seekfree_peripheral/SEEKFREE_UART_7725.o
                0x000000002000014d                ov7725_uart_finish_flag
 *fill*         0x000000002000014e        0x2 
 .sbss.sys_clk  0x0000000020000150        0x4 ./Libraries/seekfree_libraries/common.o
                0x0000000020000150                sys_clk
 .sbss.camera_buffer_addr
                0x0000000020000154        0x4 ./Libraries/seekfree_libraries/common.o
                0x0000000020000154                camera_buffer_addr
 .sbss.EdgeL    0x0000000020000158        0x2 ./CODE/TrackGet.o
                0x0000000020000158                EdgeL
 .sbss.EdgeR    0x000000002000015a        0x2 ./CODE/TrackGet.o
                0x000000002000015a                EdgeR
 .sbss.validLine
                0x000000002000015c        0x2 ./CODE/TrackGet.o
                0x000000002000015c                validLine
 .sbss.searsh_mid_line
                0x000000002000015e        0x2 ./CODE/TrackGet.o
                0x000000002000015e                searsh_mid_line
 .sbss.lostLeft_Sign
                0x0000000020000160        0x2 ./CODE/TrackGet.o
                0x0000000020000160                lostLeft_Sign
 .sbss.lostRight_Sign
                0x0000000020000162        0x2 ./CODE/TrackGet.o
                0x0000000020000162                lostRight_Sign
 .sbss.leftLostLine_Cnt
                0x0000000020000164        0x2 ./CODE/TrackGet.o
                0x0000000020000164                leftLostLine_Cnt
 .sbss.rightLostLine_Cnt
                0x0000000020000166        0x2 ./CODE/TrackGet.o
                0x0000000020000166                rightLostLine_Cnt
 .sbss.stateRing_Sign
                0x0000000020000168        0x1 ./CODE/TrackGet.o
                0x0000000020000168                stateRing_Sign
 *fill*         0x0000000020000169        0x1 
 .sbss.repair_Cnt
                0x000000002000016a        0x2 ./CODE/TrackGet.o
                0x000000002000016a                repair_Cnt
 .sbss.track    0x000000002000016c        0x4 ./CODE/TrackGet.o
                0x000000002000016c                track
 .sbss.centre_Delta_Exceed_Cnt
                0x0000000020000170        0x1 ./CODE/TrackGet.o
                0x0000000020000170                centre_Delta_Exceed_Cnt
 *fill*         0x0000000020000171        0x1 
 .sbss.inflection_A
                0x0000000020000172        0x2 ./CODE/TrackGet.o
                0x0000000020000172                inflection_A
 .sbss.inflection_B
                0x0000000020000174        0x2 ./CODE/TrackGet.o
                0x0000000020000174                inflection_B
 .sbss.inflection_C
                0x0000000020000176        0x2 ./CODE/TrackGet.o
                0x0000000020000176                inflection_C
 .sbss.__malloc_free_list
                0x0000000020000178        0x4 d:/mounriver/mounriver_studio/toolchain/risc-v embedded gcc/bin/../lib/gcc/riscv-none-embed/8.2.0/../../../../riscv-none-embed/lib/rv32imac/ilp32\libg_nano.a(lib_a-nano-mallocr.o)
                0x0000000020000178                __malloc_free_list
 .sbss.__malloc_sbrk_start
                0x000000002000017c        0x4 d:/mounriver/mounriver_studio/toolchain/risc-v embedded gcc/bin/../lib/gcc/riscv-none-embed/8.2.0/../../../../riscv-none-embed/lib/rv32imac/ilp32\libg_nano.a(lib_a-nano-mallocr.o)
                0x000000002000017c                __malloc_sbrk_start
 .sbss.heap_end.1518
                0x0000000020000180        0x4 d:/mounriver/mounriver_studio/toolchain/risc-v embedded gcc/bin/../lib/gcc/riscv-none-embed/8.2.0/../../../../riscv-none-embed/lib/rv32imac/ilp32\libnosys.a(sbrk.o)
 *(.gnu.linkonce.sb.*)
 *(.bss*)
 .bss.temp_buff
                0x0000000020000184        0xe ./USER/main.o
                0x0000000020000184                temp_buff
 *fill*         0x0000000020000192        0x2 
 .bss.half_Width
                0x0000000020000194       0x32 ./USER/main.o
                0x0000000020000194                half_Width
 *fill*         0x00000000200001c6        0x2 
 .bss.mt9v03x_image
                0x00000000200001c8     0x24b8 ./Libraries/seekfree_peripheral/SEEKFREE_MT9V03X.o
                0x00000000200001c8                mt9v03x_image
 .bss.irq_status
                0x0000000020002680        0xc ./Libraries/seekfree_libraries/common.o
                0x0000000020002680                irq_status
 .bss.Border    0x000000002000268c      0x12c ./CODE/TrackGet.o
                0x000000002000268c                Border
 .bss.islost_record
                0x00000000200027b8       0x96 ./CODE/TrackGet.o
                0x00000000200027b8                islost_record
 *(.gnu.linkonce.b.*)
 *(COMMON*)
 *fill*         0x000000002000284e        0x2 
 COMMON         0x0000000020002850        0x4 d:/mounriver/mounriver_studio/toolchain/risc-v embedded gcc/bin/../lib/gcc/riscv-none-embed/8.2.0/../../../../riscv-none-embed/lib/rv32imac/ilp32\libg_nano.a(lib_a-reent.o)
                0x0000000020002850                errno
                0x0000000020002854                . = ALIGN (0x4)
                0x0000000020002854                PROVIDE (_ebss = .)
                [!provide]                        PROVIDE (_end = _ebss)
                0x0000000020002854                PROVIDE (end = .)

.stack          0x0000000020004800      0x800
                0x0000000020004800                . = ALIGN (0x4)
                [!provide]                        PROVIDE (_susrstack = .)
                0x0000000020005000                . = (. + __stack_size)
 *fill*         0x0000000020004800      0x800 
                0x0000000020005000                PROVIDE (_eusrstack = .)
OUTPUT(SLAVE.elf elf32-littleriscv)

.debug_info     0x0000000000000000    0x186c8
 .debug_info    0x0000000000000000     0x13e7 ./USER/isr.o
 .debug_info    0x00000000000013e7     0x1a9b ./USER/main.o
 .debug_info    0x0000000000002e82       0x22 ./Libraries/wch_libraries/Startup/startup_ch32v10x.o
 .debug_info    0x0000000000002ea4      0x476 ./Libraries/wch_libraries/Peripheral/ch32v10x_dma.o
 .debug_info    0x000000000000331a      0x353 ./Libraries/wch_libraries/Peripheral/ch32v10x_exti.o
 .debug_info    0x000000000000366d      0x6e7 ./Libraries/wch_libraries/Peripheral/ch32v10x_gpio.o
 .debug_info    0x0000000000003d54      0x517 ./Libraries/wch_libraries/Peripheral/ch32v10x_misc.o
 .debug_info    0x000000000000426b      0x8d8 ./Libraries/wch_libraries/Peripheral/ch32v10x_rcc.o
 .debug_info    0x0000000000004b43      0x94f ./Libraries/wch_libraries/Peripheral/ch32v10x_spi.o
 .debug_info    0x0000000000005492     0x1dcc ./Libraries/wch_libraries/Peripheral/ch32v10x_tim.o
 .debug_info    0x000000000000725e      0xa42 ./Libraries/wch_libraries/Peripheral/ch32v10x_usart.o
 .debug_info    0x0000000000007ca0     0x18ea ./Libraries/seekfree_peripheral/SEEKFREE_18TFT.o
 .debug_info    0x000000000000958a      0xb50 ./Libraries/seekfree_peripheral/SEEKFREE_FONT.o
 .debug_info    0x000000000000a0da     0x159f ./Libraries/seekfree_peripheral/SEEKFREE_MT9V03X.o
 .debug_info    0x000000000000b679     0x1573 ./Libraries/seekfree_peripheral/SEEKFREE_UART_7725.o
 .debug_info    0x000000000000cbec      0xa5b ./Libraries/seekfree_libraries/common.o
 .debug_info    0x000000000000d647     0x129e ./Libraries/seekfree_libraries/zf_camera.o
 .debug_info    0x000000000000e8e5     0x118f ./Libraries/seekfree_libraries/zf_gpio.o
 .debug_info    0x000000000000fa74      0xeeb ./Libraries/seekfree_libraries/zf_nvic.o
 .debug_info    0x000000000001095f      0xfe7 ./Libraries/seekfree_libraries/zf_pit.o
 .debug_info    0x0000000000011946     0x125a ./Libraries/seekfree_libraries/zf_qtimer.o
 .debug_info    0x0000000000012ba0     0x1218 ./Libraries/seekfree_libraries/zf_spi.o
 .debug_info    0x0000000000013db8      0xbae ./Libraries/seekfree_libraries/zf_systick.o
 .debug_info    0x0000000000014966     0x1339 ./Libraries/seekfree_libraries/zf_uart.o
 .debug_info    0x0000000000015c9f      0xcf3 ./Libraries/board/board.o
 .debug_info    0x0000000000016992      0x25f ./Libraries/board/clock_config.o
 .debug_info    0x0000000000016bf1     0x1ad7 ./CODE/TrackGet.o

.debug_abbrev   0x0000000000000000     0x3d28
 .debug_abbrev  0x0000000000000000      0x2a2 ./USER/isr.o
 .debug_abbrev  0x00000000000002a2      0x2ea ./USER/main.o
 .debug_abbrev  0x000000000000058c       0x12 ./Libraries/wch_libraries/Startup/startup_ch32v10x.o
 .debug_abbrev  0x000000000000059e      0x18f ./Libraries/wch_libraries/Peripheral/ch32v10x_dma.o
 .debug_abbrev  0x000000000000072d      0x144 ./Libraries/wch_libraries/Peripheral/ch32v10x_exti.o
 .debug_abbrev  0x0000000000000871      0x1c7 ./Libraries/wch_libraries/Peripheral/ch32v10x_gpio.o
 .debug_abbrev  0x0000000000000a38      0x179 ./Libraries/wch_libraries/Peripheral/ch32v10x_misc.o
 .debug_abbrev  0x0000000000000bb1      0x1ef ./Libraries/wch_libraries/Peripheral/ch32v10x_rcc.o
 .debug_abbrev  0x0000000000000da0      0x19e ./Libraries/wch_libraries/Peripheral/ch32v10x_spi.o
 .debug_abbrev  0x0000000000000f3e      0x1c9 ./Libraries/wch_libraries/Peripheral/ch32v10x_tim.o
 .debug_abbrev  0x0000000000001107      0x19e ./Libraries/wch_libraries/Peripheral/ch32v10x_usart.o
 .debug_abbrev  0x00000000000012a5      0x328 ./Libraries/seekfree_peripheral/SEEKFREE_18TFT.o
 .debug_abbrev  0x00000000000015cd      0x217 ./Libraries/seekfree_peripheral/SEEKFREE_FONT.o
 .debug_abbrev  0x00000000000017e4      0x365 ./Libraries/seekfree_peripheral/SEEKFREE_MT9V03X.o
 .debug_abbrev  0x0000000000001b49      0x392 ./Libraries/seekfree_peripheral/SEEKFREE_UART_7725.o
 .debug_abbrev  0x0000000000001edb      0x1fa ./Libraries/seekfree_libraries/common.o
 .debug_abbrev  0x00000000000020d5      0x264 ./Libraries/seekfree_libraries/zf_camera.o
 .debug_abbrev  0x0000000000002339      0x2c2 ./Libraries/seekfree_libraries/zf_gpio.o
 .debug_abbrev  0x00000000000025fb      0x2b8 ./Libraries/seekfree_libraries/zf_nvic.o
 .debug_abbrev  0x00000000000028b3      0x2b5 ./Libraries/seekfree_libraries/zf_pit.o
 .debug_abbrev  0x0000000000002b68      0x2b6 ./Libraries/seekfree_libraries/zf_qtimer.o
 .debug_abbrev  0x0000000000002e1e      0x293 ./Libraries/seekfree_libraries/zf_spi.o
 .debug_abbrev  0x00000000000030b1      0x257 ./Libraries/seekfree_libraries/zf_systick.o
 .debug_abbrev  0x0000000000003308      0x2e5 ./Libraries/seekfree_libraries/zf_uart.o
 .debug_abbrev  0x00000000000035ed      0x280 ./Libraries/board/board.o
 .debug_abbrev  0x000000000000386d       0xe8 ./Libraries/board/clock_config.o
 .debug_abbrev  0x0000000000003955      0x3d3 ./CODE/TrackGet.o

.debug_aranges  0x0000000000000000      0xd58
 .debug_aranges
                0x0000000000000000       0xb8 ./USER/isr.o
 .debug_aranges
                0x00000000000000b8       0x38 ./USER/main.o
 .debug_aranges
                0x00000000000000f0       0x30 ./Libraries/wch_libraries/Startup/startup_ch32v10x.o
 .debug_aranges
                0x0000000000000120       0x70 ./Libraries/wch_libraries/Peripheral/ch32v10x_dma.o
 .debug_aranges
                0x0000000000000190       0x58 ./Libraries/wch_libraries/Peripheral/ch32v10x_exti.o
 .debug_aranges
                0x00000000000001e8       0xa0 ./Libraries/wch_libraries/Peripheral/ch32v10x_gpio.o
 .debug_aranges
                0x0000000000000288       0x40 ./Libraries/wch_libraries/Peripheral/ch32v10x_misc.o
 .debug_aranges
                0x00000000000002c8      0x118 ./Libraries/wch_libraries/Peripheral/ch32v10x_rcc.o
 .debug_aranges
                0x00000000000003e0       0xd0 ./Libraries/wch_libraries/Peripheral/ch32v10x_spi.o
 .debug_aranges
                0x00000000000004b0      0x2f0 ./Libraries/wch_libraries/Peripheral/ch32v10x_tim.o
 .debug_aranges
                0x00000000000007a0      0x100 ./Libraries/wch_libraries/Peripheral/ch32v10x_usart.o
 .debug_aranges
                0x00000000000008a0       0xc0 ./Libraries/seekfree_peripheral/SEEKFREE_18TFT.o
 .debug_aranges
                0x0000000000000960       0x18 ./Libraries/seekfree_peripheral/SEEKFREE_FONT.o
 .debug_aranges
                0x0000000000000978       0x80 ./Libraries/seekfree_peripheral/SEEKFREE_MT9V03X.o
 .debug_aranges
                0x00000000000009f8       0x80 ./Libraries/seekfree_peripheral/SEEKFREE_UART_7725.o
 .debug_aranges
                0x0000000000000a78       0x18 ./Libraries/seekfree_libraries/common.o
 .debug_aranges
                0x0000000000000a90       0x28 ./Libraries/seekfree_libraries/zf_camera.o
 .debug_aranges
                0x0000000000000ab8       0x40 ./Libraries/seekfree_libraries/zf_gpio.o
 .debug_aranges
                0x0000000000000af8       0x40 ./Libraries/seekfree_libraries/zf_nvic.o
 .debug_aranges
                0x0000000000000b38       0x40 ./Libraries/seekfree_libraries/zf_pit.o
 .debug_aranges
                0x0000000000000b78       0x38 ./Libraries/seekfree_libraries/zf_qtimer.o
 .debug_aranges
                0x0000000000000bb0       0x30 ./Libraries/seekfree_libraries/zf_spi.o
 .debug_aranges
                0x0000000000000be0       0x30 ./Libraries/seekfree_libraries/zf_systick.o
 .debug_aranges
                0x0000000000000c10       0x60 ./Libraries/seekfree_libraries/zf_uart.o
 .debug_aranges
                0x0000000000000c70       0x28 ./Libraries/board/board.o
 .debug_aranges
                0x0000000000000c98       0x28 ./Libraries/board/clock_config.o
 .debug_aranges
                0x0000000000000cc0       0x98 ./CODE/TrackGet.o

.debug_ranges   0x0000000000000000      0xbb8
 .debug_ranges  0x0000000000000000       0xa8 ./USER/isr.o
 .debug_ranges  0x00000000000000a8       0x28 ./USER/main.o
 .debug_ranges  0x00000000000000d0       0x28 ./Libraries/wch_libraries/Startup/startup_ch32v10x.o
 .debug_ranges  0x00000000000000f8       0x60 ./Libraries/wch_libraries/Peripheral/ch32v10x_dma.o
 .debug_ranges  0x0000000000000158       0x48 ./Libraries/wch_libraries/Peripheral/ch32v10x_exti.o
 .debug_ranges  0x00000000000001a0       0x90 ./Libraries/wch_libraries/Peripheral/ch32v10x_gpio.o
 .debug_ranges  0x0000000000000230       0x30 ./Libraries/wch_libraries/Peripheral/ch32v10x_misc.o
 .debug_ranges  0x0000000000000260      0x108 ./Libraries/wch_libraries/Peripheral/ch32v10x_rcc.o
 .debug_ranges  0x0000000000000368       0xc0 ./Libraries/wch_libraries/Peripheral/ch32v10x_spi.o
 .debug_ranges  0x0000000000000428      0x2e0 ./Libraries/wch_libraries/Peripheral/ch32v10x_tim.o
 .debug_ranges  0x0000000000000708       0xf0 ./Libraries/wch_libraries/Peripheral/ch32v10x_usart.o
 .debug_ranges  0x00000000000007f8       0xb0 ./Libraries/seekfree_peripheral/SEEKFREE_18TFT.o
 .debug_ranges  0x00000000000008a8       0x70 ./Libraries/seekfree_peripheral/SEEKFREE_MT9V03X.o
 .debug_ranges  0x0000000000000918       0x70 ./Libraries/seekfree_peripheral/SEEKFREE_UART_7725.o
 .debug_ranges  0x0000000000000988       0x18 ./Libraries/seekfree_libraries/zf_camera.o
 .debug_ranges  0x00000000000009a0       0x30 ./Libraries/seekfree_libraries/zf_gpio.o
 .debug_ranges  0x00000000000009d0       0x30 ./Libraries/seekfree_libraries/zf_nvic.o
 .debug_ranges  0x0000000000000a00       0x30 ./Libraries/seekfree_libraries/zf_pit.o
 .debug_ranges  0x0000000000000a30       0x28 ./Libraries/seekfree_libraries/zf_qtimer.o
 .debug_ranges  0x0000000000000a58       0x20 ./Libraries/seekfree_libraries/zf_spi.o
 .debug_ranges  0x0000000000000a78       0x20 ./Libraries/seekfree_libraries/zf_systick.o
 .debug_ranges  0x0000000000000a98       0x50 ./Libraries/seekfree_libraries/zf_uart.o
 .debug_ranges  0x0000000000000ae8       0x18 ./Libraries/board/board.o
 .debug_ranges  0x0000000000000b00       0x18 ./Libraries/board/clock_config.o
 .debug_ranges  0x0000000000000b18       0xa0 ./CODE/TrackGet.o

.debug_line     0x0000000000000000     0xe89c
 .debug_line    0x0000000000000000      0x7e1 ./USER/isr.o
 .debug_line    0x00000000000007e1      0x6d2 ./USER/main.o
 .debug_line    0x0000000000000eb3      0x225 ./Libraries/wch_libraries/Startup/startup_ch32v10x.o
 .debug_line    0x00000000000010d8      0x6ac ./Libraries/wch_libraries/Peripheral/ch32v10x_dma.o
 .debug_line    0x0000000000001784      0x4ea ./Libraries/wch_libraries/Peripheral/ch32v10x_exti.o
 .debug_line    0x0000000000001c6e      0x97c ./Libraries/wch_libraries/Peripheral/ch32v10x_gpio.o
 .debug_line    0x00000000000025ea      0x39d ./Libraries/wch_libraries/Peripheral/ch32v10x_misc.o
 .debug_line    0x0000000000002987      0xcb2 ./Libraries/wch_libraries/Peripheral/ch32v10x_rcc.o
 .debug_line    0x0000000000003639      0xa00 ./Libraries/wch_libraries/Peripheral/ch32v10x_spi.o
 .debug_line    0x0000000000004039     0x1f5c ./Libraries/wch_libraries/Peripheral/ch32v10x_tim.o
 .debug_line    0x0000000000005f95      0xbe0 ./Libraries/wch_libraries/Peripheral/ch32v10x_usart.o
 .debug_line    0x0000000000006b75     0x1484 ./Libraries/seekfree_peripheral/SEEKFREE_18TFT.o
 .debug_line    0x0000000000007ff9      0x1d8 ./Libraries/seekfree_peripheral/SEEKFREE_FONT.o
 .debug_line    0x00000000000081d1      0x9e2 ./Libraries/seekfree_peripheral/SEEKFREE_MT9V03X.o
 .debug_line    0x0000000000008bb3      0x9d2 ./Libraries/seekfree_peripheral/SEEKFREE_UART_7725.o
 .debug_line    0x0000000000009585      0x19d ./Libraries/seekfree_libraries/common.o
 .debug_line    0x0000000000009722      0x4e7 ./Libraries/seekfree_libraries/zf_camera.o
 .debug_line    0x0000000000009c09      0x643 ./Libraries/seekfree_libraries/zf_gpio.o
 .debug_line    0x000000000000a24c      0x461 ./Libraries/seekfree_libraries/zf_nvic.o
 .debug_line    0x000000000000a6ad      0x616 ./Libraries/seekfree_libraries/zf_pit.o
 .debug_line    0x000000000000acc3      0x5bd ./Libraries/seekfree_libraries/zf_qtimer.o
 .debug_line    0x000000000000b280      0x5be ./Libraries/seekfree_libraries/zf_spi.o
 .debug_line    0x000000000000b83e      0x3c6 ./Libraries/seekfree_libraries/zf_systick.o
 .debug_line    0x000000000000bc04      0x684 ./Libraries/seekfree_libraries/zf_uart.o
 .debug_line    0x000000000000c288      0x398 ./Libraries/board/board.o
 .debug_line    0x000000000000c620      0x33e ./Libraries/board/clock_config.o
 .debug_line    0x000000000000c95e     0x1f3e ./CODE/TrackGet.o

.debug_str      0x0000000000000000     0x415f
 .debug_str     0x0000000000000000      0xc41 ./USER/isr.o
                                        0xd14 (size before relaxing)
 .debug_str     0x0000000000000c41      0x670 ./USER/main.o
                                       0x1259 (size before relaxing)
 .debug_str     0x00000000000012b1       0x42 ./Libraries/wch_libraries/Startup/startup_ch32v10x.o
                                         0x91 (size before relaxing)
 .debug_str     0x00000000000012f3      0x23d ./Libraries/wch_libraries/Peripheral/ch32v10x_dma.o
                                        0x421 (size before relaxing)
 .debug_str     0x0000000000001530      0x1cf ./Libraries/wch_libraries/Peripheral/ch32v10x_exti.o
                                        0x3bb (size before relaxing)
 .debug_str     0x00000000000016ff      0x329 ./Libraries/wch_libraries/Peripheral/ch32v10x_gpio.o
                                        0x552 (size before relaxing)
 .debug_str     0x0000000000001a28      0x17e ./Libraries/wch_libraries/Peripheral/ch32v10x_misc.o
                                        0x5ef (size before relaxing)
 .debug_str     0x0000000000001ba6      0x45e ./Libraries/wch_libraries/Peripheral/ch32v10x_rcc.o
                                        0x693 (size before relaxing)
 .debug_str     0x0000000000002004      0x35c ./Libraries/wch_libraries/Peripheral/ch32v10x_spi.o
                                        0x66e (size before relaxing)
 .debug_str     0x0000000000002360      0xabc ./Libraries/wch_libraries/Peripheral/ch32v10x_tim.o
                                        0xe7b (size before relaxing)
 .debug_str     0x0000000000002e1c      0x409 ./Libraries/wch_libraries/Peripheral/ch32v10x_usart.o
                                        0x705 (size before relaxing)
 .debug_str     0x0000000000003225      0x2ef ./Libraries/seekfree_peripheral/SEEKFREE_18TFT.o
                                        0xad1 (size before relaxing)
 .debug_str     0x0000000000003514       0x31 ./Libraries/seekfree_peripheral/SEEKFREE_FONT.o
                                        0x710 (size before relaxing)
 .debug_str     0x0000000000003545      0x130 ./Libraries/seekfree_peripheral/SEEKFREE_MT9V03X.o
                                        0xd42 (size before relaxing)
 .debug_str     0x0000000000003675      0x280 ./Libraries/seekfree_peripheral/SEEKFREE_UART_7725.o
                                        0xddf (size before relaxing)
 .debug_str     0x00000000000038f5       0x29 ./Libraries/seekfree_libraries/common.o
                                        0x6c1 (size before relaxing)
 .debug_str     0x000000000000391e       0xa4 ./Libraries/seekfree_libraries/zf_camera.o
                                        0xab6 (size before relaxing)
 .debug_str     0x00000000000039c2       0xbc ./Libraries/seekfree_libraries/zf_gpio.o
                                        0x9d9 (size before relaxing)
 .debug_str     0x0000000000003a7e       0xac ./Libraries/seekfree_libraries/zf_nvic.o
                                        0xb04 (size before relaxing)
 .debug_str     0x0000000000003b2a       0x8b ./Libraries/seekfree_libraries/zf_pit.o
                                        0xbd4 (size before relaxing)
 .debug_str     0x0000000000003bb5       0x8e ./Libraries/seekfree_libraries/zf_qtimer.o
                                        0xaa9 (size before relaxing)
 .debug_str     0x0000000000003c43       0xbb ./Libraries/seekfree_libraries/zf_spi.o
                                        0xa46 (size before relaxing)
 .debug_str     0x0000000000003cfe       0xd4 ./Libraries/seekfree_libraries/zf_systick.o
                                        0x79c (size before relaxing)
 .debug_str     0x0000000000003dd2       0xc3 ./Libraries/seekfree_libraries/zf_uart.o
                                        0xbf6 (size before relaxing)
 .debug_str     0x0000000000003e95       0x26 ./Libraries/board/board.o
                                        0x857 (size before relaxing)
 .debug_str     0x0000000000003ebb       0x66 ./Libraries/board/clock_config.o
                                        0x2b3 (size before relaxing)
 .debug_str     0x0000000000003f21      0x23e ./CODE/TrackGet.o
                                        0xde7 (size before relaxing)

.comment        0x0000000000000000       0x33
 .comment       0x0000000000000000       0x33 ./USER/isr.o
                                         0x34 (size before relaxing)
 .comment       0x0000000000000033       0x34 ./USER/main.o
 .comment       0x0000000000000033       0x34 ./Libraries/wch_libraries/Peripheral/ch32v10x_dma.o
 .comment       0x0000000000000033       0x34 ./Libraries/wch_libraries/Peripheral/ch32v10x_exti.o
 .comment       0x0000000000000033       0x34 ./Libraries/wch_libraries/Peripheral/ch32v10x_gpio.o
 .comment       0x0000000000000033       0x34 ./Libraries/wch_libraries/Peripheral/ch32v10x_misc.o
 .comment       0x0000000000000033       0x34 ./Libraries/wch_libraries/Peripheral/ch32v10x_rcc.o
 .comment       0x0000000000000033       0x34 ./Libraries/wch_libraries/Peripheral/ch32v10x_spi.o
 .comment       0x0000000000000033       0x34 ./Libraries/wch_libraries/Peripheral/ch32v10x_tim.o
 .comment       0x0000000000000033       0x34 ./Libraries/wch_libraries/Peripheral/ch32v10x_usart.o
 .comment       0x0000000000000033       0x34 ./Libraries/seekfree_peripheral/SEEKFREE_18TFT.o
 .comment       0x0000000000000033       0x34 ./Libraries/seekfree_peripheral/SEEKFREE_FONT.o
 .comment       0x0000000000000033       0x34 ./Libraries/seekfree_peripheral/SEEKFREE_MT9V03X.o
 .comment       0x0000000000000033       0x34 ./Libraries/seekfree_peripheral/SEEKFREE_UART_7725.o
 .comment       0x0000000000000033       0x34 ./Libraries/seekfree_libraries/common.o
 .comment       0x0000000000000033       0x34 ./Libraries/seekfree_libraries/zf_camera.o
 .comment       0x0000000000000033       0x34 ./Libraries/seekfree_libraries/zf_gpio.o
 .comment       0x0000000000000033       0x34 ./Libraries/seekfree_libraries/zf_nvic.o
 .comment       0x0000000000000033       0x34 ./Libraries/seekfree_libraries/zf_pit.o
 .comment       0x0000000000000033       0x34 ./Libraries/seekfree_libraries/zf_qtimer.o
 .comment       0x0000000000000033       0x34 ./Libraries/seekfree_libraries/zf_spi.o
 .comment       0x0000000000000033       0x34 ./Libraries/seekfree_libraries/zf_systick.o
 .comment       0x0000000000000033       0x34 ./Libraries/seekfree_libraries/zf_uart.o
 .comment       0x0000000000000033       0x34 ./Libraries/board/board.o
 .comment       0x0000000000000033       0x34 ./Libraries/board/clock_config.o
 .comment       0x0000000000000033       0x34 ./CODE/TrackGet.o

.debug_frame    0x0000000000000000     0x3c84
 .debug_frame   0x0000000000000000      0x28c ./USER/isr.o
 .debug_frame   0x000000000000028c       0x98 ./USER/main.o
 .debug_frame   0x0000000000000324      0x174 ./Libraries/wch_libraries/Peripheral/ch32v10x_dma.o
 .debug_frame   0x0000000000000498      0x114 ./Libraries/wch_libraries/Peripheral/ch32v10x_exti.o
 .debug_frame   0x00000000000005ac      0x244 ./Libraries/wch_libraries/Peripheral/ch32v10x_gpio.o
 .debug_frame   0x00000000000007f0       0xb4 ./Libraries/wch_libraries/Peripheral/ch32v10x_misc.o
 .debug_frame   0x00000000000008a4      0x418 ./Libraries/wch_libraries/Peripheral/ch32v10x_rcc.o
 .debug_frame   0x0000000000000cbc      0x2fc ./Libraries/wch_libraries/Peripheral/ch32v10x_spi.o
 .debug_frame   0x0000000000000fb8      0xbb4 ./Libraries/wch_libraries/Peripheral/ch32v10x_tim.o
 .debug_frame   0x0000000000001b6c      0x3bc ./Libraries/wch_libraries/Peripheral/ch32v10x_usart.o
 .debug_frame   0x0000000000001f28      0x344 ./Libraries/seekfree_peripheral/SEEKFREE_18TFT.o
 .debug_frame   0x000000000000226c      0x1ec ./Libraries/seekfree_peripheral/SEEKFREE_MT9V03X.o
 .debug_frame   0x0000000000002458      0x214 ./Libraries/seekfree_peripheral/SEEKFREE_UART_7725.o
 .debug_frame   0x000000000000266c       0x60 ./Libraries/seekfree_libraries/zf_camera.o
 .debug_frame   0x00000000000026cc       0xbc ./Libraries/seekfree_libraries/zf_gpio.o
 .debug_frame   0x0000000000002788       0xbc ./Libraries/seekfree_libraries/zf_nvic.o
 .debug_frame   0x0000000000002844       0xc8 ./Libraries/seekfree_libraries/zf_pit.o
 .debug_frame   0x000000000000290c       0xa0 ./Libraries/seekfree_libraries/zf_qtimer.o
 .debug_frame   0x00000000000029ac       0x80 ./Libraries/seekfree_libraries/zf_spi.o
 .debug_frame   0x0000000000002a2c       0x70 ./Libraries/seekfree_libraries/zf_systick.o
 .debug_frame   0x0000000000002a9c      0x150 ./Libraries/seekfree_libraries/zf_uart.o
 .debug_frame   0x0000000000002bec       0x58 ./Libraries/board/board.o
 .debug_frame   0x0000000000002c44       0x58 ./Libraries/board/clock_config.o
 .debug_frame   0x0000000000002c9c      0x268 ./CODE/TrackGet.o
 .debug_frame   0x0000000000002f04       0x44 d:/mounriver/mounriver_studio/toolchain/risc-v embedded gcc/bin/../lib/gcc/riscv-none-embed/8.2.0/rv32imac/ilp32\libgcc.a(adddf3.o)
 .debug_frame   0x0000000000002f48       0x54 d:/mounriver/mounriver_studio/toolchain/risc-v embedded gcc/bin/../lib/gcc/riscv-none-embed/8.2.0/rv32imac/ilp32\libgcc.a(muldf3.o)
 .debug_frame   0x0000000000002f9c       0x44 d:/mounriver/mounriver_studio/toolchain/risc-v embedded gcc/bin/../lib/gcc/riscv-none-embed/8.2.0/rv32imac/ilp32\libgcc.a(subdf3.o)
 .debug_frame   0x0000000000002fe0       0x20 d:/mounriver/mounriver_studio/toolchain/risc-v embedded gcc/bin/../lib/gcc/riscv-none-embed/8.2.0/rv32imac/ilp32\libgcc.a(fixdfsi.o)
 .debug_frame   0x0000000000003000       0x38 d:/mounriver/mounriver_studio/toolchain/risc-v embedded gcc/bin/../lib/gcc/riscv-none-embed/8.2.0/rv32imac/ilp32\libgcc.a(floatsidf.o)
 .debug_frame   0x0000000000003038       0x40 d:/mounriver/mounriver_studio/toolchain/risc-v embedded gcc/bin/../lib/gcc/riscv-none-embed/8.2.0/rv32imac/ilp32\libgcc.a(addsf3.o)
 .debug_frame   0x0000000000003078       0x20 d:/mounriver/mounriver_studio/toolchain/risc-v embedded gcc/bin/../lib/gcc/riscv-none-embed/8.2.0/rv32imac/ilp32\libgcc.a(gesf2.o)
 .debug_frame   0x0000000000003098       0x20 d:/mounriver/mounriver_studio/toolchain/risc-v embedded gcc/bin/../lib/gcc/riscv-none-embed/8.2.0/rv32imac/ilp32\libgcc.a(lesf2.o)
 .debug_frame   0x00000000000030b8       0x50 d:/mounriver/mounriver_studio/toolchain/risc-v embedded gcc/bin/../lib/gcc/riscv-none-embed/8.2.0/rv32imac/ilp32\libgcc.a(mulsf3.o)
 .debug_frame   0x0000000000003108       0x3c d:/mounriver/mounriver_studio/toolchain/risc-v embedded gcc/bin/../lib/gcc/riscv-none-embed/8.2.0/rv32imac/ilp32\libgcc.a(subsf3.o)
 .debug_frame   0x0000000000003144       0x20 d:/mounriver/mounriver_studio/toolchain/risc-v embedded gcc/bin/../lib/gcc/riscv-none-embed/8.2.0/rv32imac/ilp32\libgcc.a(fixsfsi.o)
 .debug_frame   0x0000000000003164       0x38 d:/mounriver/mounriver_studio/toolchain/risc-v embedded gcc/bin/../lib/gcc/riscv-none-embed/8.2.0/rv32imac/ilp32\libgcc.a(floatsisf.o)
 .debug_frame   0x000000000000319c       0x20 d:/mounriver/mounriver_studio/toolchain/risc-v embedded gcc/bin/../lib/gcc/riscv-none-embed/8.2.0/rv32imac/ilp32\libgcc.a(_clzsi2.o)
 .debug_frame   0x00000000000031bc       0x40 d:/mounriver/mounriver_studio/toolchain/risc-v embedded gcc/bin/../lib/gcc/riscv-none-embed/8.2.0/../../../../riscv-none-embed/lib/rv32imac/ilp32\libg_nano.a(lib_a-assert.o)
 .debug_frame   0x00000000000031fc       0x48 d:/mounriver/mounriver_studio/toolchain/risc-v embedded gcc/bin/../lib/gcc/riscv-none-embed/8.2.0/../../../../riscv-none-embed/lib/rv32imac/ilp32\libg_nano.a(lib_a-fprintf.o)
 .debug_frame   0x0000000000003244       0xd0 d:/mounriver/mounriver_studio/toolchain/risc-v embedded gcc/bin/../lib/gcc/riscv-none-embed/8.2.0/../../../../riscv-none-embed/lib/rv32imac/ilp32\libg_nano.a(lib_a-nano-vfprintf.o)
 .debug_frame   0x0000000000003314       0x8c d:/mounriver/mounriver_studio/toolchain/risc-v embedded gcc/bin/../lib/gcc/riscv-none-embed/8.2.0/../../../../riscv-none-embed/lib/rv32imac/ilp32\libg_nano.a(lib_a-nano-vfprintf_i.o)
 .debug_frame   0x00000000000033a0       0x50 d:/mounriver/mounriver_studio/toolchain/risc-v embedded gcc/bin/../lib/gcc/riscv-none-embed/8.2.0/../../../../riscv-none-embed/lib/rv32imac/ilp32\libg_nano.a(lib_a-wbuf.o)
 .debug_frame   0x00000000000033f0       0x3c d:/mounriver/mounriver_studio/toolchain/risc-v embedded gcc/bin/../lib/gcc/riscv-none-embed/8.2.0/../../../../riscv-none-embed/lib/rv32imac/ilp32\libg_nano.a(lib_a-wsetup.o)
 .debug_frame   0x000000000000342c       0x28 d:/mounriver/mounriver_studio/toolchain/risc-v embedded gcc/bin/../lib/gcc/riscv-none-embed/8.2.0/../../../../riscv-none-embed/lib/rv32imac/ilp32\libg_nano.a(lib_a-abort.o)
 .debug_frame   0x0000000000003454       0x7c d:/mounriver/mounriver_studio/toolchain/risc-v embedded gcc/bin/../lib/gcc/riscv-none-embed/8.2.0/../../../../riscv-none-embed/lib/rv32imac/ilp32\libg_nano.a(lib_a-fflush.o)
 .debug_frame   0x00000000000034d0      0x148 d:/mounriver/mounriver_studio/toolchain/risc-v embedded gcc/bin/../lib/gcc/riscv-none-embed/8.2.0/../../../../riscv-none-embed/lib/rv32imac/ilp32\libg_nano.a(lib_a-findfp.o)
 .debug_frame   0x0000000000003618       0x88 d:/mounriver/mounriver_studio/toolchain/risc-v embedded gcc/bin/../lib/gcc/riscv-none-embed/8.2.0/../../../../riscv-none-embed/lib/rv32imac/ilp32\libg_nano.a(lib_a-fwalk.o)
 .debug_frame   0x00000000000036a0       0x64 d:/mounriver/mounriver_studio/toolchain/risc-v embedded gcc/bin/../lib/gcc/riscv-none-embed/8.2.0/../../../../riscv-none-embed/lib/rv32imac/ilp32\libg_nano.a(lib_a-makebuf.o)
 .debug_frame   0x0000000000003704       0x20 d:/mounriver/mounriver_studio/toolchain/risc-v embedded gcc/bin/../lib/gcc/riscv-none-embed/8.2.0/../../../../riscv-none-embed/lib/rv32imac/ilp32\libg_nano.a(lib_a-memchr.o)
 .debug_frame   0x0000000000003724       0x40 d:/mounriver/mounriver_studio/toolchain/risc-v embedded gcc/bin/../lib/gcc/riscv-none-embed/8.2.0/../../../../riscv-none-embed/lib/rv32imac/ilp32\libg_nano.a(lib_a-nano-freer.o)
 .debug_frame   0x0000000000003764       0x40 d:/mounriver/mounriver_studio/toolchain/risc-v embedded gcc/bin/../lib/gcc/riscv-none-embed/8.2.0/../../../../riscv-none-embed/lib/rv32imac/ilp32\libg_nano.a(lib_a-nano-mallocr.o)
 .debug_frame   0x00000000000037a4       0x30 d:/mounriver/mounriver_studio/toolchain/risc-v embedded gcc/bin/../lib/gcc/riscv-none-embed/8.2.0/../../../../riscv-none-embed/lib/rv32imac/ilp32\libg_nano.a(lib_a-sbrkr.o)
 .debug_frame   0x00000000000037d4       0xec d:/mounriver/mounriver_studio/toolchain/risc-v embedded gcc/bin/../lib/gcc/riscv-none-embed/8.2.0/../../../../riscv-none-embed/lib/rv32imac/ilp32\libg_nano.a(lib_a-signal.o)
 .debug_frame   0x00000000000038c0       0x40 d:/mounriver/mounriver_studio/toolchain/risc-v embedded gcc/bin/../lib/gcc/riscv-none-embed/8.2.0/../../../../riscv-none-embed/lib/rv32imac/ilp32\libg_nano.a(lib_a-signalr.o)
 .debug_frame   0x0000000000003900       0xa4 d:/mounriver/mounriver_studio/toolchain/risc-v embedded gcc/bin/../lib/gcc/riscv-none-embed/8.2.0/../../../../riscv-none-embed/lib/rv32imac/ilp32\libg_nano.a(lib_a-stdio.o)
 .debug_frame   0x00000000000039a4       0x30 d:/mounriver/mounriver_studio/toolchain/risc-v embedded gcc/bin/../lib/gcc/riscv-none-embed/8.2.0/../../../../riscv-none-embed/lib/rv32imac/ilp32\libg_nano.a(lib_a-writer.o)
 .debug_frame   0x00000000000039d4       0x30 d:/mounriver/mounriver_studio/toolchain/risc-v embedded gcc/bin/../lib/gcc/riscv-none-embed/8.2.0/../../../../riscv-none-embed/lib/rv32imac/ilp32\libg_nano.a(lib_a-closer.o)
 .debug_frame   0x0000000000003a04       0x30 d:/mounriver/mounriver_studio/toolchain/risc-v embedded gcc/bin/../lib/gcc/riscv-none-embed/8.2.0/../../../../riscv-none-embed/lib/rv32imac/ilp32\libg_nano.a(lib_a-fstatr.o)
 .debug_frame   0x0000000000003a34       0x30 d:/mounriver/mounriver_studio/toolchain/risc-v embedded gcc/bin/../lib/gcc/riscv-none-embed/8.2.0/../../../../riscv-none-embed/lib/rv32imac/ilp32\libg_nano.a(lib_a-isattyr.o)
 .debug_frame   0x0000000000003a64       0x30 d:/mounriver/mounriver_studio/toolchain/risc-v embedded gcc/bin/../lib/gcc/riscv-none-embed/8.2.0/../../../../riscv-none-embed/lib/rv32imac/ilp32\libg_nano.a(lib_a-lseekr.o)
 .debug_frame   0x0000000000003a94       0x30 d:/mounriver/mounriver_studio/toolchain/risc-v embedded gcc/bin/../lib/gcc/riscv-none-embed/8.2.0/../../../../riscv-none-embed/lib/rv32imac/ilp32\libg_nano.a(lib_a-mlock.o)
 .debug_frame   0x0000000000003ac4       0x30 d:/mounriver/mounriver_studio/toolchain/risc-v embedded gcc/bin/../lib/gcc/riscv-none-embed/8.2.0/../../../../riscv-none-embed/lib/rv32imac/ilp32\libg_nano.a(lib_a-readr.o)
 .debug_frame   0x0000000000003af4       0x70 d:/mounriver/mounriver_studio/toolchain/risc-v embedded gcc/bin/../lib/gcc/riscv-none-embed/8.2.0/../../../../riscv-none-embed/lib/rv32imac/ilp32\libg_nano.a(lib_a-reent.o)
 .debug_frame   0x0000000000003b64       0x20 d:/mounriver/mounriver_studio/toolchain/risc-v embedded gcc/bin/../lib/gcc/riscv-none-embed/8.2.0/../../../../riscv-none-embed/lib/rv32imac/ilp32\libnosys.a(close.o)
 .debug_frame   0x0000000000003b84       0x20 d:/mounriver/mounriver_studio/toolchain/risc-v embedded gcc/bin/../lib/gcc/riscv-none-embed/8.2.0/../../../../riscv-none-embed/lib/rv32imac/ilp32\libnosys.a(fstat.o)
 .debug_frame   0x0000000000003ba4       0x20 d:/mounriver/mounriver_studio/toolchain/risc-v embedded gcc/bin/../lib/gcc/riscv-none-embed/8.2.0/../../../../riscv-none-embed/lib/rv32imac/ilp32\libnosys.a(getpid.o)
 .debug_frame   0x0000000000003bc4       0x20 d:/mounriver/mounriver_studio/toolchain/risc-v embedded gcc/bin/../lib/gcc/riscv-none-embed/8.2.0/../../../../riscv-none-embed/lib/rv32imac/ilp32\libnosys.a(isatty.o)
 .debug_frame   0x0000000000003be4       0x20 d:/mounriver/mounriver_studio/toolchain/risc-v embedded gcc/bin/../lib/gcc/riscv-none-embed/8.2.0/../../../../riscv-none-embed/lib/rv32imac/ilp32\libnosys.a(kill.o)
 .debug_frame   0x0000000000003c04       0x20 d:/mounriver/mounriver_studio/toolchain/risc-v embedded gcc/bin/../lib/gcc/riscv-none-embed/8.2.0/../../../../riscv-none-embed/lib/rv32imac/ilp32\libnosys.a(lseek.o)
 .debug_frame   0x0000000000003c24       0x20 d:/mounriver/mounriver_studio/toolchain/risc-v embedded gcc/bin/../lib/gcc/riscv-none-embed/8.2.0/../../../../riscv-none-embed/lib/rv32imac/ilp32\libnosys.a(read.o)
 .debug_frame   0x0000000000003c44       0x20 d:/mounriver/mounriver_studio/toolchain/risc-v embedded gcc/bin/../lib/gcc/riscv-none-embed/8.2.0/../../../../riscv-none-embed/lib/rv32imac/ilp32\libnosys.a(sbrk.o)