Archive member included to satisfy reference by file (symbol)

d:/mounriver/mounriver_studio/toolchain/risc-v embedded gcc/bin/../lib/gcc/riscv-none-embed/8.2.0/rv32imac/ilp32\libgcc.a(adddf3.o)
                              ./CODE/TrackGet.o (__adddf3)
d:/mounriver/mounriver_studio/toolchain/risc-v embedded gcc/bin/../lib/gcc/riscv-none-embed/8.2.0/rv32imac/ilp32\libgcc.a(eqdf2.o)
                              ./Libraries/seekfree_peripheral/SEEKFREE_PRINTF.o (__nedf2)
d:/mounriver/mounriver_studio/toolchain/risc-v embedded gcc/bin/../lib/gcc/riscv-none-embed/8.2.0/rv32imac/ilp32\libgcc.a(ledf2.o)
                              ./Libraries/seekfree_peripheral/SEEKFREE_18TFT.o (__ltdf2)
d:/mounriver/mounriver_studio/toolchain/risc-v embedded gcc/bin/../lib/gcc/riscv-none-embed/8.2.0/rv32imac/ilp32\libgcc.a(muldf3.o)
                              ./USER/main.o (__muldf3)
d:/mounriver/mounriver_studio/toolchain/risc-v embedded gcc/bin/../lib/gcc/riscv-none-embed/8.2.0/rv32imac/ilp32\libgcc.a(subdf3.o)
                              ./Libraries/seekfree_peripheral/SEEKFREE_PRINTF.o (__subdf3)
d:/mounriver/mounriver_studio/toolchain/risc-v embedded gcc/bin/../lib/gcc/riscv-none-embed/8.2.0/rv32imac/ilp32\libgcc.a(fixdfsi.o)
                              ./Libraries/seekfree_peripheral/SEEKFREE_PRINTF.o (__fixdfsi)
d:/mounriver/mounriver_studio/toolchain/risc-v embedded gcc/bin/../lib/gcc/riscv-none-embed/8.2.0/rv32imac/ilp32\libgcc.a(floatsidf.o)
                              ./USER/main.o (__floatsidf)
d:/mounriver/mounriver_studio/toolchain/risc-v embedded gcc/bin/../lib/gcc/riscv-none-embed/8.2.0/rv32imac/ilp32\libgcc.a(addsf3.o)
                              ./USER/main.o (__addsf3)
d:/mounriver/mounriver_studio/toolchain/risc-v embedded gcc/bin/../lib/gcc/riscv-none-embed/8.2.0/rv32imac/ilp32\libgcc.a(gesf2.o)
                              ./USER/main.o (__gesf2)
d:/mounriver/mounriver_studio/toolchain/risc-v embedded gcc/bin/../lib/gcc/riscv-none-embed/8.2.0/rv32imac/ilp32\libgcc.a(lesf2.o)
                              ./USER/main.o (__lesf2)
d:/mounriver/mounriver_studio/toolchain/risc-v embedded gcc/bin/../lib/gcc/riscv-none-embed/8.2.0/rv32imac/ilp32\libgcc.a(floatsisf.o)
                              ./USER/main.o (__floatsisf)
d:/mounriver/mounriver_studio/toolchain/risc-v embedded gcc/bin/../lib/gcc/riscv-none-embed/8.2.0/rv32imac/ilp32\libgcc.a(truncdfsf2.o)
                              ./USER/main.o (__truncdfsf2)
d:/mounriver/mounriver_studio/toolchain/risc-v embedded gcc/bin/../lib/gcc/riscv-none-embed/8.2.0/rv32imac/ilp32\libgcc.a(_clzsi2.o)
                              d:/mounriver/mounriver_studio/toolchain/risc-v embedded gcc/bin/../lib/gcc/riscv-none-embed/8.2.0/rv32imac/ilp32\libgcc.a(adddf3.o) (__clzsi2)
d:/mounriver/mounriver_studio/toolchain/risc-v embedded gcc/bin/../lib/gcc/riscv-none-embed/8.2.0/rv32imac/ilp32\libgcc.a(_clz.o)
                              d:/mounriver/mounriver_studio/toolchain/risc-v embedded gcc/bin/../lib/gcc/riscv-none-embed/8.2.0/rv32imac/ilp32\libgcc.a(_clzsi2.o) (__clz_tab)
d:/mounriver/mounriver_studio/toolchain/risc-v embedded gcc/bin/../lib/gcc/riscv-none-embed/8.2.0/../../../../riscv-none-embed/lib/rv32imac/ilp32\libg_nano.a(lib_a-assert.o)
                              ./Libraries/seekfree_peripheral/SEEKFREE_18TFT.o (__assert_func)
d:/mounriver/mounriver_studio/toolchain/risc-v embedded gcc/bin/../lib/gcc/riscv-none-embed/8.2.0/../../../../riscv-none-embed/lib/rv32imac/ilp32\libg_nano.a(lib_a-fprintf.o)
                              d:/mounriver/mounriver_studio/toolchain/risc-v embedded gcc/bin/../lib/gcc/riscv-none-embed/8.2.0/../../../../riscv-none-embed/lib/rv32imac/ilp32\libg_nano.a(lib_a-assert.o) (fiprintf)
d:/mounriver/mounriver_studio/toolchain/risc-v embedded gcc/bin/../lib/gcc/riscv-none-embed/8.2.0/../../../../riscv-none-embed/lib/rv32imac/ilp32\libg_nano.a(lib_a-impure.o)
                              d:/mounriver/mounriver_studio/toolchain/risc-v embedded gcc/bin/../lib/gcc/riscv-none-embed/8.2.0/../../../../riscv-none-embed/lib/rv32imac/ilp32\libg_nano.a(lib_a-assert.o) (_impure_ptr)
d:/mounriver/mounriver_studio/toolchain/risc-v embedded gcc/bin/../lib/gcc/riscv-none-embed/8.2.0/../../../../riscv-none-embed/lib/rv32imac/ilp32\libg_nano.a(lib_a-memcpy.o)
                              ./Libraries/seekfree_peripheral/SEEKFREE_PRINTF.o (memcpy)
d:/mounriver/mounriver_studio/toolchain/risc-v embedded gcc/bin/../lib/gcc/riscv-none-embed/8.2.0/../../../../riscv-none-embed/lib/rv32imac/ilp32\libg_nano.a(lib_a-nano-vfprintf.o)
                              d:/mounriver/mounriver_studio/toolchain/risc-v embedded gcc/bin/../lib/gcc/riscv-none-embed/8.2.0/../../../../riscv-none-embed/lib/rv32imac/ilp32\libg_nano.a(lib_a-fprintf.o) (_vfprintf_r)
d:/mounriver/mounriver_studio/toolchain/risc-v embedded gcc/bin/../lib/gcc/riscv-none-embed/8.2.0/../../../../riscv-none-embed/lib/rv32imac/ilp32\libg_nano.a(lib_a-nano-vfprintf_i.o)
[...]
Memory Configuration

Name             Origin             Length             Attributes
FLASH            0x0000000000000000 0x0000000000010000 xr
RAM              0x0000000020000000 0x0000000000005000 xrw
*default*        0x0000000000000000 0xffffffffffffffff

Linker script and memory map

LOAD ./USER/isr.o
LOAD ./USER/main.o
LOAD ./Libraries/wch_libraries/Startup/startup_ch32v10x.o
LOAD ./Libraries/wch_libraries/Peripheral/ch32v10x_adc.o
LOAD ./Libraries/wch_libraries/Peripheral/ch32v10x_bkp.o
LOAD ./Libraries/wch_libraries/Peripheral/ch32v10x_crc.o
LOAD ./Libraries/wch_libraries/Peripheral/ch32v10x_dbgmcu.o
LOAD ./Libraries/wch_libraries/Peripheral/ch32v10x_dma.o
LOAD ./Libraries/wch_libraries/Peripheral/ch32v10x_exti.o
LOAD ./Libraries/wch_libraries/Peripheral/ch32v10x_flash.o
LOAD ./Libraries/wch_libraries/Peripheral/ch32v10x_gpio.o
LOAD ./Libraries/wch_libraries/Peripheral/ch32v10x_i2c.o
LOAD ./Libraries/wch_libraries/Peripheral/ch32v10x_iwdg.o
LOAD ./Libraries/wch_libraries/Peripheral/ch32v10x_misc.o
LOAD ./Libraries/wch_libraries/Peripheral/ch32v10x_pwr.o
LOAD ./Libraries/wch_libraries/Peripheral/ch32v10x_rcc.o
LOAD ./Libraries/wch_libraries/Peripheral/ch32v10x_rtc.o
LOAD ./Libraries/wch_libraries/Peripheral/ch32v10x_spi.o
LOAD ./Libraries/wch_libraries/Peripheral/ch32v10x_tim.o
LOAD ./Libraries/wch_libraries/Peripheral/ch32v10x_usart.o
LOAD ./Libraries/wch_libraries/Peripheral/ch32v10x_usb.o
LOAD ./Libraries/wch_libraries/Peripheral/ch32v10x_usb_host.o
LOAD ./Libraries/wch_libraries/Peripheral/ch32v10x_wwdg.o
LOAD ./Libraries/wch_libraries/Core/core_riscv.o
LOAD ./Libraries/seekfree_peripheral/SEEKFREE_18TFT.o
LOAD ./Libraries/seekfree_peripheral/SEEKFREE_ABSOLUTE_ENCODER.o
LOAD ./Libraries/seekfree_peripheral/SEEKFREE_FONT.o
LOAD ./Libraries/seekfree_peripheral/SEEKFREE_ICM20602.o
LOAD ./Libraries/seekfree_peripheral/SEEKFREE_IIC.o
LOAD ./Libraries/seekfree_peripheral/SEEKFREE_IPS114_SPI.o
LOAD ./Libraries/seekfree_peripheral/SEEKFREE_MPU6050.o
LOAD ./Libraries/seekfree_peripheral/SEEKFREE_MT9V03X.o
LOAD ./Libraries/seekfree_peripheral/SEEKFREE_OLED.o
LOAD ./Libraries/seekfree_peripheral/SEEKFREE_PRINTF.o
LOAD ./Libraries/seekfree_peripheral/SEEKFREE_TSL1401.o
LOAD ./Libraries/seekfree_peripheral/SEEKFREE_UART_7725.o
LOAD ./Libraries/seekfree_peripheral/SEEKFREE_VIRSCO.o
LOAD ./Libraries/seekfree_peripheral/SEEKFREE_WIRELESS.o
LOAD ./Libraries/seekfree_libraries/common.o
LOAD ./Libraries/seekfree_libraries/misc.o
LOAD ./Libraries/seekfree_libraries/zf_adc.o
LOAD ./Libraries/seekfree_libraries/zf_camera.o
LOAD ./Libraries/seekfree_libraries/zf_flash.o
LOAD ./Libraries/seekfree_libraries/zf_gpio.o
LOAD ./Libraries/seekfree_libraries/zf_nvic.o
LOAD ./Libraries/seekfree_libraries/zf_pit.o
LOAD ./Libraries/seekfree_libraries/zf_pwm.o
LOAD ./Libraries/seekfree_libraries/zf_qtimer.o
LOAD ./Libraries/seekfree_libraries/zf_spi.o
LOAD ./Libraries/seekfree_libraries/zf_systick.o
LOAD ./Libraries/seekfree_libraries/zf_uart.o
LOAD ./Libraries/board/board.o
LOAD ./Libraries/board/clock_config.o
LOAD ./CODE/TrackGet.o
LOAD ./CODE/key.o
LOAD d:/mounriver/mounriver_studio/toolchain/risc-v embedded gcc/bin/../lib/gcc/riscv-none-embed/8.2.0/../../../../riscv-none-embed/lib/rv32imac/ilp32\libm.a
LOAD d:/mounriver/mounriver_studio/toolchain/risc-v embedded gcc/bin/../lib/gcc/riscv-none-embed/8.2.0/rv32imac/ilp32\libgcc.a
LOAD d:/mounriver/mounriver_studio/toolchain/risc-v embedded gcc/bin/../lib/gcc/riscv-none-embed/8.2.0/../../../../riscv-none-embed/lib/rv32imac/ilp32\libg_nano.a
LOAD d:/mounriver/mounriver_studio/toolchain/risc-v embedded gcc/bin/../lib/gcc/riscv-none-embed/8.2.0/../../../../riscv-none-embed/lib/rv32imac/ilp32\libc_nano.a
LOAD d:/mounriver/mounriver_studio/toolchain/risc-v embedded gcc/bin/../lib/gcc/riscv-none-embed/8.2.0/rv32imac/ilp32\libgcc.a
START GROUP
LOAD d:/mounriver/mounriver_studio/toolchain/risc-v embedded gcc/bin/../lib/gcc/riscv-none-embed/8.2.0/rv32imac/ilp32\libgcc.a
LOAD d:/mounriver/mounriver_studio/toolchain/risc-v embedded gcc/bin/../lib/gcc/riscv-none-embed/8.2.0/../../../../riscv-none-embed/lib/rv32imac/ilp32\libc_nano.a
LOAD d:/mounriver/mounriver_studio/toolchain/risc-v embedded gcc/bin/../lib/gcc/riscv-none-embed/8.2.0/../../../../riscv-none-embed/lib/rv32imac/ilp32\libnosys.a
END GROUP
START GROUP
LOAD d:/mounriver/mounriver_studio/toolchain/risc-v embedded gcc/bin/../lib/gcc/riscv-none-embed/8.2.0/rv32imac/ilp32\libgcc.a
LOAD d:/mounriver/mounriver_studio/toolchain/risc-v embedded gcc/bin/../lib/gcc/riscv-none-embed/8.2.0/../../../../riscv-none-embed/lib/rv32imac/ilp32\libc_nano.a
LOAD d:/mounriver/mounriver_studio/toolchain/risc-v embedded gcc/bin/../lib/gcc/riscv-none-embed/8.2.0/../../../../riscv-none-embed/lib/rv32imac/ilp32\libnosys.a
END GROUP
                0x0000000000000800                __stack_size = 0x800
                [!provide]                        PROVIDE (_stack_size = __stack_size)

.init           0x0000000000000000       0x38
                0x0000000000000000                _sinit = .
                0x0000000000000000                . = ALIGN (0x4)
 *(SORT_NONE(.init))
 .init          0x0000000000000000       0x38 ./Libraries/wch_libraries/Startup/startup_ch32v10x.o
                0x0000000000000000                _start
                0x0000000000000038                . = ALIGN (0x4)
                0x0000000000000038                _einit = .

.vector         0x0000000000000038      0x108
 *(.vector)
 .vector        0x0000000000000038       0xf0 ./Libraries/wch_libraries/Startup/startup_ch32v10x.o
                0x0000000000000140                . = ALIGN (0x40)
 *fill*         0x0000000000000128       0x18 

.text           0x0000000000000140     0x7d5c
                0x0000000000000140                . = ALIGN (0x4)
 *(.text)
 .text          0x0000000000000140       0xa8 d:/mounriver/mounriver_studio/toolchain/risc-v embedded gcc/bin/../lib/gcc/riscv-none-embed/8.2.0/../../../../riscv-none-embed/lib/rv32imac/ilp32\libg_nano.a(lib_a-memset.o)
                0x0000000000000140                memset
 *(.text.*)
 .text.EXTI0_IRQHandler
                0x00000000000001e8        0x4 ./USER/isr.o
                0x00000000000001e8                EXTI0_IRQHandler
 .text.EXTI1_IRQHandler
                0x00000000000001ec       0x2e ./USER/isr.o
                0x00000000000001ec                EXTI1_IRQHandler
 .text.EXTI2_IRQHandler
                0x000000000000021a        0xa ./USER/isr.o
                0x000000000000021a                EXTI2_IRQHandler
 .text.EXTI3_IRQHandler
                0x0000000000000224        0x4 ./USER/isr.o
                0x0000000000000224                EXTI3_IRQHandler
 .text.EXTI4_IRQHandler
                0x0000000000000228        0x4 ./USER/isr.o
                0x0000000000000228                EXTI4_IRQHandler
 .text.EXTI9_5_IRQHandler
                0x000000000000022c        0x4 ./USER/isr.o
                0x000000000000022c                EXTI9_5_IRQHandler
 .text.EXTI15_10_IRQHandler
                0x0000000000000230        0x4 ./USER/isr.o
                0x0000000000000230                EXTI15_10_IRQHandler
 .text.ADC1_2_IRQHandler
                0x0000000000000234        0x4 ./USER/isr.o
                0x0000000000000234                ADC1_2_IRQHandler
 .text.TIM1_BRK_IRQHandler
                0x0000000000000238       0x2a ./USER/isr.o
                0x0000000000000238                TIM1_BRK_IRQHandler
 .text.TIM1_UP_IRQHandler
                0x0000000000000262       0x26 ./USER/isr.o
                0x0000000000000262                TIM1_UP_IRQHandler
 .text.TIM1_TRG_COM_IRQHandler
                0x0000000000000288       0x48 ./USER/isr.o
                0x0000000000000288                TIM1_TRG_COM_IRQHandler
 .text.TIM1_CC_IRQHandler
                0x00000000000002d0       0x74 ./USER/isr.o
                0x00000000000002d0                TIM1_CC_IRQHandler
 .text.TIM2_IRQHandler
                0x0000000000000344       0x1a ./USER/isr.o
                0x0000000000000344                TIM2_IRQHandler
 .text.TIM3_IRQHandler
                0x000000000000035e       0x26 ./USER/isr.o
                0x000000000000035e                TIM3_IRQHandler
 .text.USART1_IRQHandler
                0x0000000000000384        0x4 ./USER/isr.o
                0x0000000000000384                USART1_IRQHandler
 .text.USART2_IRQHandler
                0x0000000000000388       0x44 ./USER/isr.o
                0x0000000000000388                USART2_IRQHandler
 .text.USART3_IRQHandler
                0x00000000000003cc        0x4 ./USER/isr.o
                0x00000000000003cc                USART3_IRQHandler
 .text.DMA1_Channel4_IRQHandler
                0x00000000000003d0       0x38 ./USER/isr.o
                0x00000000000003d0                DMA1_Channel4_IRQHandler
 .text.NMI_Handler
                0x0000000000000408        0x4 ./USER/isr.o
                0x0000000000000408                NMI_Handler
 .text.HardFault_Handler
                0x000000000000040c        0x2 ./USER/isr.o
                0x000000000000040c                HardFault_Handler
 .text.get_sensor_data
                0x000000000000040e       0x28 ./USER/main.o
                0x000000000000040e                get_sensor_data
 .text.process_data
                0x0000000000000436       0x6e ./USER/main.o
                0x0000000000000436                process_data
 .text.TIM4_IRQHandler
                0x00000000000004a4      0x272 ./USER/main.o
                0x00000000000004a4                TIM4_IRQHandler
 .text.startup.main
                0x0000000000000716      0x4e8 ./USER/main.o
                0x0000000000000716                main
 .text.handle_reset
                0x0000000000000bfe       0x7e ./Libraries/wch_libraries/Startup/startup_ch32v10x.o
                0x0000000000000bfe                handle_reset
 .text.DMA_DeInit
                0x0000000000000c7c       0xfa ./Libraries/wch_libraries/Peripheral/ch32v10x_dma.o
                0x0000000000000c7c                DMA_DeInit
 .text.DMA_Init
                0x0000000000000d76       0x38 ./Libraries/wch_libraries/Peripheral/ch32v10x_dma.o
                0x0000000000000d76                DMA_Init
 .text.DMA_Cmd  0x0000000000000dae       0x14 ./Libraries/wch_libraries/Peripheral/ch32v10x_dma.o
                0x0000000000000dae                DMA_Cmd
 .text.DMA_ITConfig
                0x0000000000000dc2       0x12 ./Libraries/wch_libraries/Peripheral/ch32v10x_dma.o
                0x0000000000000dc2                DMA_ITConfig
 .text.DMA_GetFlagStatus
                0x0000000000000dd4       0x20 ./Libraries/wch_libraries/Peripheral/ch32v10x_dma.o
                0x0000000000000dd4                DMA_GetFlagStatus
 .text.DMA_ClearFlag
                0x0000000000000df4       0x1a ./Libraries/wch_libraries/Peripheral/ch32v10x_dma.o
                0x0000000000000df4                DMA_ClearFlag
 .text.EXTI_Init
                0x0000000000000e0e       0x6a ./Libraries/wch_libraries/Peripheral/ch32v10x_exti.o
                0x0000000000000e0e                EXTI_Init
 .text.EXTI_GetITStatus
                0x0000000000000e78       0x1e ./Libraries/wch_libraries/Peripheral/ch32v10x_exti.o
                0x0000000000000e78                EXTI_GetITStatus
 .text.EXTI_ClearITPendingBit
                0x0000000000000e96        0xa ./Libraries/wch_libraries/Peripheral/ch32v10x_exti.o
                0x0000000000000e96                EXTI_ClearITPendingBit
 .text.GPIO_Init
                0x0000000000000ea0       0xc2 ./Libraries/wch_libraries/Peripheral/ch32v10x_gpio.o
                0x0000000000000ea0                GPIO_Init
 .text.GPIO_WriteBit
                0x0000000000000f62        0xa ./Libraries/wch_libraries/Peripheral/ch32v10x_gpio.o
                0x0000000000000f62                GPIO_WriteBit
 .text.GPIO_PinRemapConfig
                0x0000000000000f6c       0x86 ./Libraries/wch_libraries/Peripheral/ch32v10x_gpio.o
                0x0000000000000f6c                GPIO_PinRemapConfig
 .text.GPIO_EXTILineConfig
                0x0000000000000ff2       0x2c ./Libraries/wch_libraries/Peripheral/ch32v10x_gpio.o
                0x0000000000000ff2                GPIO_EXTILineConfig
 .text.NVIC_Init
                0x000000000000101e       0x64 ./Libraries/wch_libraries/Peripheral/ch32v10x_misc.o
                0x000000000000101e                NVIC_Init
 .text.RCC_GetClocksFreq
                0x0000000000001082       0xb0 ./Libraries/wch_libraries/Peripheral/ch32v10x_rcc.o
                0x0000000000001082                RCC_GetClocksFreq
 .text.RCC_AHBPeriphClockCmd
                0x0000000000001132       0x1e ./Libraries/wch_libraries/Peripheral/ch32v10x_rcc.o
                0x0000000000001132                RCC_AHBPeriphClockCmd
 .text.RCC_APB2PeriphClockCmd
                0x0000000000001150       0x1e ./Libraries/wch_libraries/Peripheral/ch32v10x_rcc.o
                0x0000000000001150                RCC_APB2PeriphClockCmd
 .text.RCC_APB1PeriphClockCmd
                0x000000000000116e       0x1e ./Libraries/wch_libraries/Peripheral/ch32v10x_rcc.o
                0x000000000000116e                RCC_APB1PeriphClockCmd
 .text.SPI_Init
                0x000000000000118c       0x5a ./Libraries/wch_libraries/Peripheral/ch32v10x_spi.o
                0x000000000000118c                SPI_Init
 .text.SPI_Cmd  0x00000000000011e6       0x1e ./Libraries/wch_libraries/Peripheral/ch32v10x_spi.o
                0x00000000000011e6                SPI_Cmd
 .text.TIM_TimeBaseInit
                0x0000000000001204       0x78 ./Libraries/wch_libraries/Peripheral/ch32v10x_tim.o
                0x0000000000001204                TIM_TimeBaseInit
 .text.TIM_TimeBaseStructInit
                0x000000000000127c       0x18 ./Libraries/wch_libraries/Peripheral/ch32v10x_tim.o
                0x000000000000127c                TIM_TimeBaseStructInit
 .text.TIM_Cmd  0x0000000000001294       0x1c ./Libraries/wch_libraries/Peripheral/ch32v10x_tim.o
                0x0000000000001294                TIM_Cmd
 .text.TIM_ITConfig
                0x00000000000012b0       0x16 ./Libraries/wch_libraries/Peripheral/ch32v10x_tim.o
                0x00000000000012b0                TIM_ITConfig
 .text.TIM_DMACmd
                0x00000000000012c6        0x2 ./Libraries/wch_libraries/Peripheral/ch32v10x_tim.o
                0x00000000000012c6                TIM_DMACmd
 .text.TIM_ETRConfig
                0x00000000000012c8       0x1a ./Libraries/wch_libraries/Peripheral/ch32v10x_tim.o
                0x00000000000012c8                TIM_ETRConfig
 .text.TIM_ETRClockMode1Config
                0x00000000000012e2       0x26 ./Libraries/wch_libraries/Peripheral/ch32v10x_tim.o
                0x00000000000012e2                TIM_ETRClockMode1Config
 .text.TIM_SelectInputTrigger
                0x0000000000001308       0x14 ./Libraries/wch_libraries/Peripheral/ch32v10x_tim.o
                0x0000000000001308                TIM_SelectInputTrigger
 .text.TIM_EncoderInterfaceConfig
                0x000000000000131c       0x46 ./Libraries/wch_libraries/Peripheral/ch32v10x_tim.o
                0x000000000000131c                TIM_EncoderInterfaceConfig
 .text.TIM_SelectSlaveMode
                0x0000000000001362       0x1e ./Libraries/wch_libraries/Peripheral/ch32v10x_tim.o
                0x0000000000001362                TIM_SelectSlaveMode
 .text.TIM_SelectMasterSlaveMode
                0x0000000000001380       0x20 ./Libraries/wch_libraries/Peripheral/ch32v10x_tim.o
                0x0000000000001380                TIM_SelectMasterSlaveMode
 .text.TIM_GetITStatus
                0x00000000000013a0       0x1c ./Libraries/wch_libraries/Peripheral/ch32v10x_tim.o
                0x00000000000013a0                TIM_GetITStatus
 .text.TIM_ClearITPendingBit
                0x00000000000013bc        0xe ./Libraries/wch_libraries/Peripheral/ch32v10x_tim.o
                0x00000000000013bc                TIM_ClearITPendingBit
 .text.USART_Init
                0x00000000000013ca       0xd8 ./Libraries/wch_libraries/Peripheral/ch32v10x_usart.o
                0x00000000000013ca                USART_Init
 .text.USART_Cmd
                0x00000000000014a2       0x1c ./Libraries/wch_libraries/Peripheral/ch32v10x_usart.o
                0x00000000000014a2                USART_Cmd
 .text.USART_ITConfig
                0x00000000000014be       0x36 ./Libraries/wch_libraries/Peripheral/ch32v10x_usart.o
                0x00000000000014be                USART_ITConfig
 .text.USART_SendData
                0x00000000000014f4        0xa ./Libraries/wch_libraries/Peripheral/ch32v10x_usart.o
                0x00000000000014f4                USART_SendData
 .text.USART_GetFlagStatus
                0x00000000000014fe        0xc ./Libraries/wch_libraries/Peripheral/ch32v10x_usart.o
                0x00000000000014fe                USART_GetFlagStatus
 .text.USART_GetITStatus
                0x000000000000150a       0x44 ./Libraries/wch_libraries/Peripheral/ch32v10x_usart.o
                0x000000000000150a                USART_GetITStatus
 .text.USART_ClearITPendingBit
                0x000000000000154e       0x16 ./Libraries/wch_libraries/Peripheral/ch32v10x_usart.o
                0x000000000000154e                USART_ClearITPendingBit
 .text.lcd_writeIndex
                0x0000000000001564       0x34 ./Libraries/seekfree_peripheral/SEEKFREE_18TFT.o
                0x0000000000001564                lcd_writeIndex
 .text.lcd_writeData
                0x0000000000001598       0x34 ./Libraries/seekfree_peripheral/SEEKFREE_18TFT.o
                0x0000000000001598                lcd_writeData
 .text.lcd_writedata_16bit
                0x00000000000015cc       0x3a ./Libraries/seekfree_peripheral/SEEKFREE_18TFT.o
                0x00000000000015cc                lcd_writedata_16bit
 .text.lcd_set_region
                0x0000000000001606       0xd0 ./Libraries/seekfree_peripheral/SEEKFREE_18TFT.o
                0x0000000000001606                lcd_set_region
 .text.lcd_clear
                0x00000000000016d6       0x54 ./Libraries/seekfree_peripheral/SEEKFREE_18TFT.o
                0x00000000000016d6                lcd_clear
 .text.lcd_init
                0x000000000000172a      0x27a ./Libraries/seekfree_peripheral/SEEKFREE_18TFT.o
                0x000000000000172a                lcd_init
 .text.lcd_showchar
                0x00000000000019a4       0x8a ./Libraries/seekfree_peripheral/SEEKFREE_18TFT.o
                0x00000000000019a4                lcd_showchar
 .text.lcd_showstr
                0x0000000000001a2e       0x48 ./Libraries/seekfree_peripheral/SEEKFREE_18TFT.o
                0x0000000000001a2e                lcd_showstr
 .text.lcd_showint16
                0x0000000000001a76       0xbc ./Libraries/seekfree_peripheral/SEEKFREE_18TFT.o
                0x0000000000001a76                lcd_showint16
 .text.lcd_displayimage032
                0x0000000000001b32       0xa4 ./Libraries/seekfree_peripheral/SEEKFREE_18TFT.o
                0x0000000000001b32                lcd_displayimage032
 .text.icm_spi_w_reg_byte
                0x0000000000001bd6       0x36 ./Libraries/seekfree_peripheral/SEEKFREE_ICM20602.o
                0x0000000000001bd6                icm_spi_w_reg_byte
 .text.icm_spi_r_reg_byte
                0x0000000000001c0c       0x4c ./Libraries/seekfree_peripheral/SEEKFREE_ICM20602.o
                0x0000000000001c0c                icm_spi_r_reg_byte
 .text.icm_spi_r_reg_bytes
                0x0000000000001c58       0x2e ./Libraries/seekfree_peripheral/SEEKFREE_ICM20602.o
                0x0000000000001c58                icm_spi_r_reg_bytes
 .text.icm20602_self3_check
                0x0000000000001c86       0x4c ./Libraries/seekfree_peripheral/SEEKFREE_ICM20602.o
                0x0000000000001c86                icm20602_self3_check
 .text.icm20602_init_spi
                0x0000000000001cd2       0xc4 ./Libraries/seekfree_peripheral/SEEKFREE_ICM20602.o
                0x0000000000001cd2                icm20602_init_spi
 .text.get_icm20602_gyro_spi
                0x0000000000001d96       0x48 ./Libraries/seekfree_peripheral/SEEKFREE_ICM20602.o
                0x0000000000001d96                get_icm20602_gyro_spi
 .text.mt9v03x_uart_callback
                0x0000000000001dde       0x50 ./Libraries/seekfree_peripheral/SEEKFREE_MT9V03X.o
                0x0000000000001dde                mt9v03x_uart_callback
 .text.set_config
                0x0000000000001e2e       0xa6 ./Libraries/seekfree_peripheral/SEEKFREE_MT9V03X.o
                0x0000000000001e2e                set_config
 .text.get_config
                0x0000000000001ed4       0x7a ./Libraries/seekfree_peripheral/SEEKFREE_MT9V03X.o
                0x0000000000001ed4                get_config
 .text.mt9v03x_vsync_init
                0x0000000000001f4e       0x1c ./Libraries/seekfree_peripheral/SEEKFREE_MT9V03X.o
                0x0000000000001f4e                mt9v03x_vsync_init
 .text.mt9v03x_tim1_etr_init
                0x0000000000001f6a        0x6 ./Libraries/seekfree_peripheral/SEEKFREE_MT9V03X.o
                0x0000000000001f6a                mt9v03x_tim1_etr_init
 .text.mt9v03x_dma_init
                0x0000000000001f70       0x4c ./Libraries/seekfree_peripheral/SEEKFREE_MT9V03X.o
                0x0000000000001f70                mt9v03x_dma_init
 .text.mt9v03x_init
                0x0000000000001fbc       0x78 ./Libraries/seekfree_peripheral/SEEKFREE_MT9V03X.o
                0x0000000000001fbc                mt9v03x_init
 .text.mt9v03x_vsync
                0x0000000000002034       0x2a ./Libraries/seekfree_peripheral/SEEKFREE_MT9V03X.o
                0x0000000000002034                mt9v03x_vsync
 .text.mt9v03x_dma
                0x000000000000205e        0x8 ./Libraries/seekfree_peripheral/SEEKFREE_MT9V03X.o
                0x000000000000205e                mt9v03x_dma
 .text.ov7725_cof_uart_interrupt
                0x0000000000002066       0x50 ./Libraries/seekfree_peripheral/SEEKFREE_UART_7725.o
                0x0000000000002066                ov7725_cof_uart_interrupt
 .text.ov7725_uart_vsync
                0x00000000000020b6       0x16 ./Libraries/seekfree_peripheral/SEEKFREE_UART_7725.o
                0x00000000000020b6                ov7725_uart_vsync
 .text.ov7725_uart_dma
                0x00000000000020cc       0x16 ./Libraries/seekfree_peripheral/SEEKFREE_UART_7725.o
                0x00000000000020cc                ov7725_uart_dma
 .text.camera_dma_init
                0x00000000000020e2       0xd4 ./Libraries/seekfree_libraries/zf_camera.o
                0x00000000000020e2                camera_dma_init
 .text.camera_tim_etr_init
                0x00000000000021b6       0xb8 ./Libraries/seekfree_libraries/zf_camera.o
                0x00000000000021b6                camera_tim_etr_init
 .text.gpio_init
                0x000000000000226e       0xde ./Libraries/seekfree_libraries/zf_gpio.o
                0x000000000000226e                gpio_init
 .text.gpio_get
                0x000000000000234c       0x22 ./Libraries/seekfree_libraries/zf_gpio.o
                0x000000000000234c                gpio_get
 .text.gpio_interrupt_init
                0x000000000000236e       0x56 ./Libraries/seekfree_libraries/zf_gpio.o
                0x000000000000236e                gpio_interrupt_init
 .text.close_all_irq
                0x00000000000023c4       0x10 ./Libraries/seekfree_libraries/zf_nvic.o
                0x00000000000023c4                close_all_irq
 .text.nvic_init
                0x00000000000023d4       0x52 ./Libraries/seekfree_libraries/zf_nvic.o
                0x00000000000023d4                nvic_init
 .text.sys_recover_irq
                0x0000000000002426       0x1c ./Libraries/seekfree_libraries/zf_nvic.o
                0x0000000000002426                sys_recover_irq
 .text.DisableGlobalIRQ
                0x0000000000002442       0x2a ./Libraries/seekfree_libraries/zf_nvic.o
                0x0000000000002442                DisableGlobalIRQ
 .text.EnableGlobalIRQ
                0x000000000000246c        0xe ./Libraries/seekfree_libraries/zf_nvic.o
                0x000000000000246c                EnableGlobalIRQ
 .text.timer_pit_interrupt_ms
                0x000000000000247a      0x100 ./Libraries/seekfree_libraries/zf_pit.o
                0x000000000000247a                timer_pit_interrupt_ms
 .text.timer_gpio_quad_init
                0x000000000000257a      0x102 ./Libraries/seekfree_libraries/zf_qtimer.o
                0x000000000000257a                timer_gpio_quad_init
 .text.timer_quad_init
                0x000000000000267c       0xe0 ./Libraries/seekfree_libraries/zf_qtimer.o
                0x000000000000267c                timer_quad_init
 .text.timer_quad_get
                0x000000000000275c       0x16 ./Libraries/seekfree_libraries/zf_qtimer.o
                0x000000000000275c                timer_quad_get
 .text.timer_quad_clear
                0x0000000000002772       0x12 ./Libraries/seekfree_libraries/zf_qtimer.o
                0x0000000000002772                timer_quad_clear
 .text.spi_gpio_init
                0x0000000000002784      0x12c ./Libraries/seekfree_libraries/zf_spi.o
                0x0000000000002784                spi_gpio_init
 .text.spi_init
                0x00000000000028b0       0xe0 ./Libraries/seekfree_libraries/zf_spi.o
                0x00000000000028b0                spi_init
 .text.spi_mosi
                0x0000000000002990       0x3a ./Libraries/seekfree_libraries/zf_spi.o
                0x0000000000002990                spi_mosi
 .text.systick_delay
                0x00000000000029ca       0x3a ./Libraries/seekfree_libraries/zf_systick.o
                0x00000000000029ca                systick_delay
 .text.uart_gpio_init
                0x0000000000002a04       0xb6 ./Libraries/seekfree_libraries/zf_uart.o
                0x0000000000002a04                uart_gpio_init
 .text.uart_init
                0x0000000000002aba       0xb4 ./Libraries/seekfree_libraries/zf_uart.o
                0x0000000000002aba                uart_init
 .text.uart_putchar
                0x0000000000002b6e       0x20 ./Libraries/seekfree_libraries/zf_uart.o
                0x0000000000002b6e                uart_putchar
 .text.uart_putbuff
                0x0000000000002b8e       0x30 ./Libraries/seekfree_libraries/zf_uart.o
                0x0000000000002b8e                uart_putbuff
 .text.uart_rx_irq
                0x0000000000002bbe       0x36 ./Libraries/seekfree_libraries/zf_uart.o
                0x0000000000002bbe                uart_rx_irq
 .text.board_init
                0x0000000000002bf4       0x34 ./Libraries/board/board.o
                0x0000000000002bf4                board_init
 .text._write   0x0000000000002c28       0x4e ./Libraries/board/board.o
                0x0000000000002c28                _write
 .text.SystemInit
                0x0000000000002c76      0x102 ./Libraries/board/clock_config.o
                0x0000000000002c76                SystemInit
 .text.trackBorder_Get
                0x0000000000002d78      0x402 ./CODE/TrackGet.o
                0x0000000000002d78                trackBorder_Get
 .text.is_Straight
                0x000000000000317a       0xba ./CODE/TrackGet.o
                0x000000000000317a                is_Straight
 .text.find_Inflection_C
                0x0000000000003234      0x176 ./CODE/TrackGet.o
                0x0000000000003234                find_Inflection_C
 .text.find_Inflection_B
                0x00000000000033aa       0xae ./CODE/TrackGet.o
                0x00000000000033aa                find_Inflection_B
 .text.find_Inflection_A
                0x0000000000003458      0x17e ./CODE/TrackGet.o
                0x0000000000003458                find_Inflection_A
 .text.centre_line_get
                0x00000000000035d6       0xb8 ./CODE/TrackGet.o
                0x00000000000035d6                centre_line_get
 .text.judge_Ring
                0x000000000000368e      0x23e ./CODE/TrackGet.o
                0x000000000000368e                judge_Ring
 .text.repair_Ring
                0x00000000000038cc      0x8e6 ./CODE/TrackGet.o
                0x00000000000038cc                repair_Ring
 .text.get_triangle
                0x00000000000041b2      0x154 ./CODE/TrackGet.o
                0x00000000000041b2                get_triangle
 .text.is_Branch
                0x0000000000004306      0x130 ./CODE/TrackGet.o
                0x0000000000004306                is_Branch
 .text.judge_Branch
                0x0000000000004436       0xda ./CODE/TrackGet.o
                0x0000000000004436                judge_Branch
 .text.find_frontzebra_inflection
                0x0000000000004510       0xd4 ./CODE/TrackGet.o
                0x0000000000004510                find_frontzebra_inflection
 .text.is_Zebra_In
                0x00000000000045e4        0xe ./CODE/TrackGet.o
                0x00000000000045e4                is_Zebra_In
 .text.judge_Garage_In
                0x00000000000045f2       0x60 ./CODE/TrackGet.o
                0x00000000000045f2                judge_Garage_In
 .text.Key_Init
                0x0000000000004652       0x38 ./CODE/key.o
                0x0000000000004652                Key_Init
 .text.Key_Read
                0x000000000000468a       0x6e ./CODE/key.o
                0x000000000000468a                Key_Read
 .text.__adddf3
                0x00000000000046f8      0x730 d:/mounriver/mounriver_studio/toolchain/risc-v embedded gcc/bin/../lib/gcc/riscv-none-embed/8.2.0/rv32imac/ilp32\libgcc.a(adddf3.o)
                0x00000000000046f8                __adddf3
 .text.__muldf3
                0x0000000000004e28      0x4b8 d:/mounriver/mounriver_studio/toolchain/risc-v embedded gcc/bin/../lib/gcc/riscv-none-embed/8.2.0/rv32imac/ilp32\libgcc.a(muldf3.o)
                0x0000000000004e28                __muldf3
 .text.__subdf3
                0x00000000000052e0      0x73e d:/mounriver/mounriver_studio/toolchain/risc-v embedded gcc/bin/../lib/gcc/riscv-none-embed/8.2.0/rv32imac/ilp32\libgcc.a(subdf3.o)
                0x00000000000052e0                __subdf3
 .text.__fixdfsi
                0x0000000000005a1e       0x68 d:/mounriver/mounriver_studio/toolchain/risc-v embedded gcc/bin/../lib/gcc/riscv-none-embed/8.2.0/rv32imac/ilp32\libgcc.a(fixdfsi.o)
                0x0000000000005a1e                __fixdfsi
 .text.__floatsidf
                0x0000000000005a86       0x70 d:/mounriver/mounriver_studio/toolchain/risc-v embedded gcc/bin/../lib/gcc/riscv-none-embed/8.2.0/rv32imac/ilp32\libgcc.a(floatsidf.o)
                0x0000000000005a86                __floatsidf
 .text.__addsf3
                0x0000000000005af6      0x368 d:/mounriver/mounriver_studio/toolchain/risc-v embedded gcc/bin/../lib/gcc/riscv-none-embed/8.2.0/rv32imac/ilp32\libgcc.a(addsf3.o)
                0x0000000000005af6                __addsf3
 .text.__gesf2  0x0000000000005e5e       0x86 d:/mounriver/mounriver_studio/toolchain/risc-v embedded gcc/bin/../lib/gcc/riscv-none-embed/8.2.0/rv32imac/ilp32\libgcc.a(gesf2.o)
                0x0000000000005e5e                __gesf2
                0x0000000000005e5e                __gtsf2
 .text.__lesf2  0x0000000000005ee4       0x8c d:/mounriver/mounriver_studio/toolchain/risc-v embedded gcc/bin/../lib/gcc/riscv-none-embed/8.2.0/rv32imac/ilp32\libgcc.a(lesf2.o)
                0x0000000000005ee4                __ltsf2
                0x0000000000005ee4                __lesf2
 .text.__floatsisf
                0x0000000000005f70       0xc6 d:/mounriver/mounriver_studio/toolchain/risc-v embedded gcc/bin/../lib/gcc/riscv-none-embed/8.2.0/rv32imac/ilp32\libgcc.a(floatsisf.o)
                0x0000000000005f70                __floatsisf
 .text.__truncdfsf2
                0x0000000000006036      0x16a d:/mounriver/mounriver_studio/toolchain/risc-v embedded gcc/bin/../lib/gcc/riscv-none-embed/8.2.0/rv32imac/ilp32\libgcc.a(truncdfsf2.o)
                0x0000000000006036                __truncdfsf2
 .text.__clzsi2
                0x00000000000061a0       0x76 d:/mounriver/mounriver_studio/toolchain/risc-v embedded gcc/bin/../lib/gcc/riscv-none-embed/8.2.0/rv32imac/ilp32\libgcc.a(_clzsi2.o)
                0x00000000000061a0                __clzsi2
 .text.__assert_func
                0x0000000000006216       0x3a d:/mounriver/mounriver_studio/toolchain/risc-v embedded gcc/bin/../lib/gcc/riscv-none-embed/8.2.0/../../../../riscv-none-embed/lib/rv32imac/ilp32\libg_nano.a(lib_a-assert.o)
                0x0000000000006216                __assert_func
 .text.fprintf  0x0000000000006250       0x26 d:/mounriver/mounriver_studio/toolchain/risc-v embedded gcc/bin/../lib/gcc/riscv-none-embed/8.2.0/../../../../riscv-none-embed/lib/rv32imac/ilp32\libg_nano.a(lib_a-fprintf.o)
                0x0000000000006250                fiprintf
                0x0000000000006250                fprintf
 .text.__sfputc_r
                0x0000000000006276       0x28 d:/mounriver/mounriver_studio/toolchain/risc-v embedded gcc/bin/../lib/gcc/riscv-none-embed/8.2.0/../../../../riscv-none-embed/lib/rv32imac/ilp32\libg_nano.a(lib_a-nano-vfprintf.o)
 .text.__sfputs_r
                0x000000000000629e       0x44 d:/mounriver/mounriver_studio/toolchain/risc-v embedded gcc/bin/../lib/gcc/riscv-none-embed/8.2.0/../../../../riscv-none-embed/lib/rv32imac/ilp32\libg_nano.a(lib_a-nano-vfprintf.o)
                0x000000000000629e                __sfputs_r
 .text._vfprintf_r
                0x00000000000062e2      0x2a0 d:/mounriver/mounriver_studio/toolchain/risc-v embedded gcc/bin/../lib/gcc/riscv-none-embed/8.2.0/../../../../riscv-none-embed/lib/rv32imac/ilp32\libg_nano.a(lib_a-nano-vfprintf.o)
                0x00000000000062e2                _vfprintf_r
                0x00000000000062e2                _vfiprintf_r
 .text._printf_common
                0x0000000000006582      0x10c d:/mounriver/mounriver_studio/toolchain/risc-v embedded gcc/bin/../lib/gcc/riscv-none-embed/8.2.0/../../../../riscv-none-embed/lib/rv32imac/ilp32\libg_nano.a(lib_a-nano-vfprintf_i.o)
                0x0000000000006582                _printf_common
 .text._printf_i
                0x000000000000668e      0x2a4 d:/mounriver/mounriver_studio/toolchain/risc-v embedded gcc/bin/../lib/gcc/riscv-none-embed/8.2.0/../../../../riscv-none-embed/lib/rv32imac/ilp32\libg_nano.a(lib_a-nano-vfprintf_i.o)
                0x000000000000668e                _printf_i
 .text.__swbuf_r
                0x0000000000006932       0xc0 d:/mounriver/mounriver_studio/toolchain/risc-v embedded gcc/bin/../lib/gcc/riscv-none-embed/8.2.0/../../../../riscv-none-embed/lib/rv32imac/ilp32\libg_nano.a(lib_a-wbuf.o)
                0x0000000000006932                __swbuf_r
 .text.__swsetup_r
                0x00000000000069f2      0x10c d:/mounriver/mounriver_studio/toolchain/risc-v embedded gcc/bin/../lib/gcc/riscv-none-embed/8.2.0/../../../../riscv-none-embed/lib/rv32imac/ilp32\libg_nano.a(lib_a-wsetup.o)
                0x00000000000069f2                __swsetup_r
 .text.abort    0x0000000000006afe        0xe d:/mounriver/mounriver_studio/toolchain/risc-v embedded gcc/bin/../lib/gcc/riscv-none-embed/8.2.0/../../../../riscv-none-embed/lib/rv32imac/ilp32\libg_nano.a(lib_a-abort.o)
                0x0000000000006afe                abort
 .text.__sflush_r
                0x0000000000006b0c      0x13c d:/mounriver/mounriver_studio/toolchain/risc-v embedded gcc/bin/../lib/gcc/riscv-none-embed/8.2.0/../../../../riscv-none-embed/lib/rv32imac/ilp32\libg_nano.a(lib_a-fflush.o)
                0x0000000000006b0c                __sflush_r
 .text._fflush_r
                0x0000000000006c48       0x66 d:/mounriver/mounriver_studio/toolchain/risc-v embedded gcc/bin/../lib/gcc/riscv-none-embed/8.2.0/../../../../riscv-none-embed/lib/rv32imac/ilp32\libg_nano.a(lib_a-fflush.o)
                0x0000000000006c48                _fflush_r
 .text.std      0x0000000000006cae       0x6a d:/mounriver/mounriver_studio/toolchain/risc-v embedded gcc/bin/../lib/gcc/riscv-none-embed/8.2.0/../../../../riscv-none-embed/lib/rv32imac/ilp32\libg_nano.a(lib_a-findfp.o)
 .text._cleanup_r
                0x0000000000006d18        0xa d:/mounriver/mounriver_studio/toolchain/risc-v embedded gcc/bin/../lib/gcc/riscv-none-embed/8.2.0/../../../../riscv-none-embed/lib/rv32imac/ilp32\libg_nano.a(lib_a-findfp.o)
                0x0000000000006d18                _cleanup_r
 .text.__sfmoreglue
                0x0000000000006d22       0x46 d:/mounriver/mounriver_studio/toolchain/risc-v embedded gcc/bin/../lib/gcc/riscv-none-embed/8.2.0/../../../../riscv-none-embed/lib/rv32imac/ilp32\libg_nano.a(lib_a-findfp.o)
                0x0000000000006d22                __sfmoreglue
 .text.__sinit  0x0000000000006d68       0x6c d:/mounriver/mounriver_studio/toolchain/risc-v embedded gcc/bin/../lib/gcc/riscv-none-embed/8.2.0/../../../../riscv-none-embed/lib/rv32imac/ilp32\libg_nano.a(lib_a-findfp.o)
                0x0000000000006d68                __sinit
 .text.__sfp    0x0000000000006dd4       0xa0 d:/mounriver/mounriver_studio/toolchain/risc-v embedded gcc/bin/../lib/gcc/riscv-none-embed/8.2.0/../../../../riscv-none-embed/lib/rv32imac/ilp32\libg_nano.a(lib_a-findfp.o)
                0x0000000000006dd4                __sfp
 .text._fwalk_reent
                0x0000000000006e74       0x6c d:/mounriver/mounriver_studio/toolchain/risc-v embedded gcc/bin/../lib/gcc/riscv-none-embed/8.2.0/../../../../riscv-none-embed/lib/rv32imac/ilp32\libg_nano.a(lib_a-fwalk.o)
                0x0000000000006e74                _fwalk_reent
 .text.__swhatbuf_r
                0x0000000000006ee0       0x58 d:/mounriver/mounriver_studio/toolchain/risc-v embedded gcc/bin/../lib/gcc/riscv-none-embed/8.2.0/../../../../riscv-none-embed/lib/rv32imac/ilp32\libg_nano.a(lib_a-makebuf.o)
                0x0000000000006ee0                __swhatbuf_r
 .text.__smakebuf_r
                0x0000000000006f38       0x9e d:/mounriver/mounriver_studio/toolchain/risc-v embedded gcc/bin/../lib/gcc/riscv-none-embed/8.2.0/../../../../riscv-none-embed/lib/rv32imac/ilp32\libg_nano.a(lib_a-makebuf.o)
                0x0000000000006f38                __smakebuf_r
 .text.memchr   0x0000000000006fd6       0x1a d:/mounriver/mounriver_studio/toolchain/risc-v embedded gcc/bin/../lib/gcc/riscv-none-embed/8.2.0/../../../../riscv-none-embed/lib/rv32imac/ilp32\libg_nano.a(lib_a-memchr.o)
                0x0000000000006fd6                memchr
 .text._free_r  0x0000000000006ff0       0xa4 d:/mounriver/mounriver_studio/toolchain/risc-v embedded gcc/bin/../lib/gcc/riscv-none-embed/8.2.0/../../../../riscv-none-embed/lib/rv32imac/ilp32\libg_nano.a(lib_a-nano-freer.o)
                0x0000000000006ff0                _free_r
 .text._malloc_r
                0x0000000000007094       0xce d:/mounriver/mounriver_studio/toolchain/risc-v embedded gcc/bin/../lib/gcc/riscv-none-embed/8.2.0/../../../../riscv-none-embed/lib/rv32imac/ilp32\libg_nano.a(lib_a-nano-mallocr.o)
                0x0000000000007094                _malloc_r
 .text._sbrk_r  0x0000000000007162       0x30 d:/mounriver/mounriver_studio/toolchain/risc-v embedded gcc/bin/../lib/gcc/riscv-none-embed/8.2.0/../../../../riscv-none-embed/lib/rv32imac/ilp32\libg_nano.a(lib_a-sbrkr.o)
                0x0000000000007162                _sbrk_r
 .text._raise_r
                0x0000000000007192       0x62 d:/mounriver/mounriver_studio/toolchain/risc-v embedded gcc/bin/../lib/gcc/riscv-none-embed/8.2.0/../../../../riscv-none-embed/lib/rv32imac/ilp32\libg_nano.a(lib_a-signal.o)
                0x0000000000007192                _raise_r
 .text.raise    0x00000000000071f4        0xc d:/mounriver/mounriver_studio/toolchain/risc-v embedded gcc/bin/../lib/gcc/riscv-none-embed/8.2.0/../../../../riscv-none-embed/lib/rv32imac/ilp32\libg_nano.a(lib_a-signal.o)
                0x00000000000071f4                raise
 .text._kill_r  0x0000000000007200       0x32 d:/mounriver/mounriver_studio/toolchain/risc-v embedded gcc/bin/../lib/gcc/riscv-none-embed/8.2.0/../../../../riscv-none-embed/lib/rv32imac/ilp32\libg_nano.a(lib_a-signalr.o)
                0x0000000000007200                _kill_r
 .text._getpid_r
                0x0000000000007232        0x2 d:/mounriver/mounriver_studio/toolchain/risc-v embedded gcc/bin/../lib/gcc/riscv-none-embed/8.2.0/../../../../riscv-none-embed/lib/rv32imac/ilp32\libg_nano.a(lib_a-signalr.o)
                0x0000000000007232                _getpid_r
 .text.__sread  0x0000000000007234       0x30 d:/mounriver/mounriver_studio/toolchain/risc-v embedded gcc/bin/../lib/gcc/riscv-none-embed/8.2.0/../../../../riscv-none-embed/lib/rv32imac/ilp32\libg_nano.a(lib_a-stdio.o)
                0x0000000000007234                __sread
 .text.__swrite
                0x0000000000007264       0x4e d:/mounriver/mounriver_studio/toolchain/risc-v embedded gcc/bin/../lib/gcc/riscv-none-embed/8.2.0/../../../../riscv-none-embed/lib/rv32imac/ilp32\libg_nano.a(lib_a-stdio.o)
                0x0000000000007264                __swrite
 .text.__sseek  0x00000000000072b2       0x36 d:/mounriver/mounriver_studio/toolchain/risc-v embedded gcc/bin/../lib/gcc/riscv-none-embed/8.2.0/../../../../riscv-none-embed/lib/rv32imac/ilp32\libg_nano.a(lib_a-stdio.o)
                0x00000000000072b2                __sseek
 .text.__sclose
                0x00000000000072e8        0x6 d:/mounriver/mounriver_studio/toolchain/risc-v embedded gcc/bin/../lib/gcc/riscv-none-embed/8.2.0/../../../../riscv-none-embed/lib/rv32imac/ilp32\libg_nano.a(lib_a-stdio.o)
                0x00000000000072e8                __sclose
 .text._write_r
                0x00000000000072ee       0x36 d:/mounriver/mounriver_studio/toolchain/risc-v embedded gcc/bin/../lib/gcc/riscv-none-embed/8.2.0/../../../../riscv-none-embed/lib/rv32imac/ilp32\libg_nano.a(lib_a-writer.o)
                0x00000000000072ee                _write_r
 .text._close_r
                0x0000000000007324       0x30 d:/mounriver/mounriver_studio/toolchain/risc-v embedded gcc/bin/../lib/gcc/riscv-none-embed/8.2.0/../../../../riscv-none-embed/lib/rv32imac/ilp32\libg_nano.a(lib_a-closer.o)
                0x0000000000007324                _close_r
 .text._fstat_r
                0x0000000000007354       0x32 d:/mounriver/mounriver_studio/toolchain/risc-v embedded gcc/bin/../lib/gcc/riscv-none-embed/8.2.0/../../../../riscv-none-embed/lib/rv32imac/ilp32\libg_nano.a(lib_a-fstatr.o)
                0x0000000000007354                _fstat_r
 .text._isatty_r
                0x0000000000007386       0x30 d:/mounriver/mounriver_studio/toolchain/risc-v embedded gcc/bin/../lib/gcc/riscv-none-embed/8.2.0/../../../../riscv-none-embed/lib/rv32imac/ilp32\libg_nano.a(lib_a-isattyr.o)
                0x0000000000007386                _isatty_r
 .text._lseek_r
                0x00000000000073b6       0x34 d:/mounriver/mounriver_studio/toolchain/risc-v embedded gcc/bin/../lib/gcc/riscv-none-embed/8.2.0/../../../../riscv-none-embed/lib/rv32imac/ilp32\libg_nano.a(lib_a-lseekr.o)
                0x00000000000073b6                _lseek_r
 .text.__malloc_lock
                0x00000000000073ea        0x2 d:/mounriver/mounriver_studio/toolchain/risc-v embedded gcc/bin/../lib/gcc/riscv-none-embed/8.2.0/../../../../riscv-none-embed/lib/rv32imac/ilp32\libg_nano.a(lib_a-mlock.o)
                0x00000000000073ea                __malloc_lock
 .text.__malloc_unlock
                0x00000000000073ec        0x2 d:/mounriver/mounriver_studio/toolchain/risc-v embedded gcc/bin/../lib/gcc/riscv-none-embed/8.2.0/../../../../riscv-none-embed/lib/rv32imac/ilp32\libg_nano.a(lib_a-mlock.o)
                0x00000000000073ec                __malloc_unlock
 .text._read_r  0x00000000000073ee       0x34 d:/mounriver/mounriver_studio/toolchain/risc-v embedded gcc/bin/../lib/gcc/riscv-none-embed/8.2.0/../../../../riscv-none-embed/lib/rv32imac/ilp32\libg_nano.a(lib_a-readr.o)
                0x00000000000073ee                _read_r
 .text._close   0x0000000000007422       0x10 d:/mounriver/mounriver_studio/toolchain/risc-v embedded gcc/bin/../lib/gcc/riscv-none-embed/8.2.0/../../../../riscv-none-embed/lib/rv32imac/ilp32\libnosys.a(close.o)
                0x0000000000007422                _close
 .text._fstat   0x0000000000007432       0x10 d:/mounriver/mounriver_studio/toolchain/risc-v embedded gcc/bin/../lib/gcc/riscv-none-embed/8.2.0/../../../../riscv-none-embed/lib/rv32imac/ilp32\libnosys.a(fstat.o)
                0x0000000000007432                _fstat
 .text._getpid  0x0000000000007442       0x10 d:/mounriver/mounriver_studio/toolchain/risc-v embedded gcc/bin/../lib/gcc/riscv-none-embed/8.2.0/../../../../riscv-none-embed/lib/rv32imac/ilp32\libnosys.a(getpid.o)
                0x0000000000007442                _getpid
 .text._isatty  0x0000000000007452       0x10 d:/mounriver/mounriver_studio/toolchain/risc-v embedded gcc/bin/../lib/gcc/riscv-none-embed/8.2.0/../../../../riscv-none-embed/lib/rv32imac/ilp32\libnosys.a(isatty.o)
                0x0000000000007452                _isatty
 .text._kill    0x0000000000007462       0x10 d:/mounriver/mounriver_studio/toolchain/risc-v embedded gcc/bin/../lib/gcc/riscv-none-embed/8.2.0/../../../../riscv-none-embed/lib/rv32imac/ilp32\libnosys.a(kill.o)
                0x0000000000007462                _kill
 .text._lseek   0x0000000000007472       0x10 d:/mounriver/mounriver_studio/toolchain/risc-v embedded gcc/bin/../lib/gcc/riscv-none-embed/8.2.0/../../../../riscv-none-embed/lib/rv32imac/ilp32\libnosys.a(lseek.o)
                0x0000000000007472                _lseek
 .text._read    0x0000000000007482       0x10 d:/mounriver/mounriver_studio/toolchain/risc-v embedded gcc/bin/../lib/gcc/riscv-none-embed/8.2.0/../../../../riscv-none-embed/lib/rv32imac/ilp32\libnosys.a(read.o)
                0x0000000000007482                _read
 .text._sbrk    0x0000000000007492       0x24 d:/mounriver/mounriver_studio/toolchain/risc-v embedded gcc/bin/../lib/gcc/riscv-none-embed/8.2.0/../../../../riscv-none-embed/lib/rv32imac/ilp32\libnosys.a(sbrk.o)
                0x0000000000007492                _sbrk
 .text._exit    0x00000000000074b6        0x2 d:/mounriver/mounriver_studio/toolchain/risc-v embedded gcc/bin/../lib/gcc/riscv-none-embed/8.2.0/../../../../riscv-none-embed/lib/rv32imac/ilp32\libnosys.a(_exit.o)
                0x00000000000074b6                _exit
 *(.rodata)
 *(.rodata*)
 *fill*         0x00000000000074b8        0x0 
 .rodata.TIM4_IRQHandler.cst8
                0x00000000000074b8        0x8 ./USER/main.o
 .rodata.main.str1.4
                0x00000000000074c0        0xf ./USER/main.o
 *fill*         0x00000000000074cf        0x1 
 .rodata.__func__.3212
                0x00000000000074d0        0xf ./Libraries/seekfree_peripheral/SEEKFREE_18TFT.o
 *fill*         0x00000000000074df        0x1 
 .rodata.lcd_set_region.str1.4
                0x00000000000074e0       0x7c ./Libraries/seekfree_peripheral/SEEKFREE_18TFT.o
 .rodata.tft_ascii
                0x000000000000755c      0x5f0 ./Libraries/seekfree_peripheral/SEEKFREE_FONT.o
                0x000000000000755c                tft_ascii
 .rodata.GPION  0x0000000000007b4c       0x10 ./Libraries/seekfree_libraries/zf_gpio.o
                0x0000000000007b4c                GPION
 .rodata.__func__.3548
                0x0000000000007b5c       0x17 ./Libraries/seekfree_libraries/zf_pit.o
 *fill*         0x0000000000007b73        0x1 
 .rodata.timer_pit_interrupt_ms.str1.4
                0x0000000000007b74       0x2d ./Libraries/seekfree_libraries/zf_pit.o
 *fill*         0x0000000000007ba1        0x3 
 .rodata.TIMERN
                0x0000000000007ba4       0x10 ./Libraries/seekfree_libraries/zf_qtimer.o
                0x0000000000007ba4                TIMERN
 .rodata.__func__.3348
                0x0000000000007bb4        0xe ./Libraries/seekfree_libraries/zf_spi.o
 *fill*         0x0000000000007bc2        0x2 
 .rodata.spi_gpio_init.str1.4
                0x0000000000007bc4       0x2d ./Libraries/seekfree_libraries/zf_spi.o
 *fill*         0x0000000000007bf1        0x3 
 .rodata.UARTN  0x0000000000007bf4       0x10 ./Libraries/seekfree_libraries/zf_uart.o
                0x0000000000007bf4                UARTN
 .rodata.judge_Ring
                0x0000000000007c04       0x1c ./CODE/TrackGet.o
 .rodata.repair_Ring
                0x0000000000007c20       0x18 ./CODE/TrackGet.o
 .rodata.judge_Branch
                0x0000000000007c38       0x18 ./CODE/TrackGet.o
 .rodata.repair_Ring.cst8
                0x0000000000007c50       0x30 ./CODE/TrackGet.o
 .rodata.__muldf3
                0x0000000000007c80       0x40 d:/mounriver/mounriver_studio/toolchain/risc-v embedded gcc/bin/../lib/gcc/riscv-none-embed/8.2.0/rv32imac/ilp32\libgcc.a(muldf3.o)
 .rodata.__clz_tab
                0x0000000000007cc0      0x100 d:/mounriver/mounriver_studio/toolchain/risc-v embedded gcc/bin/../lib/gcc/riscv-none-embed/8.2.0/rv32imac/ilp32\libgcc.a(_clz.o)
                0x0000000000007cc0                __clz_tab
 .rodata.__assert_func.str1.4
                0x0000000000007dc0       0x3f d:/mounriver/mounriver_studio/toolchain/risc-v embedded gcc/bin/../lib/gcc/riscv-none-embed/8.2.0/../../../../riscv-none-embed/lib/rv32imac/ilp32\libg_nano.a(lib_a-assert.o)
                                         0x43 (size before relaxing)
 *fill*         0x0000000000007dff        0x1 
 .rodata._vfprintf_r.str1.4
                0x0000000000007e00       0x13 d:/mounriver/mounriver_studio/toolchain/risc-v embedded gcc/bin/../lib/gcc/riscv-none-embed/8.2.0/../../../../riscv-none-embed/lib/rv32imac/ilp32\libg_nano.a(lib_a-nano-vfprintf.o)
 *fill*         0x0000000000007e13        0x1 
 .rodata._printf_i.str1.4
                0x0000000000007e14       0x28 d:/mounriver/mounriver_studio/toolchain/risc-v embedded gcc/bin/../lib/gcc/riscv-none-embed/8.2.0/../../../../riscv-none-embed/lib/rv32imac/ilp32\libg_nano.a(lib_a-nano-vfprintf_i.o)
                                         0x25 (size before relaxing)
 .rodata.__sf_fake_stderr
                0x0000000000007e3c       0x20 d:/mounriver/mounriver_studio/toolchain/risc-v embedded gcc/bin/../lib/gcc/riscv-none-embed/8.2.0/../../../../riscv-none-embed/lib/rv32imac/ilp32\libg_nano.a(lib_a-findfp.o)
                0x0000000000007e3c                __sf_fake_stderr
 .rodata.__sf_fake_stdin
                0x0000000000007e5c       0x20 d:/mounriver/mounriver_studio/toolchain/risc-v embedded gcc/bin/../lib/gcc/riscv-none-embed/8.2.0/../../../../riscv-none-embed/lib/rv32imac/ilp32\libg_nano.a(lib_a-findfp.o)
                0x0000000000007e5c                __sf_fake_stdin
 .rodata.__sf_fake_stdout
                0x0000000000007e7c       0x20 d:/mounriver/mounriver_studio/toolchain/risc-v embedded gcc/bin/../lib/gcc/riscv-none-embed/8.2.0/../../../../riscv-none-embed/lib/rv32imac/ilp32\libg_nano.a(lib_a-findfp.o)
                0x0000000000007e7c                __sf_fake_stdout
 *(.glue_7)
 *(.glue_7t)
 *(.gnu.linkonce.t.*)
                0x0000000000007e9c                . = ALIGN (0x4)

.rela.dyn       0x0000000000007e9c        0x0
 .rela.init     0x0000000000007e9c        0x0 ./USER/isr.o
 .rela.vector   0x0000000000007e9c        0x0 ./USER/isr.o
 .rela.text.handle_reset
                0x0000000000007e9c        0x0 ./USER/isr.o
 .rela.text._vfprintf_r
                0x0000000000007e9c        0x0 ./USER/isr.o
 .rela.text._sbrk_r
                0x0000000000007e9c        0x0 ./USER/isr.o
 .rela.text._kill_r
                0x0000000000007e9c        0x0 ./USER/isr.o
 .rela.text._write_r
                0x0000000000007e9c        0x0 ./USER/isr.o
 .rela.text._close_r
                0x0000000000007e9c        0x0 ./USER/isr.o
 .rela.text._fstat_r
                0x0000000000007e9c        0x0 ./USER/isr.o
 .rela.text._isatty_r
                0x0000000000007e9c        0x0 ./USER/isr.o
 .rela.text._lseek_r
                0x0000000000007e9c        0x0 ./USER/isr.o
 .rela.text._read_r
                0x0000000000007e9c        0x0 ./USER/isr.o
 .rela.text._close
                0x0000000000007e9c        0x0 ./USER/isr.o
 .rela.text._fstat
                0x0000000000007e9c        0x0 ./USER/isr.o
 .rela.text._getpid
                0x0000000000007e9c        0x0 ./USER/isr.o
 .rela.text._isatty
                0x0000000000007e9c        0x0 ./USER/isr.o
 .rela.text._kill
                0x0000000000007e9c        0x0 ./USER/isr.o
 .rela.text._lseek
                0x0000000000007e9c        0x0 ./USER/isr.o
 .rela.text._read
                0x0000000000007e9c        0x0 ./USER/isr.o
 .rela.text._sbrk
                0x0000000000007e9c        0x0 ./USER/isr.o

.fini           0x0000000000007e9c        0x0
 *(SORT_NONE(.fini))
                0x0000000000007e9c                . = ALIGN (0x4)
                [!provide]                        PROVIDE (_etext = .)
                [!provide]                        PROVIDE (_eitcm = .)

.preinit_array  0x0000000000007e9c        0x0
                [!provide]                        PROVIDE (__preinit_array_start = .)
 *(.preinit_array)
                [!provide]                        PROVIDE (__preinit_array_end = .)

.init_array     0x0000000000007e9c        0x0
                [!provide]                        PROVIDE (__init_array_start = .)
 *(SORT_BY_INIT_PRIORITY(.init_array.*) SORT_BY_INIT_PRIORITY(.ctors.*))
 *(.init_array EXCLUDE_FILE(*crtend?.o *crtend.o *crtbegin?.o *crtbegin.o) .ctors)
                [!provide]                        PROVIDE (__init_array_end = .)

.fini_array     0x0000000000007e9c        0x0
                [!provide]                        PROVIDE (__fini_array_start = .)
 *(SORT_BY_INIT_PRIORITY(.fini_array.*) SORT_BY_INIT_PRIORITY(.dtors.*))
 *(.fini_array EXCLUDE_FILE(*crtend?.o *crtend.o *crtbegin?.o *crtbegin.o) .dtors)
                [!provide]                        PROVIDE (__fini_array_end = .)

.ctors
 *crtbegin.o(.ctors)
 *crtbegin?.o(.ctors)
 *(EXCLUDE_FILE(*crtend?.o *crtend.o) .ctors)
 *(SORT_BY_NAME(.ctors.*))
 *(.ctors)

.dtors
 *crtbegin.o(.dtors)
 *crtbegin?.o(.dtors)
 *(EXCLUDE_FILE(*crtend?.o *crtend.o) .dtors)
 *(SORT_BY_NAME(.dtors.*))
 *(.dtors)

.dalign         0x0000000020000000        0x0 load address 0x0000000000007e9c
                0x0000000020000000                . = ALIGN (0x4)
                0x0000000020000000                PROVIDE (_data_vma = .)

.dlalign        0x0000000000007e9c        0x0
                0x0000000000007e9c                . = ALIGN (0x4)
                0x0000000000007e9c                PROVIDE (_data_lma = .)

.data           0x0000000020000000      0x1b8 load address 0x0000000000007e9c
 *(.gnu.linkonce.r.*)
 *(.data .data.*)
 .data.APBAHBPrescTable
                0x0000000020000000       0x10 ./Libraries/wch_libraries/Peripheral/ch32v10x_rcc.o
 .data.GET_CFG  0x0000000020000010       0x20 ./Libraries/seekfree_peripheral/SEEKFREE_MT9V03X.o
                0x0000000020000010                GET_CFG
 .data.MT9V03X_CFG
                0x0000000020000030       0x24 ./Libraries/seekfree_peripheral/SEEKFREE_MT9V03X.o
                0x0000000020000030                MT9V03X_CFG
 .data.direct_Weight
                0x0000000020000054       0x64 ./CODE/TrackGet.o
                0x0000000020000054                direct_Weight
 .data.direct_Weight_crab
                0x00000000200000b8       0x64 ./CODE/TrackGet.o
                0x00000000200000b8                direct_Weight_crab
 .data.impure_data
                0x000000002000011c       0x60 d:/mounriver/mounriver_studio/toolchain/risc-v embedded gcc/bin/../lib/gcc/riscv-none-embed/8.2.0/../../../../riscv-none-embed/lib/rv32imac/ilp32\libg_nano.a(lib_a-impure.o)
 *(.gnu.linkonce.d.*)
                0x0000000020000180                . = ALIGN (0x8)
 *fill*         0x000000002000017c        0x4 
                0x0000000020000980                PROVIDE (__global_pointer$ = (. + 0x800))
 *(.sdata .sdata.*)
 .sdata.out_border
                0x0000000020000180        0x2 ./USER/main.o
                0x0000000020000180                out_border
 .sdata.target_Left_InGarage
                0x0000000020000182        0x2 ./USER/main.o
                0x0000000020000182                target_Left_InGarage
 .sdata.target_LtoS_angle
                0x0000000020000184        0x2 ./USER/main.o
                0x0000000020000184                target_LtoS_angle
 .sdata.target_Right_InGarage
                0x0000000020000186        0x2 ./USER/main.o
                0x0000000020000186                target_Right_InGarage
 .sdata.target_RtoS_angle
                0x0000000020000188        0x2 ./USER/main.o
                0x0000000020000188                target_RtoS_angle
 .sdata.target_StoL_angle
                0x000000002000018a        0x2 ./USER/main.o
                0x000000002000018a                target_StoL_angle
 .sdata.target_StoR_angle
                0x000000002000018c        0x2 ./USER/main.o
                0x000000002000018c                target_StoR_angle
 .sdata.transinfo
                0x000000002000018e        0x2 ./USER/main.o
                0x000000002000018e                transinfo
 .sdata.ADCPrescTable
                0x0000000020000190        0x4 ./Libraries/wch_libraries/Peripheral/ch32v10x_rcc.o
 .sdata.camera_type
                0x0000000020000194        0x4 ./Libraries/seekfree_libraries/common.o
                0x0000000020000194                camera_type
 .sdata.delta   0x0000000020000198        0x2 ./CODE/TrackGet.o
                0x0000000020000198                delta
 .sdata.directGarage_Sign
                0x000000002000019a        0x1 ./CODE/TrackGet.o
                0x000000002000019a                directGarage_Sign
 .sdata.directRing_Sign
                0x000000002000019b        0x1 ./CODE/TrackGet.o
                0x000000002000019b                directRing_Sign
 .sdata.finish_point
                0x000000002000019c        0x2 ./CODE/TrackGet.o
                0x000000002000019c                finish_point
 .sdata.in_braking_point
                0x000000002000019e        0x2 ./CODE/TrackGet.o
                0x000000002000019e                in_braking_point
 .sdata.index_t
                0x00000000200001a0        0x2 ./CODE/TrackGet.o
                0x00000000200001a0                index_t
 .sdata.inflection_C_last
                0x00000000200001a2        0x2 ./CODE/TrackGet.o
                0x00000000200001a2                inflection_C_last
 .sdata.out_braking_point
                0x00000000200001a4        0x2 ./CODE/TrackGet.o
                0x00000000200001a4                out_braking_point
 *fill*         0x00000000200001a6        0x2 
 .sdata._impure_ptr
                0x00000000200001a8        0x4 d:/mounriver/mounriver_studio/toolchain/risc-v embedded gcc/bin/../lib/gcc/riscv-none-embed/8.2.0/../../../../riscv-none-embed/lib/rv32imac/ilp32\libg_nano.a(lib_a-impure.o)
                0x00000000200001a8                _impure_ptr
 *(.sdata2.*)
 .sdata2.SPIN   0x00000000200001ac        0x8 ./Libraries/seekfree_libraries/zf_spi.o
                0x00000000200001ac                SPIN
 .sdata2._global_impure_ptr
                0x00000000200001b4        0x4 d:/mounriver/mounriver_studio/toolchain/risc-v embedded gcc/bin/../lib/gcc/riscv-none-embed/8.2.0/../../../../riscv-none-embed/lib/rv32imac/ilp32\libg_nano.a(lib_a-impure.o)
                0x00000000200001b4                _global_impure_ptr
 *(.gnu.linkonce.s.*)
                0x00000000200001b8                . = ALIGN (0x8)
 *(.srodata.cst16)
 *(.srodata.cst8)
 *(.srodata.cst4)
 *(.srodata.cst2)
 *(.srodata .srodata.*)
                0x00000000200001b8                . = ALIGN (0x4)
                0x00000000200001b8                PROVIDE (_edata = .)

.bss            0x00000000200001b8     0x2950 load address 0x0000000000008054
                0x00000000200001b8                . = ALIGN (0x4)
                0x00000000200001b8                PROVIDE (_sbss = .)
 *(.sbss*)
 .sbss.Is_meet_Zebra
                0x00000000200001b8        0x2 ./USER/main.o
                0x00000000200001b8                Is_meet_Zebra
 .sbss.Zebra_Last
                0x00000000200001ba        0x2 ./USER/main.o
                0x00000000200001ba                Zebra_Last
 .sbss.Zebra_meet_Cnt
                0x00000000200001bc        0x2 ./USER/main.o
                0x00000000200001bc                Zebra_meet_Cnt
 .sbss.button   0x00000000200001be        0x1 ./USER/main.o
                0x00000000200001be                button
 *fill*         0x00000000200001bf        0x1 
 .sbss.mode     0x00000000200001c0        0x2 ./USER/main.o
                0x00000000200001c0                mode
 .sbss.outGarage_Repair_End
                0x00000000200001c2        0x2 ./USER/main.o
                0x00000000200001c2                outGarage_Repair_End
 .sbss.outGarage_Repair_Start
                0x00000000200001c4        0x2 ./USER/main.o
                0x00000000200001c4                outGarage_Repair_Start
 .sbss.out_Aux  0x00000000200001c6        0x2 ./USER/main.o
                0x00000000200001c6                out_Aux
 .sbss.rotate_Angle
                0x00000000200001c8        0x4 ./USER/main.o
                0x00000000200001c8                rotate_Angle
 .sbss.should_In_Garage
                0x00000000200001cc        0x2 ./USER/main.o
                0x00000000200001cc                should_In_Garage
 .sbss.slave_encoder_left
                0x00000000200001ce        0x2 ./USER/main.o
                0x00000000200001ce                slave_encoder_left
 .sbss.slave_encoder_right
                0x00000000200001d0        0x2 ./USER/main.o
                0x00000000200001d0                slave_encoder_right
 .sbss.slave_position
                0x00000000200001d2        0x2 ./USER/main.o
                0x00000000200001d2                slave_position
 .sbss.tmp_Angle
                0x00000000200001d4        0x4 ./USER/main.o
                0x00000000200001d4                tmp_Angle
 .sbss.icm_gyro_x
                0x00000000200001d8        0x2 ./Libraries/seekfree_peripheral/SEEKFREE_ICM20602.o
                0x00000000200001d8                icm_gyro_x
 .sbss.icm_gyro_y
                0x00000000200001da        0x2 ./Libraries/seekfree_peripheral/SEEKFREE_ICM20602.o
                0x00000000200001da                icm_gyro_y
 .sbss.icm_gyro_z
                0x00000000200001dc        0x2 ./Libraries/seekfree_peripheral/SEEKFREE_ICM20602.o
                0x00000000200001dc                icm_gyro_z
 .sbss.mt9v03x_finish_flag
                0x00000000200001de        0x1 ./Libraries/seekfree_peripheral/SEEKFREE_MT9V03X.o
                0x00000000200001de                mt9v03x_finish_flag
 *fill*         0x00000000200001df        0x1 
 .sbss.receive  0x00000000200001e0        0x3 ./Libraries/seekfree_peripheral/SEEKFREE_MT9V03X.o
                0x00000000200001e0                receive
 .sbss.receive_num
                0x00000000200001e3        0x1 ./Libraries/seekfree_peripheral/SEEKFREE_MT9V03X.o
                0x00000000200001e3                receive_num
 .sbss.uart_receive_flag
                0x00000000200001e4        0x1 ./Libraries/seekfree_peripheral/SEEKFREE_MT9V03X.o
                0x00000000200001e4                uart_receive_flag
 .sbss.ov7725_uart_finish_flag
                0x00000000200001e5        0x1 ./Libraries/seekfree_peripheral/SEEKFREE_UART_7725.o
                0x00000000200001e5                ov7725_uart_finish_flag
 *fill*         0x00000000200001e6        0x2 
 .sbss.ov7725_uart_receive
                0x00000000200001e8        0x3 ./Libraries/seekfree_peripheral/SEEKFREE_UART_7725.o
                0x00000000200001e8                ov7725_uart_receive
 .sbss.ov7725_uart_receive_flag
                0x00000000200001eb        0x1 ./Libraries/seekfree_peripheral/SEEKFREE_UART_7725.o
                0x00000000200001eb                ov7725_uart_receive_flag
 .sbss.ov7725_uart_receive_num
                0x00000000200001ec        0x1 ./Libraries/seekfree_peripheral/SEEKFREE_UART_7725.o
                0x00000000200001ec                ov7725_uart_receive_num
 *fill*         0x00000000200001ed        0x3 
 .sbss.camera_buffer_addr
                0x00000000200001f0        0x4 ./Libraries/seekfree_libraries/common.o
                0x00000000200001f0                camera_buffer_addr
 .sbss.sys_clk  0x00000000200001f4        0x4 ./Libraries/seekfree_libraries/common.o
                0x00000000200001f4                sys_clk
 .sbss.EdgeL    0x00000000200001f8        0x2 ./CODE/TrackGet.o
                0x00000000200001f8                EdgeL
 .sbss.EdgeR    0x00000000200001fa        0x2 ./CODE/TrackGet.o
                0x00000000200001fa                EdgeR
 .sbss.directBranch_Sign
                0x00000000200001fc        0x1 ./CODE/TrackGet.o
                0x00000000200001fc                directBranch_Sign
 *fill*         0x00000000200001fd        0x1 
 .sbss.index_Garage
                0x00000000200001fe        0x2 ./CODE/TrackGet.o
                0x00000000200001fe                index_Garage
 .sbss.inflection_A
                0x0000000020000200        0x2 ./CODE/TrackGet.o
                0x0000000020000200                inflection_A
 .sbss.inflection_B
                0x0000000020000202        0x2 ./CODE/TrackGet.o
                0x0000000020000202                inflection_B
 .sbss.inflection_C
                0x0000000020000204        0x2 ./CODE/TrackGet.o
                0x0000000020000204                inflection_C
 .sbss.inflection_frontZebra
                0x0000000020000206        0x2 ./CODE/TrackGet.o
                0x0000000020000206                inflection_frontZebra
 .sbss.is_Out_Garage
                0x0000000020000208        0x1 ./CODE/TrackGet.o
                0x0000000020000208                is_Out_Garage
 *fill*         0x0000000020000209        0x1 
 .sbss.leftLostLine_Cnt
                0x000000002000020a        0x2 ./CODE/TrackGet.o
                0x000000002000020a                leftLostLine_Cnt
 .sbss.left_Delta_Exceed_Cnt
                0x000000002000020c        0x2 ./CODE/TrackGet.o
                0x000000002000020c                left_Delta_Exceed_Cnt
 .sbss.repair_Cnt
                0x000000002000020e        0x2 ./CODE/TrackGet.o
                0x000000002000020e                repair_Cnt
 .sbss.rightLostLine_Cnt
                0x0000000020000210        0x2 ./CODE/TrackGet.o
                0x0000000020000210                rightLostLine_Cnt
 .sbss.right_Delta_Exceed_Cnt
                0x0000000020000212        0x2 ./CODE/TrackGet.o
                0x0000000020000212                right_Delta_Exceed_Cnt
 .sbss.searsh_mid_line
                0x0000000020000214        0x2 ./CODE/TrackGet.o
                0x0000000020000214                searsh_mid_line
 .sbss.shortest_col_index
                0x0000000020000216        0x2 ./CODE/TrackGet.o
                0x0000000020000216                shortest_col_index
 .sbss.stateBranch_Sign
                0x0000000020000218        0x1 ./CODE/TrackGet.o
                0x0000000020000218                stateBranch_Sign
 .sbss.stateGarage_Sign
                0x0000000020000219        0x1 ./CODE/TrackGet.o
                0x0000000020000219                stateGarage_Sign
 .sbss.stateRing_Sign
                0x000000002000021a        0x1 ./CODE/TrackGet.o
                0x000000002000021a                stateRing_Sign
 *fill*         0x000000002000021b        0x1 
 .sbss.triangle_index
                0x000000002000021c        0x2 ./CODE/TrackGet.o
                0x000000002000021c                triangle_index
 .sbss.validLine
                0x000000002000021e        0x2 ./CODE/TrackGet.o
                0x000000002000021e                validLine
 .sbss.__malloc_free_list
                0x0000000020000220        0x4 d:/mounriver/mounriver_studio/toolchain/risc-v embedded gcc/bin/../lib/gcc/riscv-none-embed/8.2.0/../../../../riscv-none-embed/lib/rv32imac/ilp32\libg_nano.a(lib_a-nano-mallocr.o)
                0x0000000020000220                __malloc_free_list
 .sbss.__malloc_sbrk_start
                0x0000000020000224        0x4 d:/mounriver/mounriver_studio/toolchain/risc-v embedded gcc/bin/../lib/gcc/riscv-none-embed/8.2.0/../../../../riscv-none-embed/lib/rv32imac/ilp32\libg_nano.a(lib_a-nano-mallocr.o)
                0x0000000020000224                __malloc_sbrk_start
 .sbss.heap_end.1518
                0x0000000020000228        0x4 d:/mounriver/mounriver_studio/toolchain/risc-v embedded gcc/bin/../lib/gcc/riscv-none-embed/8.2.0/../../../../riscv-none-embed/lib/rv32imac/ilp32\libnosys.a(sbrk.o)
 *(.gnu.linkonce.sb.*)
 *(.bss*)
 .bss.temp_buff
                0x000000002000022c        0xe ./USER/main.o
                0x000000002000022c                temp_buff
 *fill*         0x000000002000023a        0x2 
 .bss.mt9v03x_image
                0x000000002000023c     0x24b8 ./Libraries/seekfree_peripheral/SEEKFREE_MT9V03X.o
                0x000000002000023c                mt9v03x_image
 .bss.irq_status
                0x00000000200026f4        0xc ./Libraries/seekfree_libraries/common.o
                0x00000000200026f4                irq_status
 .bss.Border    0x0000000020002700      0x12c ./CODE/TrackGet.o
                0x0000000020002700                Border
 .bss.garage_Record
                0x000000002000282c       0x64 ./CODE/TrackGet.o
                0x000000002000282c                garage_Record
 .bss.islost_record
                0x0000000020002890       0x96 ./CODE/TrackGet.o
                0x0000000020002890                islost_record
 *fill*         0x0000000020002926        0x2 
 .bss.searsh_line_record
                0x0000000020002928      0x178 ./CODE/TrackGet.o
                0x0000000020002928                searsh_line_record
 .bss.track_Width
                0x0000000020002aa0       0x64 ./CODE/TrackGet.o
                0x0000000020002aa0                track_Width
 *(.gnu.linkonce.b.*)
 *(COMMON*)
 COMMON         0x0000000020002b04        0x4 d:/mounriver/mounriver_studio/toolchain/risc-v embedded gcc/bin/../lib/gcc/riscv-none-embed/8.2.0/../../../../riscv-none-embed/lib/rv32imac/ilp32\libg_nano.a(lib_a-reent.o)
                0x0000000020002b04                errno
                0x0000000020002b08                . = ALIGN (0x4)
                0x0000000020002b08                PROVIDE (_ebss = .)
                [!provide]                        PROVIDE (_end = _ebss)
                0x0000000020002b08                PROVIDE (end = .)

.stack          0x0000000020004800      0x800
                0x0000000020004800                . = ALIGN (0x4)
                [!provide]                        PROVIDE (_susrstack = .)
                0x0000000020005000                . = (. + __stack_size)
 *fill*         0x0000000020004800      0x800 
                0x0000000020005000                PROVIDE (_eusrstack = .)
OUTPUT(SLAVE.elf elf32-littleriscv)

.debug_info     0x0000000000000000    0x1e175
 .debug_info    0x0000000000000000     0x16db ./USER/isr.o
 .debug_info    0x00000000000016db     0x1f66 ./USER/main.o
 .debug_info    0x0000000000003641       0x22 ./Libraries/wch_libraries/Startup/startup_ch32v10x.o
 .debug_info    0x0000000000003663      0x451 ./Libraries/wch_libraries/Peripheral/ch32v10x_dma.o
 .debug_info    0x0000000000003ab4      0x353 ./Libraries/wch_libraries/Peripheral/ch32v10x_exti.o
 .debug_info    0x0000000000003e07      0x7e1 ./Libraries/wch_libraries/Peripheral/ch32v10x_gpio.o
 .debug_info    0x00000000000045e8      0x56e ./Libraries/wch_libraries/Peripheral/ch32v10x_misc.o
 .debug_info    0x0000000000004b56      0x90a ./Libraries/wch_libraries/Peripheral/ch32v10x_rcc.o
 .debug_info    0x0000000000005460      0x9f1 ./Libraries/wch_libraries/Peripheral/ch32v10x_spi.o
 .debug_info    0x0000000000005e51     0x20d2 ./Libraries/wch_libraries/Peripheral/ch32v10x_tim.o
 .debug_info    0x0000000000007f23      0xb14 ./Libraries/wch_libraries/Peripheral/ch32v10x_usart.o
 .debug_info    0x0000000000008a37     0x255d ./Libraries/seekfree_peripheral/SEEKFREE_18TFT.o
 .debug_info    0x000000000000af94      0xb50 ./Libraries/seekfree_peripheral/SEEKFREE_FONT.o
 .debug_info    0x000000000000bae4     0x1575 ./Libraries/seekfree_peripheral/SEEKFREE_ICM20602.o
 .debug_info    0x000000000000d059     0x1914 ./Libraries/seekfree_peripheral/SEEKFREE_MT9V03X.o
 .debug_info    0x000000000000e96d     0x18ab ./Libraries/seekfree_peripheral/SEEKFREE_UART_7725.o
 .debug_info    0x0000000000010218      0xa5b ./Libraries/seekfree_libraries/common.o
 .debug_info    0x0000000000010c73     0x14ea ./Libraries/seekfree_libraries/zf_camera.o
 .debug_info    0x000000000001215d     0x128c ./Libraries/seekfree_libraries/zf_gpio.o
 .debug_info    0x00000000000133e9      0xf30 ./Libraries/seekfree_libraries/zf_nvic.o
 .debug_info    0x0000000000014319     0x123d ./Libraries/seekfree_libraries/zf_pit.o
 .debug_info    0x0000000000015556     0x13a4 ./Libraries/seekfree_libraries/zf_qtimer.o
 .debug_info    0x00000000000168fa     0x136d ./Libraries/seekfree_libraries/zf_spi.o
 .debug_info    0x0000000000017c67      0xbb2 ./Libraries/seekfree_libraries/zf_systick.o
 .debug_info    0x0000000000018819     0x15b9 ./Libraries/seekfree_libraries/zf_uart.o
 .debug_info    0x0000000000019dd2      0xd6b ./Libraries/board/board.o
 .debug_info    0x000000000001ab3d      0x27c ./Libraries/board/clock_config.o
 .debug_info    0x000000000001adb9     0x208a ./CODE/TrackGet.o
 .debug_info    0x000000000001ce43     0x1332 ./CODE/key.o

.debug_abbrev   0x0000000000000000     0x4b43
 .debug_abbrev  0x0000000000000000      0x2ba ./USER/isr.o
 .debug_abbrev  0x00000000000002ba      0x36a ./USER/main.o
 .debug_abbrev  0x0000000000000624       0x12 ./Libraries/wch_libraries/Startup/startup_ch32v10x.o
 .debug_abbrev  0x0000000000000636      0x1f7 ./Libraries/wch_libraries/Peripheral/ch32v10x_dma.o
 .debug_abbrev  0x000000000000082d      0x1b6 ./Libraries/wch_libraries/Peripheral/ch32v10x_exti.o
 .debug_abbrev  0x00000000000009e3      0x208 ./Libraries/wch_libraries/Peripheral/ch32v10x_gpio.o
 .debug_abbrev  0x0000000000000beb      0x1ae ./Libraries/wch_libraries/Peripheral/ch32v10x_misc.o
 .debug_abbrev  0x0000000000000d99      0x246 ./Libraries/wch_libraries/Peripheral/ch32v10x_rcc.o
 .debug_abbrev  0x0000000000000fdf      0x201 ./Libraries/wch_libraries/Peripheral/ch32v10x_spi.o
 .debug_abbrev  0x00000000000011e0      0x2fd ./Libraries/wch_libraries/Peripheral/ch32v10x_tim.o
 .debug_abbrev  0x00000000000014dd      0x201 ./Libraries/wch_libraries/Peripheral/ch32v10x_usart.o
 .debug_abbrev  0x00000000000016de      0x3b0 ./Libraries/seekfree_peripheral/SEEKFREE_18TFT.o
 .debug_abbrev  0x0000000000001a8e      0x217 ./Libraries/seekfree_peripheral/SEEKFREE_FONT.o
 .debug_abbrev  0x0000000000001ca5      0x311 ./Libraries/seekfree_peripheral/SEEKFREE_ICM20602.o
 .debug_abbrev  0x0000000000001fb6      0x3cb ./Libraries/seekfree_peripheral/SEEKFREE_MT9V03X.o
 .debug_abbrev  0x0000000000002381      0x3d4 ./Libraries/seekfree_peripheral/SEEKFREE_UART_7725.o
 .debug_abbrev  0x0000000000002755      0x1fa ./Libraries/seekfree_libraries/common.o
 .debug_abbrev  0x000000000000294f      0x2b9 ./Libraries/seekfree_libraries/zf_camera.o
 .debug_abbrev  0x0000000000002c08      0x2f0 ./Libraries/seekfree_libraries/zf_gpio.o
 .debug_abbrev  0x0000000000002ef8      0x2f4 ./Libraries/seekfree_libraries/zf_nvic.o
 .debug_abbrev  0x00000000000031ec      0x2fe ./Libraries/seekfree_libraries/zf_pit.o
 .debug_abbrev  0x00000000000034ea      0x2e9 ./Libraries/seekfree_libraries/zf_qtimer.o
 .debug_abbrev  0x00000000000037d3      0x2c9 ./Libraries/seekfree_libraries/zf_spi.o
 .debug_abbrev  0x0000000000003a9c      0x257 ./Libraries/seekfree_libraries/zf_systick.o
 .debug_abbrev  0x0000000000003cf3      0x31e ./Libraries/seekfree_libraries/zf_uart.o
 .debug_abbrev  0x0000000000004011      0x2c7 ./Libraries/board/board.o
 .debug_abbrev  0x00000000000042d8      0x102 ./Libraries/board/clock_config.o
 .debug_abbrev  0x00000000000043da      0x4d6 ./CODE/TrackGet.o
 .debug_abbrev  0x00000000000048b0      0x293 ./CODE/key.o

.debug_aranges  0x0000000000000000      0xd78
 .debug_aranges
                0x0000000000000000       0x78 ./USER/isr.o
 .debug_aranges
                0x0000000000000078       0x38 ./USER/main.o
 .debug_aranges
                0x00000000000000b0       0x30 ./Libraries/wch_libraries/Startup/startup_ch32v10x.o
 .debug_aranges
                0x00000000000000e0       0x60 ./Libraries/wch_libraries/Peripheral/ch32v10x_dma.o
 .debug_aranges
                0x0000000000000140       0x50 ./Libraries/wch_libraries/Peripheral/ch32v10x_exti.o
 .debug_aranges
                0x0000000000000190       0xa0 ./Libraries/wch_libraries/Peripheral/ch32v10x_gpio.o
 .debug_aranges
                0x0000000000000230       0x28 ./Libraries/wch_libraries/Peripheral/ch32v10x_misc.o
 .debug_aranges
                0x0000000000000258      0x118 ./Libraries/wch_libraries/Peripheral/ch32v10x_rcc.o
 .debug_aranges
                0x0000000000000370       0xd0 ./Libraries/wch_libraries/Peripheral/ch32v10x_spi.o
 .debug_aranges
                0x0000000000000440      0x2d0 ./Libraries/wch_libraries/Peripheral/ch32v10x_tim.o
 .debug_aranges
                0x0000000000000710      0x100 ./Libraries/wch_libraries/Peripheral/ch32v10x_usart.o
 .debug_aranges
                0x0000000000000810       0xc0 ./Libraries/seekfree_peripheral/SEEKFREE_18TFT.o
 .debug_aranges
                0x00000000000008d0       0x18 ./Libraries/seekfree_peripheral/SEEKFREE_FONT.o
 .debug_aranges
                0x00000000000008e8       0x70 ./Libraries/seekfree_peripheral/SEEKFREE_ICM20602.o
 .debug_aranges
                0x0000000000000958       0x80 ./Libraries/seekfree_peripheral/SEEKFREE_MT9V03X.o
 .debug_aranges
                0x00000000000009d8       0x80 ./Libraries/seekfree_peripheral/SEEKFREE_UART_7725.o
 .debug_aranges
                0x0000000000000a58       0x18 ./Libraries/seekfree_libraries/common.o
 .debug_aranges
                0x0000000000000a70       0x28 ./Libraries/seekfree_libraries/zf_camera.o
 .debug_aranges
                0x0000000000000a98       0x40 ./Libraries/seekfree_libraries/zf_gpio.o
 .debug_aranges
                0x0000000000000ad8       0x40 ./Libraries/seekfree_libraries/zf_nvic.o
 .debug_aranges
                0x0000000000000b18       0x40 ./Libraries/seekfree_libraries/zf_pit.o
 .debug_aranges
                0x0000000000000b58       0x38 ./Libraries/seekfree_libraries/zf_qtimer.o
 .debug_aranges
                0x0000000000000b90       0x30 ./Libraries/seekfree_libraries/zf_spi.o
 .debug_aranges
                0x0000000000000bc0       0x30 ./Libraries/seekfree_libraries/zf_systick.o
 .debug_aranges
                0x0000000000000bf0       0x60 ./Libraries/seekfree_libraries/zf_uart.o
 .debug_aranges
                0x0000000000000c50       0x28 ./Libraries/board/board.o
 .debug_aranges
                0x0000000000000c78       0x20 ./Libraries/board/clock_config.o
 .debug_aranges
                0x0000000000000c98       0xb8 ./CODE/TrackGet.o
 .debug_aranges
                0x0000000000000d50       0x28 ./CODE/key.o

.debug_ranges   0x0000000000000000     0x12c8
 .debug_ranges  0x0000000000000000       0x68 ./USER/isr.o
 .debug_ranges  0x0000000000000068       0x70 ./USER/main.o
 .debug_ranges  0x00000000000000d8       0x28 ./Libraries/wch_libraries/Startup/startup_ch32v10x.o
 .debug_ranges  0x0000000000000100       0x50 ./Libraries/wch_libraries/Peripheral/ch32v10x_dma.o
 .debug_ranges  0x0000000000000150       0x40 ./Libraries/wch_libraries/Peripheral/ch32v10x_exti.o
 .debug_ranges  0x0000000000000190       0x90 ./Libraries/wch_libraries/Peripheral/ch32v10x_gpio.o
 .debug_ranges  0x0000000000000220       0x48 ./Libraries/wch_libraries/Peripheral/ch32v10x_misc.o
 .debug_ranges  0x0000000000000268      0x108 ./Libraries/wch_libraries/Peripheral/ch32v10x_rcc.o
 .debug_ranges  0x0000000000000370       0xc0 ./Libraries/wch_libraries/Peripheral/ch32v10x_spi.o
 .debug_ranges  0x0000000000000430      0x308 ./Libraries/wch_libraries/Peripheral/ch32v10x_tim.o
 .debug_ranges  0x0000000000000738       0xf0 ./Libraries/wch_libraries/Peripheral/ch32v10x_usart.o
 .debug_ranges  0x0000000000000828       0xb0 ./Libraries/seekfree_peripheral/SEEKFREE_18TFT.o
 .debug_ranges  0x00000000000008d8       0x60 ./Libraries/seekfree_peripheral/SEEKFREE_ICM20602.o
 .debug_ranges  0x0000000000000938       0x70 ./Libraries/seekfree_peripheral/SEEKFREE_MT9V03X.o
 .debug_ranges  0x00000000000009a8       0x70 ./Libraries/seekfree_peripheral/SEEKFREE_UART_7725.o
 .debug_ranges  0x0000000000000a18       0x18 ./Libraries/seekfree_libraries/zf_camera.o
 .debug_ranges  0x0000000000000a30       0x30 ./Libraries/seekfree_libraries/zf_gpio.o
 .debug_ranges  0x0000000000000a60       0x30 ./Libraries/seekfree_libraries/zf_nvic.o
 .debug_ranges  0x0000000000000a90       0x30 ./Libraries/seekfree_libraries/zf_pit.o
 .debug_ranges  0x0000000000000ac0       0x28 ./Libraries/seekfree_libraries/zf_qtimer.o
 .debug_ranges  0x0000000000000ae8       0x20 ./Libraries/seekfree_libraries/zf_spi.o
 .debug_ranges  0x0000000000000b08       0x20 ./Libraries/seekfree_libraries/zf_systick.o
 .debug_ranges  0x0000000000000b28       0x50 ./Libraries/seekfree_libraries/zf_uart.o
 .debug_ranges  0x0000000000000b78       0x18 ./Libraries/board/board.o
 .debug_ranges  0x0000000000000b90       0x30 ./Libraries/board/clock_config.o
 .debug_ranges  0x0000000000000bc0      0x6f0 ./CODE/TrackGet.o
 .debug_ranges  0x00000000000012b0       0x18 ./CODE/key.o

.debug_line     0x0000000000000000    0x1520b
 .debug_line    0x0000000000000000      0x804 ./USER/isr.o
 .debug_line    0x0000000000000804     0x1383 ./USER/main.o
 .debug_line    0x0000000000001b87      0x225 ./Libraries/wch_libraries/Startup/startup_ch32v10x.o
 .debug_line    0x0000000000001dac      0x781 ./Libraries/wch_libraries/Peripheral/ch32v10x_dma.o
 .debug_line    0x000000000000252d      0x4ae ./Libraries/wch_libraries/Peripheral/ch32v10x_exti.o
 .debug_line    0x00000000000029db      0xbd5 ./Libraries/wch_libraries/Peripheral/ch32v10x_gpio.o
 .debug_line    0x00000000000035b0      0x320 ./Libraries/wch_libraries/Peripheral/ch32v10x_misc.o
 .debug_line    0x00000000000038d0      0xf5a ./Libraries/wch_libraries/Peripheral/ch32v10x_rcc.o
 .debug_line    0x000000000000482a      0xc77 ./Libraries/wch_libraries/Peripheral/ch32v10x_spi.o
 .debug_line    0x00000000000054a1     0x308f ./Libraries/wch_libraries/Peripheral/ch32v10x_tim.o
 .debug_line    0x0000000000008530      0xf21 ./Libraries/wch_libraries/Peripheral/ch32v10x_usart.o
 .debug_line    0x0000000000009451     0x1a5b ./Libraries/seekfree_peripheral/SEEKFREE_18TFT.o
 .debug_line    0x000000000000aeac      0x1d8 ./Libraries/seekfree_peripheral/SEEKFREE_FONT.o
 .debug_line    0x000000000000b084      0xb54 ./Libraries/seekfree_peripheral/SEEKFREE_ICM20602.o
 .debug_line    0x000000000000bbd8      0xde0 ./Libraries/seekfree_peripheral/SEEKFREE_MT9V03X.o
 .debug_line    0x000000000000c9b8      0xd01 ./Libraries/seekfree_peripheral/SEEKFREE_UART_7725.o
 .debug_line    0x000000000000d6b9      0x19d ./Libraries/seekfree_libraries/common.o
 .debug_line    0x000000000000d856      0x5f9 ./Libraries/seekfree_libraries/zf_camera.o
 .debug_line    0x000000000000de4f      0x685 ./Libraries/seekfree_libraries/zf_gpio.o
 .debug_line    0x000000000000e4d4      0x4e2 ./Libraries/seekfree_libraries/zf_nvic.o
 .debug_line    0x000000000000e9b6      0x7eb ./Libraries/seekfree_libraries/zf_pit.o
 .debug_line    0x000000000000f1a1      0x6dd ./Libraries/seekfree_libraries/zf_qtimer.o
 .debug_line    0x000000000000f87e      0x781 ./Libraries/seekfree_libraries/zf_spi.o
 .debug_line    0x000000000000ffff      0x40d ./Libraries/seekfree_libraries/zf_systick.o
 .debug_line    0x000000000001040c      0x896 ./Libraries/seekfree_libraries/zf_uart.o
 .debug_line    0x0000000000010ca2      0x3eb ./Libraries/board/board.o
 .debug_line    0x000000000001108d      0x45a ./Libraries/board/clock_config.o
 .debug_line    0x00000000000114e7     0x38d8 ./CODE/TrackGet.o
 .debug_line    0x0000000000014dbf      0x44c ./CODE/key.o

.debug_str      0x0000000000000000     0x45ee
 .debug_str     0x0000000000000000      0xd58 ./USER/isr.o
                                        0xe2b (size before relaxing)
 .debug_str     0x0000000000000d58      0x7b2 ./USER/main.o
                                       0x1352 (size before relaxing)
 .debug_str     0x000000000000150a       0x42 ./Libraries/wch_libraries/Startup/startup_ch32v10x.o
                                         0xb6 (size before relaxing)
 .debug_str     0x000000000000154c      0x22c ./Libraries/wch_libraries/Peripheral/ch32v10x_dma.o
                                        0x446 (size before relaxing)
 .debug_str     0x0000000000001778      0x1a7 ./Libraries/wch_libraries/Peripheral/ch32v10x_exti.o
                                        0x3e0 (size before relaxing)
 .debug_str     0x000000000000191f      0x340 ./Libraries/wch_libraries/Peripheral/ch32v10x_gpio.o
                                        0x58e (size before relaxing)
 .debug_str     0x0000000000001c5f      0x3bf ./Libraries/wch_libraries/Peripheral/ch32v10x_misc.o
                                        0x614 (size before relaxing)
 .debug_str     0x000000000000201e      0x447 ./Libraries/wch_libraries/Peripheral/ch32v10x_rcc.o
                                        0x6b8 (size before relaxing)
 .debug_str     0x0000000000002465      0x35c ./Libraries/wch_libraries/Peripheral/ch32v10x_spi.o
                                        0x6d3 (size before relaxing)
 .debug_str     0x00000000000027c1      0xa96 ./Libraries/wch_libraries/Peripheral/ch32v10x_tim.o
                                        0xece (size before relaxing)
 .debug_str     0x0000000000003257      0x3df ./Libraries/wch_libraries/Peripheral/ch32v10x_usart.o
                                        0x76a (size before relaxing)
 .debug_str     0x0000000000003636      0x2f1 ./Libraries/seekfree_peripheral/SEEKFREE_18TFT.o
                                        0xb39 (size before relaxing)
 .debug_str     0x0000000000003927       0x31 ./Libraries/seekfree_peripheral/SEEKFREE_FONT.o
                                        0x735 (size before relaxing)
 .debug_str     0x0000000000003958      0x131 ./Libraries/seekfree_peripheral/SEEKFREE_ICM20602.o
                                        0x9cb (size before relaxing)
 .debug_str     0x0000000000003a89      0x156 ./Libraries/seekfree_peripheral/SEEKFREE_MT9V03X.o
                                        0xe19 (size before relaxing)
 .debug_str     0x0000000000003bdf      0x244 ./Libraries/seekfree_peripheral/SEEKFREE_UART_7725.o
                                        0xeaf (size before relaxing)
 .debug_str     0x0000000000003e23       0x29 ./Libraries/seekfree_libraries/common.o
                                        0x6e6 (size before relaxing)
 .debug_str     0x0000000000003e4c       0x80 ./Libraries/seekfree_libraries/zf_camera.o
                                        0xbd3 (size before relaxing)
 .debug_str     0x0000000000003ecc       0xa8 ./Libraries/seekfree_libraries/zf_gpio.o
                                        0xa4b (size before relaxing)
 .debug_str     0x0000000000003f74       0x81 ./Libraries/seekfree_libraries/zf_nvic.o
                                        0xb33 (size before relaxing)
 .debug_str     0x0000000000003ff5       0x74 ./Libraries/seekfree_libraries/zf_pit.o
                                        0xc7b (size before relaxing)
 .debug_str     0x0000000000004069       0x5e ./Libraries/seekfree_libraries/zf_qtimer.o
                                        0xb65 (size before relaxing)
 .debug_str     0x00000000000040c7       0xa9 ./Libraries/seekfree_libraries/zf_spi.o
                                        0xad6 (size before relaxing)
 .debug_str     0x0000000000004170       0xc6 ./Libraries/seekfree_libraries/zf_systick.o
                                        0x7c1 (size before relaxing)
 .debug_str     0x0000000000004236       0x9d ./Libraries/seekfree_libraries/zf_uart.o
                                        0xc95 (size before relaxing)
 .debug_str     0x00000000000042d3       0x1b ./Libraries/board/board.o
                                        0x8a9 (size before relaxing)
 .debug_str     0x00000000000042ee       0x66 ./Libraries/board/clock_config.o
                                        0x2d8 (size before relaxing)
 .debug_str     0x0000000000004354      0x28c ./CODE/TrackGet.o
                                        0xf81 (size before relaxing)
 .debug_str     0x00000000000045e0        0xe ./CODE/key.o
                                        0xa9d (size before relaxing)

.comment        0x0000000000000000       0x33
 .comment       0x0000000000000000       0x33 ./USER/isr.o
                                         0x34 (size before relaxing)
 .comment       0x0000000000000033       0x34 ./USER/main.o
 .comment       0x0000000000000033       0x34 ./Libraries/wch_libraries/Peripheral/ch32v10x_dma.o
 .comment       0x0000000000000033       0x34 ./Libraries/wch_libraries/Peripheral/ch32v10x_exti.o
 .comment       0x0000000000000033       0x34 ./Libraries/wch_libraries/Peripheral/ch32v10x_gpio.o
 .comment       0x0000000000000033       0x34 ./Libraries/wch_libraries/Peripheral/ch32v10x_misc.o
 .comment       0x0000000000000033       0x34 ./Libraries/wch_libraries/Peripheral/ch32v10x_rcc.o
 .comment       0x0000000000000033       0x34 ./Libraries/wch_libraries/Peripheral/ch32v10x_spi.o
 .comment       0x0000000000000033       0x34 ./Libraries/wch_libraries/Peripheral/ch32v10x_tim.o
 .comment       0x0000000000000033       0x34 ./Libraries/wch_libraries/Peripheral/ch32v10x_usart.o
 .comment       0x0000000000000033       0x34 ./Libraries/seekfree_peripheral/SEEKFREE_18TFT.o
 .comment       0x0000000000000033       0x34 ./Libraries/seekfree_peripheral/SEEKFREE_FONT.o
 .comment       0x0000000000000033       0x34 ./Libraries/seekfree_peripheral/SEEKFREE_ICM20602.o
 .comment       0x0000000000000033       0x34 ./Libraries/seekfree_peripheral/SEEKFREE_MT9V03X.o
 .comment       0x0000000000000033       0x34 ./Libraries/seekfree_peripheral/SEEKFREE_UART_7725.o
 .comment       0x0000000000000033       0x34 ./Libraries/seekfree_libraries/common.o
 .comment       0x0000000000000033       0x34 ./Libraries/seekfree_libraries/zf_camera.o
 .comment       0x0000000000000033       0x34 ./Libraries/seekfree_libraries/zf_gpio.o
 .comment       0x0000000000000033       0x34 ./Libraries/seekfree_libraries/zf_nvic.o
 .comment       0x0000000000000033       0x34 ./Libraries/seekfree_libraries/zf_pit.o
 .comment       0x0000000000000033       0x34 ./Libraries/seekfree_libraries/zf_qtimer.o
 .comment       0x0000000000000033       0x34 ./Libraries/seekfree_libraries/zf_spi.o
 .comment       0x0000000000000033       0x34 ./Libraries/seekfree_libraries/zf_systick.o
 .comment       0x0000000000000033       0x34 ./Libraries/seekfree_libraries/zf_uart.o
 .comment       0x0000000000000033       0x34 ./Libraries/board/board.o
 .comment       0x0000000000000033       0x34 ./Libraries/board/clock_config.o
 .comment       0x0000000000000033       0x34 ./CODE/TrackGet.o
 .comment       0x0000000000000033       0x34 ./CODE/key.o

.debug_frame    0x0000000000000000     0x2fb0
 .debug_frame   0x0000000000000000      0x1ac ./USER/isr.o
 .debug_frame   0x00000000000001ac       0xa0 ./USER/main.o
 .debug_frame   0x000000000000024c       0xc0 ./Libraries/wch_libraries/Peripheral/ch32v10x_dma.o
 .debug_frame   0x000000000000030c       0x90 ./Libraries/wch_libraries/Peripheral/ch32v10x_exti.o
 .debug_frame   0x000000000000039c      0x140 ./Libraries/wch_libraries/Peripheral/ch32v10x_gpio.o
 .debug_frame   0x00000000000004dc       0x30 ./Libraries/wch_libraries/Peripheral/ch32v10x_misc.o
 .debug_frame   0x000000000000050c      0x220 ./Libraries/wch_libraries/Peripheral/ch32v10x_rcc.o
 .debug_frame   0x000000000000072c      0x1b8 ./Libraries/wch_libraries/Peripheral/ch32v10x_spi.o
 .debug_frame   0x00000000000008e4      0x668 ./Libraries/wch_libraries/Peripheral/ch32v10x_tim.o
 .debug_frame   0x0000000000000f4c      0x210 ./Libraries/wch_libraries/Peripheral/ch32v10x_usart.o
 .debug_frame   0x000000000000115c      0x458 ./Libraries/seekfree_peripheral/SEEKFREE_18TFT.o
 .debug_frame   0x00000000000015b4      0x1b0 ./Libraries/seekfree_peripheral/SEEKFREE_ICM20602.o
 .debug_frame   0x0000000000001764      0x1ac ./Libraries/seekfree_peripheral/SEEKFREE_MT9V03X.o
 .debug_frame   0x0000000000001910      0x1dc ./Libraries/seekfree_peripheral/SEEKFREE_UART_7725.o
 .debug_frame   0x0000000000001aec       0x68 ./Libraries/seekfree_libraries/zf_camera.o
 .debug_frame   0x0000000000001b54       0xac ./Libraries/seekfree_libraries/zf_gpio.o
 .debug_frame   0x0000000000001c00       0x78 ./Libraries/seekfree_libraries/zf_nvic.o
 .debug_frame   0x0000000000001c78       0xa4 ./Libraries/seekfree_libraries/zf_pit.o
 .debug_frame   0x0000000000001d1c       0x88 ./Libraries/seekfree_libraries/zf_qtimer.o
 .debug_frame   0x0000000000001da4       0x88 ./Libraries/seekfree_libraries/zf_spi.o
 .debug_frame   0x0000000000001e2c       0x40 ./Libraries/seekfree_libraries/zf_systick.o
 .debug_frame   0x0000000000001e6c      0x128 ./Libraries/seekfree_libraries/zf_uart.o
 .debug_frame   0x0000000000001f94       0x50 ./Libraries/board/board.o
 .debug_frame   0x0000000000001fe4       0x2c ./Libraries/board/clock_config.o
 .debug_frame   0x0000000000002010      0x264 ./CODE/TrackGet.o
 .debug_frame   0x0000000000002274       0x48 ./CODE/key.o
 .debug_frame   0x00000000000022bc       0x44 d:/mounriver/mounriver_studio/toolchain/risc-v embedded gcc/bin/../lib/gcc/riscv-none-embed/8.2.0/rv32imac/ilp32\libgcc.a(adddf3.o)
 .debug_frame   0x0000000000002300       0x54 d:/mounriver/mounriver_studio/toolchain/risc-v embedded gcc/bin/../lib/gcc/riscv-none-embed/8.2.0/rv32imac/ilp32\libgcc.a(muldf3.o)
 .debug_frame   0x0000000000002354       0x44 d:/mounriver/mounriver_studio/toolchain/risc-v embedded gcc/bin/../lib/gcc/riscv-none-embed/8.2.0/rv32imac/ilp32\libgcc.a(subdf3.o)
 .debug_frame   0x0000000000002398       0x20 d:/mounriver/mounriver_studio/toolchain/risc-v embedded gcc/bin/../lib/gcc/riscv-none-embed/8.2.0/rv32imac/ilp32\libgcc.a(fixdfsi.o)